 nmavatar_d

 Timestamp is 5d6e1e1b (Tue Sep  3 17:02:35 2019)

 Preferred load address is 10000000

 Start         Length     Name                   Class
 0001:00000000 00006f20H .text$di                CODE
 0001:00006f20 000602d0H .text$mn                CODE
 0001:000671f0 00003450H .text$x                 CODE
 0001:0006a640 00001510H .text$yd                CODE
 0002:00000000 00000104H .CRT$XCA                DATA
 0002:00000104 00000104H .CRT$XCL                DATA
 0002:00000208 00000194H .CRT$XCU                DATA
 0002:0000039c 00000104H .CRT$XCZ                DATA
 0002:000004a0 00000104H .CRT$XIA                DATA
 0002:000005a4 00000104H .CRT$XIC                DATA
 0002:000006a8 00000104H .CRT$XIZ                DATA
 0002:000007ac 00000004H .CRT$XLA                DATA
 0002:000007b0 00000004H .CRT$XLZ                DATA
 0002:000007b4 00000104H .CRT$XPA                DATA
 0002:000008b8 00000104H .CRT$XPZ                DATA
 0002:000009bc 00000104H .CRT$XTA                DATA
 0002:00000ac0 00000110H .CRT$XTZ                DATA
 0002:00000bd0 0000c608H .rdata                  DATA
 0002:0000d1d8 0000011cH .rdata$T                DATA
 0002:0000d2f4 000007dcH .rdata$r                DATA
 0002:0000dad0 00000358H .rdata$sxdata           DATA
 0002:0000de28 00000184H .rdata$zzzdbg           DATA
 0002:0000dfac 00000104H .rtc$IAA                DATA
 0002:0000e0b0 000001b8H .rtc$IMZ                DATA
 0002:0000e268 00000104H .rtc$IZZ                DATA
 0002:0000e36c 00000104H .rtc$TAA                DATA
 0002:0000e470 000001b8H .rtc$TMZ                DATA
 0002:0000e628 00000108H .rtc$TZZ                DATA
 0002:0000e730 00002078H .xdata$x                DATA
 0002:000107a8 00000104H ATL$__a                 DATA
 0002:000108ac 00000104H ATL$__z                 DATA
 0002:000109b0 00001158H .edata                  DATA
 0003:00000000 00000300H .data                   DATA
 0003:00000300 00000520H .data$r                 DATA
 0003:00000820 0000e034H .bss                    DATA
 0004:00000000 000007e0H .idata$5                DATA
 0004:000007e0 000000f0H .idata$2                DATA
 0004:000008d0 00000014H .idata$3                DATA
 0004:000008e4 000007e0H .idata$4                DATA
 0004:000010c4 00000f60H .idata$6                DATA
 0005:00000000 00000104H .tls                    DATA
 0005:00000104 00000104H .tls$                   DATA
 0005:00000208 00000101H .tls$ZZZ                DATA
 0006:00000000 00000104H .00cfg                  DATA
 0007:00000000 00000220H .rsrc$01                DATA
 0007:00000220 0000b736H .rsrc$02                DATA

  Address         Publics by Value              Rva+Base       Lib:Object

 0000:00000000       ___hybrid_code_map_count   00000000     <absolute>
 0000:00000000       ___hybrid_code_map         00000000     <absolute>
 0000:00000000       ___guard_longjmp_count     00000000     <absolute>
 0000:00000000       ___guard_fids_count        00000000     <absolute>
 0000:00000000       ___guard_longjmp_table     00000000     <absolute>
 0000:00000000       ___volatile_metadata       00000000     <absolute>
 0000:00000000       ___guard_fids_table        00000000     <absolute>
 0000:00000000       ___guard_iat_table         00000000     <absolute>
 0000:00000000       ___dynamic_value_reloc_table 00000000     <absolute>
 0000:00000000       ___enclave_config          00000000     <absolute>
 0000:00000000       ___hybrid_auxiliary_iat    00000000     <absolute>
 0000:00000000       ___guard_iat_count         00000000     <absolute>
 0000:0000002c       __tls_array                0000002c     <absolute>
 0000:0000007d       ___safe_se_handler_count   0000007d     <absolute>
 0000:00000100       ___guard_flags             00000100     <absolute>
 0000:00000000       ___ImageBase               10000000     <linker-defined>
 0001:00006f20       ??$CompareElements@V?$CStringT@DV?$StrTraitMFC_DLL@DV?$ChTraitsCRT@D@ATL@@@@@ATL@@PBD@@YGHPBV?$CStringT@DV?$StrTraitMFC_DLL@DV?$ChTraitsCRT@D@ATL@@@@@ATL@@PBQBD@Z 10007f20 f i Avatar.obj
 0001:00007040       ??0?$CTraceCategoryEx@$0CAAA@$0A@@ATL@@QAE@PBD@Z 10008040 f i Avatar.obj
 0001:000070a0       ??0?$CTraceCategoryEx@$0CAAAA@$0A@@ATL@@QAE@PBD@Z 100080a0 f i Avatar.obj
 0001:00007100       ??0CAssoc@?$CMap@V?$CStringT@DV?$StrTraitMFC_DLL@DV?$ChTraitsCRT@D@ATL@@@@@ATL@@PBDPAVCFileInfo@@AAPAV3@@@QAE@PBD@Z 10008100 f i Avatar.obj
 0001:00007160       ??0CAutoDestroy@AVATAR@NMBASE@@QAE@XZ 10008160 f i Avatar.obj
 0001:000071b0       ??0CAvatar@AVATAR@NMBASE@@QAE@ABV012@@Z 100081b0 f i Avatar.obj
 0001:00007260       ??0CAvatar@AVATAR@NMBASE@@QAE@XZ 10008260 f   Avatar.obj
 0001:000072c0       ??0CAvatarResource@AVATAR@NMBASE@@QAE@XZ 100082c0 f i Avatar.obj
 0001:00007320       ??0CPair@?$CMap@V?$CStringT@DV?$StrTraitMFC_DLL@DV?$ChTraitsCRT@D@ATL@@@@@ATL@@PBDPAVCFileInfo@@AAPAV3@@@IAE@PBD@Z 10008320 f i Avatar.obj
 0001:00007390       ??0CRegKey@ATL@@QAE@PAVCAtlTransactionManager@1@@Z 10008390 f i Avatar.obj
 0001:000073f0       ??1CAutoDestroy@AVATAR@NMBASE@@QAE@XZ 100083f0 f i Avatar.obj
 0001:00007480       ??1CAvatar@AVATAR@NMBASE@@UAE@XZ 10008480 f   Avatar.obj
 0001:00007510       ??1CAvatarResource@AVATAR@NMBASE@@UAE@XZ 10008510 f i Avatar.obj
 0001:000075a0       ??1CRegKey@ATL@@QAE@XZ     100085a0 f i Avatar.obj
 0001:000075f0       ??2@YAPAXIPAX@Z            100085f0 f i Avatar.obj
 0001:00007630       ??4CAvatar@AVATAR@NMBASE@@QAEAAV012@ABV012@@Z 10008630 f i Avatar.obj
 0001:00007710       ??8ATL@@YA_NABV?$CStringT@DV?$StrTraitMFC_DLL@DV?$ChTraitsCRT@D@ATL@@@@@0@PBD@Z 10008710 f i Avatar.obj
 0001:000077a0       ??A?$CMap@V?$CStringT@DV?$StrTraitMFC_DLL@DV?$ChTraitsCRT@D@ATL@@@@@ATL@@PBDPAVCFileInfo@@AAPAV3@@@QAEAAPAVCFileInfo@@PBD@Z 100087a0 f i Avatar.obj
 0001:00007960       ??_ECAvatar@AVATAR@NMBASE@@UAEPAXI@Z 10008960 f i Avatar.obj
 0001:00007a70       ??_GCAvatar@AVATAR@NMBASE@@UAEPAXI@Z 10008a70 f i Avatar.obj
 0001:00007af0       ??_GCAvatarResource@AVATAR@NMBASE@@UAEPAXI@Z 10008af0 f i Avatar.obj
 0001:00007af0       ??_ECAvatarResource@AVATAR@NMBASE@@UAEPAXI@Z 10008af0 f i Avatar.obj
 0001:00007b70       ?AfxAssertFailedLine@@YGHPBDH@Z 10008b70 f i Avatar.obj
 0001:00007c60       ?Clear@AVATAR@NMBASE@@YAXXZ 10008c60 f   Avatar.obj
 0001:00007ca0       ?ClearMember@CAvatar@AVATAR@NMBASE@@QAEXXZ 10008ca0 f   Avatar.obj
 0001:00007d40       ?ClearMember@CAvatarResource@AVATAR@NMBASE@@QAEXXZ 10008d40 f i Avatar.obj
 0001:00007e50       ?Close@CRegKey@ATL@@QAEJXZ 10008e50 f i Avatar.obj
 0001:00007ef0       ?Create@CAvatar@AVATAR@NMBASE@@QAEHHHPAF@Z 10008ef0 f   Avatar.obj
 0001:00007fc0       ?Create@CAvatar@AVATAR@NMBASE@@QAEHHHPAH@Z 10008fc0 f   Avatar.obj
 0001:00008090       ?Create@CAvatar@AVATAR@NMBASE@@QAEHPAF@Z 10009090 f   Avatar.obj
 0001:000080f0       ?Create@CAvatar@AVATAR@NMBASE@@QAEHPAH@Z 100090f0 f   Avatar.obj
 0001:00008150       ?Create@CAvatar@AVATAR@NMBASE@@QAEHXZ 10009150 f   Avatar.obj
 0001:000081b0       ?CreateAvatarResource@AVATAR@NMBASE@@YAIXZ 100091b0 f   Avatar.obj
 0001:00008310       ?CreateAvatarResource@CAvatar@AVATAR@NMBASE@@IAEIXZ 10009310 f   Avatar.obj
 0001:00008470       ?Destroy@CAvatar@AVATAR@NMBASE@@QAEXXZ 10009470 f   Avatar.obj
 0001:000084f0       ?Destroy@CAvatarResource@AVATAR@NMBASE@@QAEXXZ 100094f0 f i Avatar.obj
 0001:000085b0       ?DestroyAvatarDisplayDLL@AVATAR@NMBASE@@YAHXZ 100095b0 f   Avatar.obj
 0001:00008700       ?DestroyAvatarModule@CAutoDestroy@AVATAR@NMBASE@@QAEXXZ 10009700 f i Avatar.obj
 0001:00008750       ?DestroyAvatarResource@AVATAR@NMBASE@@YAHI@Z 10009750 f   Avatar.obj
 0001:00008840       ?DestroyAvatarResource@CAvatar@AVATAR@NMBASE@@IAEHI@Z 10009840 f   Avatar.obj
 0001:00008940       ?Draw@CAvatar@AVATAR@NMBASE@@QAEHHHJJPAXJHH@Z 10009940 f   Avatar.obj
 0001:000089f0       ?Draw@CAvatar@AVATAR@NMBASE@@QAEHHHPAUHDC__@@H@Z 100099f0 f   Avatar.obj
 0001:00008a80       ?DrawAvatarToDC@CAvatar@AVATAR@NMBASE@@IAEHHHIPAUHDC__@@H@Z 10009a80 f   Avatar.obj
 0001:00009160       ?DrawAvatarToDC_SmoothZoom@CAvatar@AVATAR@NMBASE@@IAEHHHIPAUHDC__@@HHKH@Z 1000a160 f   Avatar.obj
 0001:00009640       ?DrawAvatarToMemory@CAvatar@AVATAR@NMBASE@@IAEHHHIJJPAXJHH@Z 1000a640 f   Avatar.obj
 0001:00009800       ?DrawAvatarToPage@AVATAR@NMBASE@@YAHPAVCPage@@HHPAVCAvatarResource@12@HHH@Z 1000a800 f   Avatar.obj
 0001:00009f70       ?Draw_SmoothZoom@CAvatar@AVATAR@NMBASE@@QAEHHHPAUHDC__@@HHKH@Z 1000af70 f   Avatar.obj
 0001:0000a010       ?GetAssocAt@?$CMap@V?$CStringT@DV?$StrTraitMFC_DLL@DV?$ChTraitsCRT@D@ATL@@@@@ATL@@PBDPAVCFileInfo@@AAPAV3@@@IBEPAVCAssoc@1@PBDAAI1@Z 1000b010 f i Avatar.obj
 0001:0000a0f0       ?GetAvatarStatus@CAvatar@AVATAR@NMBASE@@SAPADXZ 1000b0f0 f   Avatar.obj
 0001:0000a140       ?GetAvatarStatusString@CAvatar@AVATAR@NMBASE@@KAPADXZ 1000b140 f   Avatar.obj
 0001:0000a6b0       ?GetBaseAvatarDir@AVATAR@NMBASE@@YAHPADH@Z 1000b6b0 f   Avatar.obj
 0001:0000aac0       ?GetCount@?$CMap@V?$CStringT@DV?$StrTraitMFC_DLL@DV?$ChTraitsCRT@D@ATL@@@@@ATL@@PBDPAVCSprFile@@AAPAV3@@@QBEHXZ 1000bac0 f i Avatar.obj
 0001:0000ab00       ?GetNextAssoc@?$CMap@V?$CStringT@DV?$StrTraitMFC_DLL@DV?$ChTraitsCRT@D@ATL@@@@@ATL@@PBDPAVCFileInfo@@AAPAV3@@@QBEXAAPAU__POSITION@@AAV?$CStringT@DV?$StrTraitMFC_DLL@DV?$ChTraitsCRT@D@ATL@@@@@ATL@@AAPAVCFileInfo@@@Z 1000bb00 f i Avatar.obj
 0001:0000adb0       ?GetStartPosition@?$CMap@V?$CStringT@DV?$StrTraitMFC_DLL@DV?$ChTraitsCRT@D@ATL@@@@@ATL@@PBDPAVCFileInfo@@AAPAV3@@@QBEPAU__POSITION@@XZ 1000bdb0 f i Avatar.obj
 0001:0000ae20       ?Init@AVATAR@NMBASE@@YAHPBD@Z 1000be20 f   Avatar.obj
 0001:0000aed0       ?Init@AVATAR@NMBASE@@YAHXZ 1000bed0 f   Avatar.obj
 0001:0000afe0       ?Init@CAutoDestroy@AVATAR@NMBASE@@QAEXXZ 1000bfe0 f i Avatar.obj
 0001:0000b020       ?InitAvatarDisplayDLL@AVATAR@NMBASE@@YAHPBD@Z 1000c020 f   Avatar.obj
 0001:0000b100       ?InitAvatarModule@AVATAR@NMBASE@@YAHXZ 1000c100 f   Avatar.obj
 0001:0000b150       ?InitAvatarModule_ForTest@AVATAR@NMBASE@@YAHPBD@Z 1000c150 f   Avatar.obj
 0001:0000b1a0       ?InitHashTable@?$CMap@V?$CStringT@DV?$StrTraitMFC_DLL@DV?$ChTraitsCRT@D@ATL@@@@@ATL@@PBDPAVCFileInfo@@AAPAV3@@@QAEXIH@Z 1000c1a0 f i Avatar.obj
 0001:0000b360       ?IsAvatarDownloading@CAvatar@AVATAR@NMBASE@@IAEHI@Z 1000c360 f   Avatar.obj
 0001:0000b460       ?IsAvatarDownloading@CAvatar@AVATAR@NMBASE@@QAEHXZ 1000c460 f   Avatar.obj
 0001:0000b4d0       ?Lock@CFileList@@QAEXXZ    1000c4d0 f i Avatar.obj
 0001:0000b530       ?NewAssoc@?$CMap@V?$CStringT@DV?$StrTraitMFC_DLL@DV?$ChTraitsCRT@D@ATL@@@@@ATL@@PBDPAVCFileInfo@@AAPAV3@@@IAEPAVCAssoc@1@PBD@Z 1000c530 f i Avatar.obj
 0001:0000b730       ?Open@CRegKey@ATL@@QAEJPAUHKEY__@@PBDK@Z 1000c730 f i Avatar.obj
 0001:0000b900       ?OpenLoadingSprite@AVATAR@NMBASE@@YAHPAVxSprite@@@Z 1000c900 f   Avatar.obj
 0001:0000bf30       ?OpenSprToLayer@AVATAR@NMBASE@@YAHPAULAYERINFO@12@HHH@Z 1000cf30 f   Avatar.obj
 0001:0000c010       ?PrepareMirror@CAvatar@AVATAR@NMBASE@@IAEXH@Z 1000d010 f   Avatar.obj
 0001:0000c0d0       ?PrepareResource@CAvatar@AVATAR@NMBASE@@IAEHIPAHH@Z 1000d0d0 f   Avatar.obj
 0001:0000c160       ?PrepareResource@CAvatar@AVATAR@NMBASE@@IAEHPAVCAvatarResource@23@PAHH@Z 1000d160 f   Avatar.obj
 0001:0000c290       ?PresetAvatarModuleSetSiteName@AVATAR@NMBASE@@YAXPBD@Z 1000d290 f   Avatar.obj
 0001:0000c2f0       ?QueryStringValue@CRegKey@ATL@@QAEJPBDPADPAK@Z 1000d2f0 f i Avatar.obj
 0001:0000c500       ?RegOpenKeyExA@CAtlTransactionManager@ATL@@QAEJPAUHKEY__@@PBDKKPAPAU3@@Z 1000d500 f i Avatar.obj
 0001:0000c670       ?RegisterCategory@CTrace@ATL@@SAXPBDI@Z 1000d670 f i Avatar.obj
 0001:0000c800       ?ResetAnimation@CAvatar@AVATAR@NMBASE@@QAEHXZ 1000d800 f   Avatar.obj
 0001:0000c870       ?ResetAvatarAnimation@CAvatar@AVATAR@NMBASE@@IAEHI@Z 1000d870 f   Avatar.obj
 0001:0000c930       ?SetAnimationTime@CAvatar@AVATAR@NMBASE@@QAEHG@Z 1000d930 f   Avatar.obj
 0001:0000c9a0       ?SetAvatar@CAvatar@AVATAR@NMBASE@@QAEHPAF@Z 1000d9a0 f   Avatar.obj
 0001:0000ca40       ?SetAvatar@CAvatar@AVATAR@NMBASE@@QAEHPAH@Z 1000da40 f   Avatar.obj
 0001:0000cae0       ?SetAvatarAnimationTime@CAvatar@AVATAR@NMBASE@@IAEHIG@Z 1000dae0 f   Avatar.obj
 0001:0000cb90       ?SetAvatarBackBitmap@CAvatar@AVATAR@NMBASE@@IAEHIPAUHBITMAP__@@HH@Z 1000db90 f   Avatar.obj
 0001:0000cc50       ?SetAvatarInt@CAvatar@AVATAR@NMBASE@@IAEHIPAH@Z 1000dc50 f   Avatar.obj
 0001:0000cd70       ?SetAvatarOffset@CAvatar@AVATAR@NMBASE@@IAEHIHH@Z 1000dd70 f   Avatar.obj
 0001:0000ce10       ?SetAvatarSize@CAvatar@AVATAR@NMBASE@@IAEHIHH@Z 1000de10 f   Avatar.obj
 0001:0000ceb0       ?SetAvatarUnsignedShort@CAvatar@AVATAR@NMBASE@@IAEHIPAG@Z 1000deb0 f   Avatar.obj
 0001:0000cfd0       ?SetBackBitmap@CAvatar@AVATAR@NMBASE@@QAEHPAUHBITMAP__@@HH@Z 1000dfd0 f   Avatar.obj
 0001:0000d050       ?SetBackgroundVisible@CAvatar@AVATAR@NMBASE@@IAEHIH@Z 1000e050 f   Avatar.obj
 0001:0000d0e0       ?SetBackgroundVisible@CAvatar@AVATAR@NMBASE@@QAEHH@Z 1000e0e0 f   Avatar.obj
 0001:0000d150       ?SetBaseAvatarDir@AVATAR@NMBASE@@YAHPAD@Z 1000e150 f   Avatar.obj
 0001:0000d1c0       ?SetForceAvatar@CAvatar@AVATAR@NMBASE@@IAEHIPAFH@Z 1000e1c0 f   Avatar.obj
 0001:0000d360       ?SetForceAvatar@CAvatar@AVATAR@NMBASE@@IAEHIPAHH@Z 1000e360 f   Avatar.obj
 0001:0000d500       ?SetForceAvatar@CAvatar@AVATAR@NMBASE@@QAEHPAFH@Z 1000e500 f   Avatar.obj
 0001:0000d5b0       ?SetForceAvatar@CAvatar@AVATAR@NMBASE@@QAEHPAHH@Z 1000e5b0 f   Avatar.obj
 0001:0000d660       ?SetOffset@CAvatar@AVATAR@NMBASE@@QAEHHH@Z 1000e660 f   Avatar.obj
 0001:0000d6e0       ?SetSize@CAvatar@AVATAR@NMBASE@@QAEHHH@Z 1000e6e0 f   Avatar.obj
 0001:0000d760       ?SetSmallAvatar@CAvatar@AVATAR@NMBASE@@IAEHIPAF@Z 1000e760 f   Avatar.obj
 0001:0000d7c0       ?SetSmallAvatar@CAvatar@AVATAR@NMBASE@@IAEHIPAH@Z 1000e7c0 f   Avatar.obj
 0001:0000db90       ?SetSmallAvatar@CAvatar@AVATAR@NMBASE@@QAEHPAF@Z 1000eb90 f   Avatar.obj
 0001:0000dc20       ?SetSmallAvatar@CAvatar@AVATAR@NMBASE@@QAEHPAH@Z 1000ec20 f   Avatar.obj
 0001:0000dcb0       ?SetSmallAvatarEx@CAvatar@AVATAR@NMBASE@@IAEHIPAG@Z 1000ecb0 f   Avatar.obj
 0001:0000e090       ?Unlock@CFileList@@QAEXXZ  1000f090 f i Avatar.obj
 0001:0000e100       ?__empty_global_delete@@YAXPAX@Z 1000f100 f i Avatar.obj
 0001:0000e130       ?__empty_global_delete@@YAXPAXI@Z 1000f130 f i Avatar.obj
 0001:0000e130       ?__global_delete@@YAXPAXI@Z 1000f130 f i Avatar.obj
 0001:0000e160       ?data@CPlex@@QAEPAXXZ      1000f160 f i Avatar.obj
 0001:0000e1a0       ?raw_SetAvatar@CAvatar@AVATAR@NMBASE@@IAEHIPAH@Z 1000f1a0 f   Avatar.obj
 0001:0000e620       ___local_stdio_printf_options 1000f620 f i Avatar.obj
 0001:0000e660       __vswprintf_s_l            1000f660 f i Avatar.obj
 0001:0000e710       _swprintf_s                1000f710 f i Avatar.obj
 0001:0000e790       ??$AtlMultiply@I@ATL@@YAJPAIII@Z 1000f790 f i DownThread.obj
 0001:0000e810       ??0?$CHeapPtr@DVCCRTAllocator@ATL@@@ATL@@QAE@XZ 1000f810 f i DownThread.obj
 0001:0000e870       ??0?$CHeapPtr@GVCCRTAllocator@ATL@@@ATL@@QAE@XZ 1000f870 f i DownThread.obj
 0001:0000e8d0       ??0?$CHeapPtrBase@DVCCRTAllocator@ATL@@@ATL@@IAE@XZ 1000f8d0 f i DownThread.obj
 0001:0000e920       ??0?$CHeapPtrBase@GVCCRTAllocator@ATL@@@ATL@@IAE@XZ 1000f920 f i DownThread.obj
 0001:0000e970       ??0CDownThread@@QAE@XZ     1000f970 f   DownThread.obj
 0001:0000ea60       ??0CPreserveLastError@ATL@@QAE@XZ 1000fa60 f i DownThread.obj
 0001:0000ead0       ??0CTime@ATL@@QAE@ABU_SYSTEMTIME@@H@Z 1000fad0 f i DownThread.obj
 0001:0000ec10       ??0CTime@ATL@@QAE@HHHHHHH@Z 1000fc10 f i DownThread.obj
 0001:0000f160       ??0CTime@ATL@@QAE@_J@Z     10010160 f i DownThread.obj
 0001:0000f1b0       ??0CTraceFileAndLineInfo@ATL@@QAE@PBDH@Z 100101b0 f i DownThread.obj
 0001:0000f200       ??1?$CHeapPtr@DVCCRTAllocator@ATL@@@ATL@@QAE@XZ 10010200 f i DownThread.obj
 0001:0000f250       ??1?$CHeapPtr@GVCCRTAllocator@ATL@@@ATL@@QAE@XZ 10010250 f i DownThread.obj
 0001:0000f2a0       ??1?$CHeapPtrBase@DVCCRTAllocator@ATL@@@ATL@@QAE@XZ 100102a0 f i DownThread.obj
 0001:0000f2f0       ??1?$CHeapPtrBase@GVCCRTAllocator@ATL@@@ATL@@QAE@XZ 100102f0 f i DownThread.obj
 0001:0000f340       ??1CDownThread@@QAE@XZ     10010340 f   DownThread.obj
 0001:0000f400       ??1CPreserveLastError@ATL@@QAE@XZ 10010400 f i DownThread.obj
 0001:0000f460       ??9CTime@ATL@@QBE_NV01@@Z  10010460 f i DownThread.obj
 0001:0000f4f0       ??B?$CHeapPtrBase@DVCCRTAllocator@ATL@@@ATL@@QBEPADXZ 100104f0 f i DownThread.obj
 0001:0000f530       ??B?$CHeapPtrBase@GVCCRTAllocator@ATL@@@ATL@@QBEPAGXZ 10010530 f i DownThread.obj
 0001:0000f570       ??B?$CTraceCategoryEx@$0CAAA@$0A@@ATL@@QAEIXZ 10010570 f i DownThread.obj
 0001:0000f5b0       ??RCTraceFileAndLineInfo@ATL@@QBAXHIPBDZZ 100105b0 f i DownThread.obj
 0001:0000f6c0       ?Allocate@?$CHeapPtr@DVCCRTAllocator@ATL@@@ATL@@QAE_NI@Z 100106c0 f i DownThread.obj
 0001:0000f780       ?Allocate@?$CHeapPtr@GVCCRTAllocator@ATL@@@ATL@@QAE_NI@Z 10010780 f i DownThread.obj
 0001:0000f840       ?Allocate@CCRTAllocator@ATL@@SAPAXI@Z 10010840 f i DownThread.obj
 0001:0000f8a0       ?AllocateBytes@?$CHeapPtrBase@DVCCRTAllocator@ATL@@@ATL@@QAE_NI@Z 100108a0 f i DownThread.obj
 0001:0000f960       ?AllocateBytes@?$CHeapPtrBase@GVCCRTAllocator@ATL@@@ATL@@QAE_NI@Z 10010960 f i DownThread.obj
 0001:0000fa20       ?AtlThrowImpl@ATL@@YGXJ@Z  10010a20 f i DownThread.obj
 0001:0000fad0       ?CheckDownloadTimeOut@CDownThread@@QAEHXZ 10010ad0 f   DownThread.obj
 0001:0000fb60       ?ClearMember@CDownThread@@QAEXXZ 10010b60 f   DownThread.obj
 0001:0000fbf0       ?CreateThread@CDownThread@@QAEHPBDPAVCFileList@@@Z 10010bf0 f   DownThread.obj
 0001:0000fcf0       ?Destroy@CDownThread@@QAEXXZ 10010cf0 f   DownThread.obj
 0001:0000fd50       ?DoThreadLoop@CDownThread@@QAEIXZ 10010d50 f   DownThread.obj
 0001:00010d20       ?DownThreadFunc@CDownThread@@SAIPAX@Z 10011d20 f   DownThread.obj
 0001:00010d70       ?Free@?$CHeapPtrBase@DVCCRTAllocator@ATL@@@ATL@@QAEXXZ 10011d70 f i DownThread.obj
 0001:00010de0       ?Free@?$CHeapPtrBase@GVCCRTAllocator@ATL@@@ATL@@QAEXXZ 10011de0 f i DownThread.obj
 0001:00010e50       ?Free@CCRTAllocator@ATL@@SAXPAX@Z 10011e50 f i DownThread.obj
 0001:00010eb0       ?GetCategoryName@CTrace@ATL@@CAPAGI@Z 10011eb0 f i DownThread.obj
 0001:00010f30       ?GetFullSprFileName@CDownThread@@QAE?AV?$CStringT@DV?$StrTraitMFC_DLL@DV?$ChTraitsCRT@D@ATL@@@@@ATL@@HHH@Z 10011f30 f   DownThread.obj
 0001:00010fe0       ?GetFullSprFolderName@CDownThread@@QAE?AV?$CStringT@DV?$StrTraitMFC_DLL@DV?$ChTraitsCRT@D@ATL@@@@@ATL@@HH@Z 10011fe0 f   DownThread.obj
 0001:00011080       ?GetLastModifiedDate@CFileTag@@QAE?AU_SYSTEMTIME@@XZ 10012080 f i DownThread.obj
 0001:000110f0       ?GetRemoteDownFileName@CDownThread@@QAE?AV?$CStringT@DV?$StrTraitMFC_DLL@DV?$ChTraitsCRT@D@ATL@@@@@ATL@@HHH@Z 100120f0 f   DownThread.obj
 0001:000111c0       ?RecreateThread@CDownThread@@QAEHXZ 100121c0 f   DownThread.obj
 0001:00011320       ?TerminateThread@CDownThread@@QAEHXZ 10012320 f   DownThread.obj
 0001:00011430       ?TraceV@CTrace@ATL@@CAXPBDHIIPBG@Z 10012430 f i DownThread.obj
 0001:00011770       ?TraceV@CTrace@ATL@@SAXPBDHII0PAD@Z 10012770 f i DownThread.obj
 0001:00011a20       _HRESULT_FROM_WIN32        10012a20 f i DownThread.obj
 0001:00011a90       __vscprintf                10012a90 f i DownThread.obj
 0001:00011af0       __vscprintf_l              10012af0 f i DownThread.obj
 0001:00011ba0       __vsnprintf_s              10012ba0 f i DownThread.obj
 0001:00011c10       __vsnprintf_s_l            10012c10 f i DownThread.obj
 0001:00011cc0       ??0CFileStatus@@QAE@XZ     10012cc0 f i ExtractFile.obj
 0001:00011d30       ??0CTime@ATL@@QAE@XZ       10012d30 f i ExtractFile.obj
 0001:00011d80       ??0EXTRACT_NOTIFY@@QAE@XZ  10012d80 f i ExtractFile.obj
 0001:00011e00       ??0unz_file_info@@QAE@XZ   10012e00 f i ExtractFile.obj
 0001:00011e60       ??1EXTRACT_NOTIFY@@QAE@XZ  10012e60 f i ExtractFile.obj
 0001:00011ee0       ??HATL@@YA?AV?$CStringT@DV?$StrTraitMFC_DLL@DV?$ChTraitsCRT@D@ATL@@@@@0@ABV10@PBD@Z 10012ee0 f i ExtractFile.obj
 0001:00012090       ?BeginExtractThread@@YAHPAUHWND__@@@Z 10013090 f   ExtractFile.obj
 0001:000121b0       ?GetZipFileSize@@YAHPBDPAI1@Z 100131b0 f   ExtractFile.obj
 0001:000123e0       ?TerminateExtractThread@@YAHXZ 100133e0 f   ExtractFile.obj
 0001:000124b0       ?UnzipFile@@YAHPAUHWND__@@PBD1@Z 100134b0 f   ExtractFile.obj
 0001:00012f80       ??$DumpElements@PAVCFileInfo@@@@YGXAAVCDumpContext@@PBQAVCFileInfo@@H@Z 10013f80 f i FileList.obj
 0001:00013070       ??$DumpElements@V?$CStringT@DV?$StrTraitMFC_DLL@DV?$ChTraitsCRT@D@ATL@@@@@ATL@@@@YGXAAVCDumpContext@@PBV?$CStringT@DV?$StrTraitMFC_DLL@DV?$ChTraitsCRT@D@ATL@@@@@ATL@@H@Z 10014070 f i FileList.obj
 0001:00013160       ??$SerializeElements@PAVCFileInfo@@@@YGXAAVCArchive@@PAPAVCFileInfo@@H@Z 10014160 f i FileList.obj
 0001:00013350       ??0?$CMap@V?$CStringT@DV?$StrTraitMFC_DLL@DV?$ChTraitsCRT@D@ATL@@@@@ATL@@PBDPAVCFileInfo@@AAPAV3@@@QAE@H@Z 10014350 f i FileList.obj
 0001:00013460       ??0CFileInfo@@QAE@XZ       10014460 f   FileList.obj
 0001:000134f0       ??0CFileList@@QAE@XZ       100144f0 f   FileList.obj
 0001:000135c0       ??0CSprFile@@QAE@XZ        100145c0 f   FileList.obj
 0001:000136e0       ??1?$CMap@V?$CStringT@DV?$StrTraitMFC_DLL@DV?$ChTraitsCRT@D@ATL@@@@@ATL@@PBDPAVCFileInfo@@AAPAV3@@@UAE@XZ 100146e0 f i FileList.obj
 0001:000137a0       ??1CAssoc@?$CMap@V?$CStringT@DV?$StrTraitMFC_DLL@DV?$ChTraitsCRT@D@ATL@@@@@ATL@@PBDPAVCFileInfo@@AAPAV3@@@QAE@XZ 100147a0 f i FileList.obj
 0001:000137f0       ??1CFileInfo@@QAE@XZ       100147f0 f   FileList.obj
 0001:00013850       ??1CFileList@@QAE@XZ       10014850 f   FileList.obj
 0001:00013910       ??1CPair@?$CMap@V?$CStringT@DV?$StrTraitMFC_DLL@DV?$ChTraitsCRT@D@ATL@@@@@ATL@@PBDPAVCFileInfo@@AAPAV3@@@QAE@XZ 10014910 f i FileList.obj
 0001:00013970       ??1CSprFile@@QAE@XZ        10014970 f   FileList.obj
 0001:00013a50       ??_E?$CMap@V?$CStringT@DV?$StrTraitMFC_DLL@DV?$ChTraitsCRT@D@ATL@@@@@ATL@@PBDPAVCFileInfo@@AAPAV3@@@UAEPAXI@Z 10014a50 f i FileList.obj
 0001:00013a50       ??_G?$CMap@V?$CStringT@DV?$StrTraitMFC_DLL@DV?$ChTraitsCRT@D@ATL@@@@@ATL@@PBDPAVCFileInfo@@AAPAV3@@@UAEPAXI@Z 10014a50 f i FileList.obj
 0001:00013ae0       ??_GCFileInfo@@QAEPAXI@Z   10014ae0 f i FileList.obj
 0001:00013b50       ?Add@CFileList@@QAEPAVCFileInfo@@HHHHPAVCSprFile@@@Z 10014b50 f   FileList.obj
 0001:00013e00       ?AssertValid@?$CMap@V?$CStringT@DV?$StrTraitMFC_DLL@DV?$ChTraitsCRT@D@ATL@@@@@ATL@@PBDPAVCFileInfo@@AAPAV3@@@UBEXXZ 10014e00 f i FileList.obj
 0001:00013eb0       ?Delete@CFileList@@QAEHHHH@Z 10014eb0 f   FileList.obj
 0001:00014120       ?Delete@CFileList@@QAEHPAVCFileInfo@@@Z 10015120 f   FileList.obj
 0001:000141a0       ?Destroy@CFileList@@QAEXXZ 100151a0 f   FileList.obj
 0001:00014360       ?Dump@?$CMap@V?$CStringT@DV?$StrTraitMFC_DLL@DV?$ChTraitsCRT@D@ATL@@@@@ATL@@PBDPAVCFileInfo@@AAPAV3@@@UBEXAAVCDumpContext@@@Z 10015360 f i FileList.obj
 0001:00014580       ?Find@CFileList@@QAEPAVCFileInfo@@HHH@Z 10015580 f   FileList.obj
 0001:00014710       ?FreeAssoc@?$CMap@V?$CStringT@DV?$StrTraitMFC_DLL@DV?$ChTraitsCRT@D@ATL@@@@@ATL@@PBDPAVCFileInfo@@AAPAV3@@@IAEXPAVCAssoc@1@@Z 10015710 f i FileList.obj
 0001:000147d0       ?GetFirst@CFileList@@QAEPAVCFileInfo@@XZ 100157d0 f   FileList.obj
 0001:00014950       ?GetFullpathOfDownFile@@YA?AV?$CStringT@DV?$StrTraitMFC_DLL@DV?$ChTraitsCRT@D@ATL@@@@@ATL@@PBDHH@Z 10015950 f   FileList.obj
 0001:00014ab0       ?GetFullpathOfSprFile@@YA?AV?$CStringT@DV?$StrTraitMFC_DLL@DV?$ChTraitsCRT@D@ATL@@@@@ATL@@PBDHHH@Z 10015ab0 f   FileList.obj
 0001:00014c50       ?GetFullpathOfSprFolder@@YA?AV?$CStringT@DV?$StrTraitMFC_DLL@DV?$ChTraitsCRT@D@ATL@@@@@ATL@@PBDHH@Z 10015c50 f   FileList.obj
 0001:00014de0       ?GetMapKeyName@@YA?AV?$CStringT@DV?$StrTraitMFC_DLL@DV?$ChTraitsCRT@D@ATL@@@@@ATL@@HHH@Z 10015de0 f   FileList.obj
 0001:00014f70       ?Init@CFileList@@QAEXPBD@Z 10015f70 f   FileList.obj
 0001:00014fe0       ?LoadSprite@CSprFile@@QAEHPBD@Z 10015fe0 f   FileList.obj
 0001:00015120       ?Lookup@?$CMap@V?$CStringT@DV?$StrTraitMFC_DLL@DV?$ChTraitsCRT@D@ATL@@@@@ATL@@PBDPAVCFileInfo@@AAPAV3@@@QBEHPBDAAPAVCFileInfo@@@Z 10016120 f i FileList.obj
 0001:00015220       ?RemoveAll@?$CMap@V?$CStringT@DV?$StrTraitMFC_DLL@DV?$ChTraitsCRT@D@ATL@@@@@ATL@@PBDPAVCFileInfo@@AAPAV3@@@QAEXXZ 10016220 f i FileList.obj
 0001:00015350       ?RemoveKey@?$CMap@V?$CStringT@DV?$StrTraitMFC_DLL@DV?$ChTraitsCRT@D@ATL@@@@@ATL@@PBDPAVCFileInfo@@AAPAV3@@@QAEHPBD@Z 10016350 f i FileList.obj
 0001:00015470       ?Serialize@?$CMap@V?$CStringT@DV?$StrTraitMFC_DLL@DV?$ChTraitsCRT@D@ATL@@@@@ATL@@PBDPAVCFileInfo@@AAPAV3@@@UAEXAAVCArchive@@@Z 10016470 f i FileList.obj
 0001:00015750       ?SetAt@?$CMap@V?$CStringT@DV?$StrTraitMFC_DLL@DV?$ChTraitsCRT@D@ATL@@@@@ATL@@PBDPAVCFileInfo@@AAPAV3@@@QAEXPBDAAPAVCFileInfo@@@Z 10016750 f i FileList.obj
 0001:000157b0       ??0CFileTag@@QAE@XZ        100167b0 f   FileTag.obj
 0001:00015810       ??0CTimeSpan@ATL@@QAE@XZ   10016810 f i FileTag.obj
 0001:00015860       ??0CTimeSpan@ATL@@QAE@_J@Z 10016860 f i FileTag.obj
 0001:000158b0       ??1CFileTag@@QAE@XZ        100168b0 f   FileTag.obj
 0001:000158f0       ??GCTime@ATL@@QBE?AVCTimeSpan@1@V01@@Z 100168f0 f i FileTag.obj
 0001:00015960       ?ClearMember@CFileTag@@QAEXXZ 10016960 f   FileTag.obj
 0001:000159d0       ?GetAsSystemTime@CTime@ATL@@QBE_NAAU_SYSTEMTIME@@@Z 100169d0 f i FileTag.obj
 0001:00015b20       ?GetLocalTm@CTime@ATL@@QBEPAUtm@@PAU3@@Z 10016b20 f i FileTag.obj
 0001:00015cb0       ?GetTickCount@CTime@ATL@@SG?AV12@XZ 10016cb0 f i FileTag.obj
 0001:00015d20       ?GetTotalHours@CTimeSpan@ATL@@QBE_JXZ 10016d20 f i FileTag.obj
 0001:00015d80       ?IsCheckExpired@CFileTag@@QAEHXZ 10016d80 f   FileTag.obj
 0001:00015f40       ?ReadTag@CFileTag@@QAEHPBD@Z 10016f40 f   FileTag.obj
 0001:00016160       ?WriteTag@CFileTag@@QAEHPBDU_SYSTEMTIME@@@Z 10017160 f   FileTag.obj
 0001:00016550       ??0CGetHttp@@QAE@XZ        10017550 f   GetHttp.obj
 0001:000166e0       ??0GETHTTP_NOTIFY@@QAE@XZ  100176e0 f i GetHttp.obj
 0001:00016750       ??1AFX_EXCEPTION_LINK@@QAE@XZ 10017750 f i GetHttp.obj
 0001:000167d0       ??1CGetHttp@@UAE@XZ        100177d0 f   GetHttp.obj
 0001:00016930       ??1GETHTTP_NOTIFY@@QAE@XZ  10017930 f i GetHttp.obj
 0001:00016990       ??HATL@@YA?AV?$CStringT@DV?$StrTraitMFC_DLL@DV?$ChTraitsCRT@D@ATL@@@@@0@PBDABV10@@Z 10017990 f i GetHttp.obj
 0001:00016b40       ??_ECGetHttp@@UAEPAXI@Z    10017b40 f i GetHttp.obj
 0001:00016b40       ??_GCGetHttp@@UAEPAXI@Z    10017b40 f i GetHttp.obj
 0001:00016bb0       ?ClearMember@CGetHttp@@QAEXXZ 10017bb0 f   GetHttp.obj
 0001:00016ce0       ?CloseAllHandles@CGetHttp@@QAEXXZ 10017ce0 f   GetHttp.obj
 0001:00016e10       ?Destroy@CGetHttp@@QAEXXZ  10017e10 f   GetHttp.obj
 0001:00016e70       ?GetFile@CGetHttp@@QAEHPAUHWND__@@V?$CStringT@DV?$StrTraitMFC_DLL@DV?$ChTraitsCRT@D@ATL@@@@@ATL@@1@Z 10017e70 f   GetHttp.obj
 0001:00018650       ?GetFileLastModifiedDate@CGetHttp@@QAEHV?$CStringT@DV?$StrTraitMFC_DLL@DV?$ChTraitsCRT@D@ATL@@@@@ATL@@PAU_SYSTEMTIME@@@Z 10019650 f   GetHttp.obj
 0001:00018b00       ?GetFileSize@CGetHttp@@QAEHV?$CStringT@DV?$StrTraitMFC_DLL@DV?$ChTraitsCRT@D@ATL@@@@@ATL@@PAH@Z 10019b00 f   GetHttp.obj
 0001:00019050       ?GetFileStatusCode@CGetHttp@@QAEHV?$CStringT@DV?$StrTraitMFC_DLL@DV?$ChTraitsCRT@D@ATL@@@@@ATL@@PAH@Z 1001a050 f   GetHttp.obj
 0001:000195a0       ?GetFileToMemory@CGetHttp@@QAEHPAUHWND__@@V?$CStringT@DV?$StrTraitMFC_DLL@DV?$ChTraitsCRT@D@ATL@@@@@ATL@@PAPAXPAK@Z 1001a5a0 f   GetHttp.obj
 0001:0001a730       ?SetAccessRight@CGetHttp@@QAEHV?$CStringT@DV?$StrTraitMFC_DLL@DV?$ChTraitsCRT@D@ATL@@@@@ATL@@0@Z 1001b730 f   GetHttp.obj
 0001:0001a8d0       ??A?$vector@UTFrame@CPictureEx@@V?$allocator@UTFrame@CPictureEx@@@std@@@std@@QAEAAUTFrame@CPictureEx@@I@Z 1001b8d0 f i Gif2Spr.obj
 0001:0001a9c0       ?ConvertGif2Spr@@YAHPADPAVxSprite@@H@Z 1001b9c0 f   Gif2Spr.obj
 0001:0001ab40       ?ConvertGif2SprFile@@YAHPAD0H@Z 1001bb40 f   Gif2Spr.obj
 0001:0001aca0       ?ConvertGif2SprFromMemory@@YAHPAXKPAVxSprite@@H@Z 1001bca0 f   Gif2Spr.obj
 0001:0001ae40       ?_Get_data@?$_Vector_alloc@U?$_Vec_base_types@UTFrame@CPictureEx@@V?$allocator@UTFrame@CPictureEx@@@std@@@std@@@std@@QAEAAV?$_Vector_val@U?$_Simple_types@UTFrame@CPictureEx@@@std@@@2@XZ 1001be40 f i Gif2Spr.obj
 0001:0001ae90       ?_Get_data@?$_Vector_alloc@U?$_Vec_base_types@UTFrame@CPictureEx@@V?$allocator@UTFrame@CPictureEx@@@std@@@std@@@std@@QBEABV?$_Vector_val@U?$_Simple_types@UTFrame@CPictureEx@@@std@@@2@XZ 1001be90 f i Gif2Spr.obj
 0001:0001aee0       ?_Get_second@?$_Compressed_pair@V?$allocator@UTFrame@CPictureEx@@@std@@V?$_Vector_val@U?$_Simple_types@UTFrame@CPictureEx@@@std@@@2@$00@std@@QAEAAV?$_Vector_val@U?$_Simple_types@UTFrame@CPictureEx@@@std@@@2@XZ 1001bee0 f i Gif2Spr.obj
 0001:0001af20       ?_Get_second@?$_Compressed_pair@V?$allocator@UTFrame@CPictureEx@@@std@@V?$_Vector_val@U?$_Simple_types@UTFrame@CPictureEx@@@std@@@2@$00@std@@QBEABV?$_Vector_val@U?$_Simple_types@UTFrame@CPictureEx@@@std@@@2@XZ 1001bf20 f i Gif2Spr.obj
 0001:0001af60       ?_Gif2Spr@@YAHAAVCPictureEx@@PAVxSprite@@H@Z 1001bf60 f   Gif2Spr.obj
 0001:0001bba0       ?_Myfirst@?$_Vector_alloc@U?$_Vec_base_types@UTFrame@CPictureEx@@V?$allocator@UTFrame@CPictureEx@@@std@@@std@@@std@@QAEAAPAUTFrame@CPictureEx@@XZ 1001cba0 f i Gif2Spr.obj
 0001:0001bc00       ?_Myfirst@?$_Vector_alloc@U?$_Vec_base_types@UTFrame@CPictureEx@@V?$allocator@UTFrame@CPictureEx@@@std@@@std@@@std@@QBEABQAUTFrame@CPictureEx@@XZ 1001cc00 f i Gif2Spr.obj
 0001:0001bc60       ?_Mylast@?$_Vector_alloc@U?$_Vec_base_types@UTFrame@CPictureEx@@V?$allocator@UTFrame@CPictureEx@@@std@@@std@@@std@@QBEABQAUTFrame@CPictureEx@@XZ 1001cc60 f i Gif2Spr.obj
 0001:0001bcc0       ?size@?$vector@UTFrame@CPictureEx@@V?$allocator@UTFrame@CPictureEx@@@std@@@std@@QBEIXZ 1001ccc0 f i Gif2Spr.obj
 0001:0001bd30       ??HATL@@YA?AV?$CStringT@DV?$StrTraitMFC_DLL@DV?$ChTraitsCRT@D@ATL@@@@@0@ABV10@0@Z 1001cd30 f i MyMisc.obj
 0001:0001bef0       ?CreateMultipleDirectory@@YAHV?$CStringT@DV?$StrTraitMFC_DLL@DV?$ChTraitsCRT@D@ATL@@@@@ATL@@@Z 1001cef0 f   MyMisc.obj
 0001:0001c490       ?RemoveDirectoryAll@@YAJV?$CStringT@DV?$StrTraitMFC_DLL@DV?$ChTraitsCRT@D@ATL@@@@@ATL@@H@Z 1001d490 f   MyMisc.obj
 0001:0001cd80       ??$?0$$V@?$_Compressed_pair@V?$allocator@UTFrame@CPictureEx@@@std@@V?$_Vector_val@U?$_Simple_types@UTFrame@CPictureEx@@@std@@@2@$00@std@@QAE@U_Zero_then_variadic_args_t@1@@Z 1001dd80 f i PictureEx.obj
 0001:0001cde0       ??$?0UTFrame@CPictureEx@@@?$allocator@U_Container_proxy@std@@@std@@QAE@ABV?$allocator@UTFrame@CPictureEx@@@1@@Z 1001dde0 f i PictureEx.obj
 0001:0001ce20       ??$_Allocate@$07U_Default_allocate_traits@std@@$0A@@std@@YAPAXI@Z 1001de20 f i PictureEx.obj
 0001:0001cea0       ??$_Allocate_manually_vector_aligned@U_Default_allocate_traits@std@@@std@@YAPAXI@Z 1001dea0 f i PictureEx.obj
 0001:0001cfd0       ??$_Copy_memmove@PAUTFrame@CPictureEx@@PAU12@@std@@YAPAUTFrame@CPictureEx@@PAU12@00@Z 1001dfd0 f i PictureEx.obj
 0001:0001d050       ??$_Deallocate@$07$0A@@std@@YAXPAXI@Z 1001e050 f i PictureEx.obj
 0001:0001d0d0       ??$_Deallocate_plain@V?$allocator@U_Container_proxy@std@@@std@@$0A@@std@@YAXAAV?$allocator@U_Container_proxy@std@@@0@QAU_Container_proxy@0@@Z 1001e0d0 f i PictureEx.obj
 0001:0001d130       ??$_Destroy_range1@V?$allocator@UTFrame@CPictureEx@@@std@@@std@@YAXPAUTFrame@CPictureEx@@0AAV?$allocator@UTFrame@CPictureEx@@@0@U?$integral_constant@_N$00@0@@Z 1001e130 f i PictureEx.obj
 0001:0001d160       ??$_Destroy_range@V?$allocator@UTFrame@CPictureEx@@@std@@@std@@YAXPAUTFrame@CPictureEx@@0AAV?$allocator@UTFrame@CPictureEx@@@0@@Z 1001e160 f i PictureEx.obj
 0001:0001d1d0       ??$_Emplace_back_with_unused_capacity@ABUTFrame@CPictureEx@@@?$vector@UTFrame@CPictureEx@@V?$allocator@UTFrame@CPictureEx@@@std@@@std@@AAE@ABUTFrame@CPictureEx@@@Z 1001e1d0 f i PictureEx.obj
 0001:0001d2c0       ??$_Emplace_reallocate@ABUTFrame@CPictureEx@@@?$vector@UTFrame@CPictureEx@@V?$allocator@UTFrame@CPictureEx@@@std@@@std@@QAEPAUTFrame@CPictureEx@@QAU23@ABU23@@Z 1001e2c0 f i PictureEx.obj
 0001:0001d550       ??$_Get_size_of_n@$07@std@@YAII@Z 1001e550 f i PictureEx.obj
 0001:0001d5b0       ??$_Get_size_of_n@$0BM@@std@@YAII@Z 1001e5b0 f i PictureEx.obj
 0001:0001d610       ??$_Get_unwrapped@UTFrame@CPictureEx@@@std@@YAPAUTFrame@CPictureEx@@QAU12@@Z 1001e610 f i PictureEx.obj
 0001:0001d650       ??$_Get_unwrapped_n@UTFrame@CPictureEx@@H$0A@@std@@YAPAUTFrame@CPictureEx@@QAU12@H@Z 1001e650 f i PictureEx.obj
 0001:0001d690       ??$_Idl_distance1@PAUTFrame@CPictureEx@@PAU12@@std@@YAHABQAUTFrame@CPictureEx@@0Urandom_access_iterator_tag@0@@Z 1001e690 f i PictureEx.obj
 0001:0001d6e0       ??$_Idl_distance@PAUTFrame@CPictureEx@@PAU12@@std@@YA@ABQAUTFrame@CPictureEx@@0@Z 1001e6e0 f i PictureEx.obj
 0001:0001d740       ??$_Min_value@I@std@@YAABIABI0@Z 1001e740 f i PictureEx.obj
 0001:0001d7b0       ??$_Ptr_move_cat@UTFrame@CPictureEx@@U12@@std@@YA?AU_Really_trivial_ptr_iterator_tag@0@ABQAUTFrame@CPictureEx@@0@Z 1001e7b0 f i PictureEx.obj
 0001:0001d7f0       ??$_Seek_wrapped@UTFrame@CPictureEx@@@std@@YAXAAPAUTFrame@CPictureEx@@QAU12@@Z 1001e7f0 f i PictureEx.obj
 0001:0001d830       ??$_Unfancy@UTFrame@CPictureEx@@@std@@YAPAUTFrame@CPictureEx@@PAU12@@Z 1001e830 f i PictureEx.obj
 0001:0001d870       ??$_Unfancy@U_Container_proxy@std@@@std@@YAPAU_Container_proxy@0@PAU10@@Z 1001e870 f i PictureEx.obj
 0001:0001d8b0       ??$_Uninitialized_move@PAUTFrame@CPictureEx@@PAU12@V?$allocator@UTFrame@CPictureEx@@@std@@@std@@YAPAUTFrame@CPictureEx@@QAU12@0PAU12@AAV?$allocator@UTFrame@CPictureEx@@@0@@Z 1001e8b0 f i PictureEx.obj
 0001:0001da10       ??$_Uninitialized_move_al_unchecked@UTFrame@CPictureEx@@U12@V?$allocator@UTFrame@CPictureEx@@@std@@@std@@YAPAUTFrame@CPictureEx@@QAU12@00AAV?$allocator@UTFrame@CPictureEx@@@0@U_Really_trivial_ptr_iterator_tag@0@U?$integral_constant@_N$00@0@@Z 1001ea10 f i PictureEx.obj
 0001:0001da70       ??$addressof@V?$_Vector_val@U?$_Simple_types@UTFrame@CPictureEx@@@std@@@std@@@std@@YAPAV?$_Vector_val@U?$_Simple_types@UTFrame@CPictureEx@@@std@@@0@AAV10@@Z 1001ea70 f i PictureEx.obj
 0001:0001dab0       ??$construct@UTFrame@CPictureEx@@ABU12@@?$_Default_allocator_traits@V?$allocator@UTFrame@CPictureEx@@@std@@@std@@SAXAAV?$allocator@UTFrame@CPictureEx@@@1@QAUTFrame@CPictureEx@@ABU34@@Z 1001eab0 f i PictureEx.obj
 0001:0001db30       ??$construct@U_Container_proxy@std@@U12@@?$_Default_allocator_traits@V?$allocator@U_Container_proxy@std@@@std@@@std@@SAXAAV?$allocator@U_Container_proxy@std@@@1@QAU_Container_proxy@1@$$QAU31@@Z 1001eb30 f i PictureEx.obj
 0001:0001dbb0       ??$destroy@U_Container_proxy@std@@@?$_Default_allocator_traits@V?$allocator@U_Container_proxy@std@@@std@@@std@@SAXAAV?$allocator@U_Container_proxy@std@@@1@QAU_Container_proxy@1@@Z 1001ebb0 f i PictureEx.obj
 0001:0001dbe0       ??$emplace_back@ABUTFrame@CPictureEx@@@?$vector@UTFrame@CPictureEx@@V?$allocator@UTFrame@CPictureEx@@@std@@@std@@QAE@ABUTFrame@CPictureEx@@@Z 1001ebe0 f i PictureEx.obj
 0001:0001dc90       ??$forward@ABUTFrame@CPictureEx@@@std@@YAABUTFrame@CPictureEx@@ABU12@@Z 1001ec90 f i PictureEx.obj
 0001:0001dcd0       ??$forward@U_Container_proxy@std@@@std@@YA$$QAU_Container_proxy@0@AAU10@@Z 1001ecd0 f i PictureEx.obj
 0001:0001dd10       ??0?$CTraceCategoryEx@$00$0A@@ATL@@QAE@PBD@Z 1001ed10 f i PictureEx.obj
 0001:0001dd70       ??0?$_Vector_alloc@U?$_Vec_base_types@UTFrame@CPictureEx@@V?$allocator@UTFrame@CPictureEx@@@std@@@std@@@std@@QAE@XZ 1001ed70 f i PictureEx.obj
 0001:0001dde0       ??0?$_Vector_const_iterator@V?$_Vector_val@U?$_Simple_types@UTFrame@CPictureEx@@@std@@@std@@@std@@QAE@$$QAV01@@Z 1001ede0 f i PictureEx.obj
 0001:0001de50       ??0?$_Vector_const_iterator@V?$_Vector_val@U?$_Simple_types@UTFrame@CPictureEx@@@std@@@std@@@std@@QAE@ABV01@@Z 1001ee50 f i PictureEx.obj
 0001:0001dec0       ??0?$_Vector_const_iterator@V?$_Vector_val@U?$_Simple_types@UTFrame@CPictureEx@@@std@@@std@@@std@@QAE@PAUTFrame@CPictureEx@@PBU_Container_base12@1@@Z 1001eec0 f i PictureEx.obj
 0001:0001df30       ??0?$_Vector_const_iterator@V?$_Vector_val@U?$_Simple_types@UTFrame@CPictureEx@@@std@@@std@@@std@@QAE@XZ 1001ef30 f i PictureEx.obj
 0001:0001df90       ??0?$_Vector_iterator@V?$_Vector_val@U?$_Simple_types@UTFrame@CPictureEx@@@std@@@std@@@std@@QAE@$$QAV01@@Z 1001ef90 f i PictureEx.obj
 0001:0001dff0       ??0?$_Vector_iterator@V?$_Vector_val@U?$_Simple_types@UTFrame@CPictureEx@@@std@@@std@@@std@@QAE@ABV01@@Z 1001eff0 f i PictureEx.obj
 0001:0001e050       ??0?$_Vector_iterator@V?$_Vector_val@U?$_Simple_types@UTFrame@CPictureEx@@@std@@@std@@@std@@QAE@PAUTFrame@CPictureEx@@PBU_Container_base12@1@@Z 1001f050 f i PictureEx.obj
 0001:0001e0b0       ??0?$_Vector_iterator@V?$_Vector_val@U?$_Simple_types@UTFrame@CPictureEx@@@std@@@std@@@std@@QAE@XZ 1001f0b0 f i PictureEx.obj
 0001:0001e110       ??0?$_Vector_val@U?$_Simple_types@UTFrame@CPictureEx@@@std@@@std@@QAE@XZ 1001f110 f i PictureEx.obj
 0001:0001e190       ??0?$allocator@UTFrame@CPictureEx@@@std@@QAE@XZ 1001f190 f i PictureEx.obj
 0001:0001e1d0       ??0?$vector@UTFrame@CPictureEx@@V?$allocator@UTFrame@CPictureEx@@@std@@@std@@QAE@XZ 1001f1d0 f i PictureEx.obj
 0001:0001e260       ??0CPictureEx@@QAE@XZ      1001f260 f   PictureEx.obj
 0001:0001e420       ??0_Container_base12@std@@QAE@XZ 1001f420 f i PictureEx.obj
 0001:0001e470       ??0_Container_proxy@std@@QAE@XZ 1001f470 f i PictureEx.obj
 0001:0001e4c0       ??0_Iterator_base12@std@@QAE@ABU01@@Z 1001f4c0 f i PictureEx.obj
 0001:0001e540       ??0_Iterator_base12@std@@QAE@XZ 1001f540 f i PictureEx.obj
 0001:0001e590       ??1?$_Vector_alloc@U?$_Vec_base_types@UTFrame@CPictureEx@@V?$allocator@UTFrame@CPictureEx@@@std@@@std@@@std@@QAE@XZ 1001f590 f i PictureEx.obj
 0001:0001e620       ??1?$_Vector_const_iterator@V?$_Vector_val@U?$_Simple_types@UTFrame@CPictureEx@@@std@@@std@@@std@@QAE@XZ 1001f620 f i PictureEx.obj
 0001:0001e670       ??1?$_Vector_iterator@V?$_Vector_val@U?$_Simple_types@UTFrame@CPictureEx@@@std@@@std@@@std@@QAE@XZ 1001f670 f i PictureEx.obj
 0001:0001e6c0       ??1?$vector@UTFrame@CPictureEx@@V?$allocator@UTFrame@CPictureEx@@@std@@@std@@QAE@XZ 1001f6c0 f i PictureEx.obj
 0001:0001e750       ??1CPictureEx@@UAE@XZ      1001f750 f   PictureEx.obj
 0001:0001e810       ??1_Iterator_base12@std@@QAE@XZ 1001f810 f i PictureEx.obj
 0001:0001e900       ??4?$_Vector_const_iterator@V?$_Vector_val@U?$_Simple_types@UTFrame@CPictureEx@@@std@@@std@@@std@@QAEAAV01@$$QAV01@@Z 1001f900 f i PictureEx.obj
 0001:0001e970       ??4?$_Vector_iterator@V?$_Vector_val@U?$_Simple_types@UTFrame@CPictureEx@@@std@@@std@@@std@@QAEAAV01@$$QAV01@@Z 1001f970 f i PictureEx.obj
 0001:0001e9d0       ??4_Iterator_base12@std@@QAEAAU01@ABU01@@Z 1001f9d0 f i PictureEx.obj
 0001:0001eaf0       ??B?$CTraceCategoryEx@$00$0A@@ATL@@QAEIXZ 1001faf0 f i PictureEx.obj
 0001:0001eb30       ??D?$_Vector_const_iterator@V?$_Vector_val@U?$_Simple_types@UTFrame@CPictureEx@@@std@@@std@@@std@@QBEABUTFrame@CPictureEx@@XZ 1001fb30 f i PictureEx.obj
 0001:0001eca0       ??D?$_Vector_iterator@V?$_Vector_val@U?$_Simple_types@UTFrame@CPictureEx@@@std@@@std@@@std@@QBEAAUTFrame@CPictureEx@@XZ 1001fca0 f i PictureEx.obj
 0001:0001ecf0       ??E?$_Vector_const_iterator@V?$_Vector_val@U?$_Simple_types@UTFrame@CPictureEx@@@std@@@std@@@std@@QAEAAV01@XZ 1001fcf0 f i PictureEx.obj
 0001:0001ee60       ??E?$_Vector_iterator@V?$_Vector_val@U?$_Simple_types@UTFrame@CPictureEx@@@std@@@std@@@std@@QAE?AV01@H@Z 1001fe60 f i PictureEx.obj
 0001:0001ef80       ??E?$_Vector_iterator@V?$_Vector_val@U?$_Simple_types@UTFrame@CPictureEx@@@std@@@std@@@std@@QAEAAV01@XZ 1001ff80 f i PictureEx.obj
 0001:0001efe0       ??M?$_Vector_const_iterator@V?$_Vector_val@U?$_Simple_types@UTFrame@CPictureEx@@@std@@@std@@@std@@QBE_NABV01@@Z 1001ffe0 f i PictureEx.obj
 0001:0001f070       ??RCTraceFileAndLineInfo@ATL@@QBAXPBDZZ 10020070 f i PictureEx.obj
 0001:0001f190       ??_ECPictureEx@@UAEPAXI@Z  10020190 f i PictureEx.obj
 0001:0001f190       ??_GCPictureEx@@UAEPAXI@Z  10020190 f i PictureEx.obj
 0001:0001f210       ?Draw@CPictureEx@@QAEHXZ   10020210 f   PictureEx.obj
 0001:0001f4a0       ?DrawSingleFrameToDC@CPictureEx@@QAEHPAUHDC__@@HHH@Z 100204a0 f   PictureEx.obj
 0001:0001f830       ?GetBkColor@CPictureEx@@QBEKXZ 10020830 f   PictureEx.obj
 0001:0001f870       ?GetFrameCount@CPictureEx@@QBEHXZ 10020870 f   PictureEx.obj
 0001:0001f8e0       ?GetFrameDelay@CPictureEx@@QAEHH@Z 100208e0 f   PictureEx.obj
 0001:0001f980       ?GetFrameDisposal@CPictureEx@@QAEHH@Z 10020980 f   PictureEx.obj
 0001:0001fa20       ?GetNextBlock@CPictureEx@@QBE?AW4GIFBlockTypes@1@XZ 10020a20 f   PictureEx.obj
 0001:0001fc90       ?GetNextBlockLen@CPictureEx@@QBEHXZ 10020c90 f   PictureEx.obj
 0001:0001fe80       ?GetNextGraphicBlock@CPictureEx@@QAEPAXPAI0PAUtagSIZE@@10@Z 10020e80 f   PictureEx.obj
 0001:000201c0       ?GetPackedValue@TGIFControlExt@CPictureEx@@QAEHW4ControlExtValues@2@@Z 100211c0 f i PictureEx.obj
 0001:00020270       ?GetPackedValue@TGIFImageDescriptor@CPictureEx@@QAEHW4IDPackedValues@2@@Z 10021270 f i PictureEx.obj
 0001:00020330       ?GetPackedValue@TGIFLSDescriptor@CPictureEx@@QAEHW4LSDPackedValues@2@@Z 10021330 f i PictureEx.obj
 0001:00020400       ?GetPaintRect@CPictureEx@@QAEHPAUtagRECT@@@Z 10021400 f   PictureEx.obj
 0001:00020470       ?GetSize@CPictureEx@@QBE?AUtagSIZE@@XZ 10021470 f   PictureEx.obj
 0001:000204c0       ?GetSubBlocksLen@CPictureEx@@QBEII@Z 100214c0 f   PictureEx.obj
 0001:00020560       ?IsAnimatedGIF@CPictureEx@@QBEHXZ 10021560 f   PictureEx.obj
 0001:000205f0       ?IsGIF@CPictureEx@@QBEHXZ  100215f0 f   PictureEx.obj
 0001:00020630       ?IsPlaying@CPictureEx@@QBEHXZ 10021630 f   PictureEx.obj
 0001:00020670       ?Load@CPictureEx@@QAEHPAXK@Z 10021670 f   PictureEx.obj
 0001:00020d80       ?Load@CPictureEx@@QAEHPBD0@Z 10021d80 f   PictureEx.obj
 0001:00021070       ?Load@CPictureEx@@QAEHPBD@Z 10022070 f   PictureEx.obj
 0001:000214f0       ?LoadFromMemory@CPictureEx@@QAEHPAXK@Z 100224f0 f   PictureEx.obj
 0001:000216a0       ?PrepareDC@CPictureEx@@QAEHHH@Z 100226a0 f   PictureEx.obj
 0001:000216f0       ?ResetDataPointer@CPictureEx@@QAEXXZ 100226f0 f   PictureEx.obj
 0001:00021740       ?SetBkColor@CPictureEx@@QAEXK@Z 10022740 f   PictureEx.obj
 0001:00021880       ?SetPaintRect@CPictureEx@@QAEHPBUtagRECT@@@Z 10022880 f   PictureEx.obj
 0001:000218f0       ?SkipNextBlock@CPictureEx@@QAEHXZ 100228f0 f   PictureEx.obj
 0001:00021990       ?SkipNextGraphicBlock@CPictureEx@@QAEHXZ 10022990 f   PictureEx.obj
 0001:00021b10       ?Stop@CPictureEx@@QAEXXZ   10022b10 f   PictureEx.obj
 0001:00021c10       ?ThreadAnimation@CPictureEx@@QAEXXZ 10022c10 f   PictureEx.obj
 0001:000226e0       ?UnLoad@CPictureEx@@QAEXXZ 100236e0 f   PictureEx.obj
 0001:00022ad0       ?_Adjust_manually_vector_aligned@std@@YAXAAPAXAAI@Z 10023ad0 f i PictureEx.obj
 0001:00022c90       ?_Adopt@_Iterator_base12@std@@QAEXPBU_Container_base12@2@@Z 10023c90 f i PictureEx.obj
 0001:00022e20       ?_Alloc_proxy@?$_Vector_alloc@U?$_Vec_base_types@UTFrame@CPictureEx@@V?$allocator@UTFrame@CPictureEx@@@std@@@std@@@std@@QAEXXZ 10023e20 f i PictureEx.obj
 0001:00022f40       ?_Allocate@_Default_allocate_traits@std@@SAPAXI@Z 10023f40 f i PictureEx.obj
 0001:00022f90       ?_Calculate_growth@?$vector@UTFrame@CPictureEx@@V?$allocator@UTFrame@CPictureEx@@@std@@@std@@ABEII@Z 10023f90 f i PictureEx.obj
 0001:00023030       ?_Change_array@?$vector@UTFrame@CPictureEx@@V?$allocator@UTFrame@CPictureEx@@@std@@@std@@AAEXQAUTFrame@CPictureEx@@II@Z 10024030 f i PictureEx.obj
 0001:00023120       ?_Clrcont@_Iterator_base12@std@@QAEXXZ 10024120 f i PictureEx.obj
 0001:00023160       ?_Compat@?$_Vector_const_iterator@V?$_Vector_val@U?$_Simple_types@UTFrame@CPictureEx@@@std@@@std@@@std@@QBEXABV12@@Z 10024160 f i PictureEx.obj
 0001:00023240       ?_Destroy@?$vector@UTFrame@CPictureEx@@V?$allocator@UTFrame@CPictureEx@@@std@@@std@@AAEXPAUTFrame@CPictureEx@@0@Z 10024240 f i PictureEx.obj
 0001:000232b0       ?_Free_proxy@?$_Vector_alloc@U?$_Vec_base_types@UTFrame@CPictureEx@@V?$allocator@UTFrame@CPictureEx@@@std@@@std@@@std@@QAEXXZ 100242b0 f i PictureEx.obj
 0001:000233b0       ?_Get_first@?$_Compressed_pair@V?$allocator@UTFrame@CPictureEx@@@std@@V?$_Vector_val@U?$_Simple_types@UTFrame@CPictureEx@@@std@@@2@$00@std@@QAEAAV?$allocator@UTFrame@CPictureEx@@@2@XZ 100243b0 f i PictureEx.obj
 0001:000233f0       ?_Get_first@?$_Compressed_pair@V?$allocator@UTFrame@CPictureEx@@@std@@V?$_Vector_val@U?$_Simple_types@UTFrame@CPictureEx@@@std@@@2@$00@std@@QBEABV?$allocator@UTFrame@CPictureEx@@@2@XZ 100243f0 f i PictureEx.obj
 0001:00023430       ?_Getal@?$_Vector_alloc@U?$_Vec_base_types@UTFrame@CPictureEx@@V?$allocator@UTFrame@CPictureEx@@@std@@@std@@@std@@QAEAAV?$allocator@UTFrame@CPictureEx@@@2@XZ 10024430 f i PictureEx.obj
 0001:00023480       ?_Getal@?$_Vector_alloc@U?$_Vec_base_types@UTFrame@CPictureEx@@V?$allocator@UTFrame@CPictureEx@@@std@@@std@@@std@@QBEABV?$allocator@UTFrame@CPictureEx@@@2@XZ 10024480 f i PictureEx.obj
 0001:000234d0       ?_Getcont@_Iterator_base12@std@@QBEPBU_Container_base12@2@XZ 100244d0 f i PictureEx.obj
 0001:00023540       ?_Getpfirst@?$_Vector_alloc@U?$_Vec_base_types@UTFrame@CPictureEx@@V?$allocator@UTFrame@CPictureEx@@@std@@@std@@@std@@QBEPAPAU_Iterator_base12@2@XZ 10024540 f i PictureEx.obj
 0001:000235a0       ?_Getpfirst@_Container_base12@std@@QBEPAPAU_Iterator_base12@2@XZ 100245a0 f i PictureEx.obj
 0001:00023610       ?_Getpnext@_Iterator_base12@std@@QAEPAPAU12@XZ 10024610 f i PictureEx.obj
 0001:00023650       ?_Has_unused_capacity@?$vector@UTFrame@CPictureEx@@V?$allocator@UTFrame@CPictureEx@@@std@@@std@@ABE_NXZ 10024650 f i PictureEx.obj
 0001:000236e0       ?_Myend@?$_Vector_alloc@U?$_Vec_base_types@UTFrame@CPictureEx@@V?$allocator@UTFrame@CPictureEx@@@std@@@std@@@std@@QAEAAPAUTFrame@CPictureEx@@XZ 100246e0 f i PictureEx.obj
 0001:00023740       ?_Myend@?$_Vector_alloc@U?$_Vec_base_types@UTFrame@CPictureEx@@V?$allocator@UTFrame@CPictureEx@@@std@@@std@@@std@@QBEABQAUTFrame@CPictureEx@@XZ 10024740 f i PictureEx.obj
 0001:000237a0       ?_Mylast@?$_Vector_alloc@U?$_Vec_base_types@UTFrame@CPictureEx@@V?$allocator@UTFrame@CPictureEx@@@std@@@std@@@std@@QAEAAPAUTFrame@CPictureEx@@XZ 100247a0 f i PictureEx.obj
 0001:00023800       ?_Myproxy@?$_Vector_alloc@U?$_Vec_base_types@UTFrame@CPictureEx@@V?$allocator@UTFrame@CPictureEx@@@std@@@std@@@std@@QAEAAPAU_Container_proxy@2@XZ 10024800 f i PictureEx.obj
 0001:00023850       ?_Orphan_all@?$_Vector_alloc@U?$_Vec_base_types@UTFrame@CPictureEx@@V?$allocator@UTFrame@CPictureEx@@@std@@@std@@@std@@QAEXXZ 10024850 f i PictureEx.obj
 0001:000238b0       ?_Orphan_all@_Container_base12@std@@QAEXXZ 100248b0 f i PictureEx.obj
 0001:000239f0       ?_Orphan_me@_Iterator_base12@std@@QAEXXZ 100249f0 f i PictureEx.obj
 0001:00023b20       ?_Orphan_range@?$vector@UTFrame@CPictureEx@@V?$allocator@UTFrame@CPictureEx@@@std@@@std@@ABEXPAUTFrame@CPictureEx@@0@Z 10024b20 f i PictureEx.obj
 0001:00023c90       ?_ThreadAnimation@CPictureEx@@SGIPAX@Z 10024c90 f   PictureEx.obj
 0001:00023d50       ?_Tidy@?$vector@UTFrame@CPictureEx@@V?$allocator@UTFrame@CPictureEx@@@std@@@std@@AAEXXZ 10024d50 f i PictureEx.obj
 0001:00023e40       ?_Umove@?$vector@UTFrame@CPictureEx@@V?$allocator@UTFrame@CPictureEx@@@std@@@std@@AAEPAUTFrame@CPictureEx@@PAU34@00@Z 10024e40 f i PictureEx.obj
 0001:00023eb0       ?_Umove_if_noexcept1@?$vector@UTFrame@CPictureEx@@V?$allocator@UTFrame@CPictureEx@@@std@@@std@@AAEXPAUTFrame@CPictureEx@@00U?$integral_constant@_N$00@2@@Z 10024eb0 f i PictureEx.obj
 0001:00023f20       ?_Umove_if_noexcept@?$vector@UTFrame@CPictureEx@@V?$allocator@UTFrame@CPictureEx@@@std@@@std@@AAEXPAUTFrame@CPictureEx@@00@Z 10024f20 f i PictureEx.obj
 0001:00023fa0       ?_Xlength@?$vector@UTFrame@CPictureEx@@V?$allocator@UTFrame@CPictureEx@@@std@@@std@@CAXXZ 10024fa0 f i PictureEx.obj
 0001:00023ff0       ?allocate@?$allocator@UTFrame@CPictureEx@@@std@@QAEPAUTFrame@CPictureEx@@I@Z 10024ff0 f i PictureEx.obj
 0001:00024060       ?allocate@?$allocator@U_Container_proxy@std@@@std@@QAEPAU_Container_proxy@2@I@Z 10025060 f i PictureEx.obj
 0001:000240d0       ?begin@?$vector@UTFrame@CPictureEx@@V?$allocator@UTFrame@CPictureEx@@@std@@@std@@QAE?AV?$_Vector_iterator@V?$_Vector_val@U?$_Simple_types@UTFrame@CPictureEx@@@std@@@std@@@2@XZ 100250d0 f i PictureEx.obj
 0001:00024180       ?capacity@?$vector@UTFrame@CPictureEx@@V?$allocator@UTFrame@CPictureEx@@@std@@@std@@QBEIXZ 10025180 f i PictureEx.obj
 0001:000241f0       ?clear@?$vector@UTFrame@CPictureEx@@V?$allocator@UTFrame@CPictureEx@@@std@@@std@@QAEXXZ 100251f0 f i PictureEx.obj
 0001:000242c0       ?deallocate@?$_Default_allocator_traits@V?$allocator@U_Container_proxy@std@@@std@@@std@@SAXAAV?$allocator@U_Container_proxy@std@@@2@QAU_Container_proxy@2@I@Z 100252c0 f i PictureEx.obj
 0001:00024320       ?deallocate@?$allocator@UTFrame@CPictureEx@@@std@@QAEXQAUTFrame@CPictureEx@@I@Z 10025320 f i PictureEx.obj
 0001:00024380       ?empty@?$vector@UTFrame@CPictureEx@@V?$allocator@UTFrame@CPictureEx@@@std@@@std@@QBE_NXZ 10025380 f i PictureEx.obj
 0001:00024410       ?end@?$vector@UTFrame@CPictureEx@@V?$allocator@UTFrame@CPictureEx@@@std@@@std@@QAE?AV?$_Vector_iterator@V?$_Vector_val@U?$_Simple_types@UTFrame@CPictureEx@@@std@@@std@@@2@XZ 10025410 f i PictureEx.obj
 0001:000244c0       ?max@?$numeric_limits@H@std@@SAHXZ 100254c0 f i PictureEx.obj
 0001:00024500       ?max_size@?$_Default_allocator_traits@V?$allocator@UTFrame@CPictureEx@@@std@@@std@@SAIABV?$allocator@UTFrame@CPictureEx@@@2@@Z 10025500 f i PictureEx.obj
 0001:00024540       ?max_size@?$vector@UTFrame@CPictureEx@@V?$allocator@UTFrame@CPictureEx@@@std@@@std@@QBEIXZ 10025540 f i PictureEx.obj
 0001:000245d0       ?push_back@?$vector@UTFrame@CPictureEx@@V?$allocator@UTFrame@CPictureEx@@@std@@@std@@QAEXABUTFrame@CPictureEx@@@Z 100255d0 f i PictureEx.obj
 0001:00024630       ??$DumpElements@PAVCSprFile@@@@YGXAAVCDumpContext@@PBQAVCSprFile@@H@Z 10025630 f i ResMan.obj
 0001:00024720       ??$SerializeElements@PAVCSprFile@@@@YGXAAVCArchive@@PAPAVCSprFile@@H@Z 10025720 f i ResMan.obj
 0001:00024910       ??0?$CMap@V?$CStringT@DV?$StrTraitMFC_DLL@DV?$ChTraitsCRT@D@ATL@@@@@ATL@@PBDPAVCSprFile@@AAPAV3@@@QAE@H@Z 10025910 f i ResMan.obj
 0001:00024a20       ??0CAssoc@?$CMap@V?$CStringT@DV?$StrTraitMFC_DLL@DV?$ChTraitsCRT@D@ATL@@@@@ATL@@PBDPAVCSprFile@@AAPAV3@@@QAE@PBD@Z 10025a20 f i ResMan.obj
 0001:00024a80       ??0CPair@?$CMap@V?$CStringT@DV?$StrTraitMFC_DLL@DV?$ChTraitsCRT@D@ATL@@@@@ATL@@PBDPAVCSprFile@@AAPAV3@@@IAE@PBD@Z 10025a80 f i ResMan.obj
 0001:00024af0       ??0CResMan@@QAE@XZ         10025af0 f   ResMan.obj
 0001:00024c00       ??1?$CMap@V?$CStringT@DV?$StrTraitMFC_DLL@DV?$ChTraitsCRT@D@ATL@@@@@ATL@@PBDPAVCSprFile@@AAPAV3@@@UAE@XZ 10025c00 f i ResMan.obj
 0001:00024cc0       ??1CAssoc@?$CMap@V?$CStringT@DV?$StrTraitMFC_DLL@DV?$ChTraitsCRT@D@ATL@@@@@ATL@@PBDPAVCSprFile@@AAPAV3@@@QAE@XZ 10025cc0 f i ResMan.obj
 0001:00024d10       ??1CPair@?$CMap@V?$CStringT@DV?$StrTraitMFC_DLL@DV?$ChTraitsCRT@D@ATL@@@@@ATL@@PBDPAVCSprFile@@AAPAV3@@@QAE@XZ 10025d10 f i ResMan.obj
 0001:00024d70       ??1CResMan@@UAE@XZ         10025d70 f   ResMan.obj
 0001:00024e60       ??A?$CMap@V?$CStringT@DV?$StrTraitMFC_DLL@DV?$ChTraitsCRT@D@ATL@@@@@ATL@@PBDPAVCSprFile@@AAPAV3@@@QAEAAPAVCSprFile@@PBD@Z 10025e60 f i ResMan.obj
 0001:00025020       ??_E?$CMap@V?$CStringT@DV?$StrTraitMFC_DLL@DV?$ChTraitsCRT@D@ATL@@@@@ATL@@PBDPAVCSprFile@@AAPAV3@@@UAEPAXI@Z 10026020 f i ResMan.obj
 0001:00025020       ??_G?$CMap@V?$CStringT@DV?$StrTraitMFC_DLL@DV?$ChTraitsCRT@D@ATL@@@@@ATL@@PBDPAVCSprFile@@AAPAV3@@@UAEPAXI@Z 10026020 f i ResMan.obj
 0001:000250b0       ??_GCResMan@@UAEPAXI@Z     100260b0 f i ResMan.obj
 0001:000250b0       ??_ECResMan@@UAEPAXI@Z     100260b0 f i ResMan.obj
 0001:00025130       ??_GCSprFile@@QAEPAXI@Z    10026130 f i ResMan.obj
 0001:000251b0       ?AssertValid@?$CMap@V?$CStringT@DV?$StrTraitMFC_DLL@DV?$ChTraitsCRT@D@ATL@@@@@ATL@@PBDPAVCSprFile@@AAPAV3@@@UBEXXZ 100261b0 f i ResMan.obj
 0001:00025260       ?ClearMember@CResMan@@QAEXXZ 10026260 f   ResMan.obj
 0001:000252d0       ?CloseSpr@CResMan@@QAEHHHH@Z 100262d0 f   ResMan.obj
 0001:00025510       ?CloseSpr@CResMan@@QAEHPAVCSprFile@@@Z 10026510 f   ResMan.obj
 0001:00025590       ?Destroy@CResMan@@QAEXXZ   10026590 f   ResMan.obj
 0001:000257a0       ?Dump@?$CMap@V?$CStringT@DV?$StrTraitMFC_DLL@DV?$ChTraitsCRT@D@ATL@@@@@ATL@@PBDPAVCSprFile@@AAPAV3@@@UBEXAAVCDumpContext@@@Z 100267a0 f i ResMan.obj
 0001:000259c0       ?FreeAssoc@?$CMap@V?$CStringT@DV?$StrTraitMFC_DLL@DV?$ChTraitsCRT@D@ATL@@@@@ATL@@PBDPAVCSprFile@@AAPAV3@@@IAEXPAVCAssoc@1@@Z 100269c0 f i ResMan.obj
 0001:00025a80       ?GetAssocAt@?$CMap@V?$CStringT@DV?$StrTraitMFC_DLL@DV?$ChTraitsCRT@D@ATL@@@@@ATL@@PBDPAVCSprFile@@AAPAV3@@@IBEPAVCAssoc@1@PBDAAI1@Z 10026a80 f i ResMan.obj
 0001:00025b60       ?GetFullSprFileName@CResMan@@QAE?AV?$CStringT@DV?$StrTraitMFC_DLL@DV?$ChTraitsCRT@D@ATL@@@@@ATL@@HHH@Z 10026b60 f   ResMan.obj
 0001:00025c10       ?GetNextAssoc@?$CMap@V?$CStringT@DV?$StrTraitMFC_DLL@DV?$ChTraitsCRT@D@ATL@@@@@ATL@@PBDPAVCSprFile@@AAPAV3@@@QBEXAAPAU__POSITION@@AAV?$CStringT@DV?$StrTraitMFC_DLL@DV?$ChTraitsCRT@D@ATL@@@@@ATL@@AAPAVCSprFile@@@Z 10026c10 f i ResMan.obj
 0001:00025ec0       ?GetStartPosition@?$CMap@V?$CStringT@DV?$StrTraitMFC_DLL@DV?$ChTraitsCRT@D@ATL@@@@@ATL@@PBDPAVCSprFile@@AAPAV3@@@QBEPAU__POSITION@@XZ 10026ec0 f i ResMan.obj
 0001:00025f30       ?Init@CResMan@@QAEHPBD@Z   10026f30 f   ResMan.obj
 0001:00026010       ?InitHashTable@?$CMap@V?$CStringT@DV?$StrTraitMFC_DLL@DV?$ChTraitsCRT@D@ATL@@@@@ATL@@PBDPAVCSprFile@@AAPAV3@@@QAEXIH@Z 10027010 f i ResMan.obj
 0001:000261d0       ?IsValid@CFileTag@@QAEHXZ  100271d0 f i ResMan.obj
 0001:00026210       ?Lookup@?$CMap@V?$CStringT@DV?$StrTraitMFC_DLL@DV?$ChTraitsCRT@D@ATL@@@@@ATL@@PBDPAVCSprFile@@AAPAV3@@@QBEHPBDAAPAVCSprFile@@@Z 10027210 f i ResMan.obj
 0001:00026310       ?NewAssoc@?$CMap@V?$CStringT@DV?$StrTraitMFC_DLL@DV?$ChTraitsCRT@D@ATL@@@@@ATL@@PBDPAVCSprFile@@AAPAV3@@@IAEPAVCAssoc@1@PBD@Z 10027310 f i ResMan.obj
 0001:00026510       ?OpenSpr@CResMan@@QAEPAVCSprFile@@HHH@Z 10027510 f   ResMan.obj
 0001:00026c50       ?RemoveAll@?$CMap@V?$CStringT@DV?$StrTraitMFC_DLL@DV?$ChTraitsCRT@D@ATL@@@@@ATL@@PBDPAVCSprFile@@AAPAV3@@@QAEXXZ 10027c50 f i ResMan.obj
 0001:00026d80       ?RemoveKey@?$CMap@V?$CStringT@DV?$StrTraitMFC_DLL@DV?$ChTraitsCRT@D@ATL@@@@@ATL@@PBDPAVCSprFile@@AAPAV3@@@QAEHPBD@Z 10027d80 f i ResMan.obj
 0001:00026ea0       ?Serialize@?$CMap@V?$CStringT@DV?$StrTraitMFC_DLL@DV?$ChTraitsCRT@D@ATL@@@@@ATL@@PBDPAVCSprFile@@AAPAV3@@@UAEXAAVCArchive@@@Z 10027ea0 f i ResMan.obj
 0001:00027180       ?SetAt@?$CMap@V?$CStringT@DV?$StrTraitMFC_DLL@DV?$ChTraitsCRT@D@ATL@@@@@ATL@@PBDPAVCSprFile@@AAPAV3@@@QAEXPBDAAPAVCSprFile@@@Z 10028180 f i ResMan.obj
 0001:000271e0       ?_AfxInitManaged@@YAHXZ    100281e0 f i dllmain.obj
 0001:00027210       _ExtRawDllMain@12          10028210 f   dllmain.obj
 0001:000272b0       ??$AtlAdd@H@ATL@@YAJPAHHH@Z 100282b0 f i dllmain.obj
 0001:00027330       ??$AtlAdd@I@ATL@@YAJPAIII@Z 10028330 f i dllmain.obj
 0001:000273a0       ??$AtlAdd@K@ATL@@YAJPAKKK@Z 100283a0 f i dllmain.obj
 0001:00027410       ??$AtlAlignUp@H@ATL@@YGHHK@Z 10028410 f i dllmain.obj
 0001:00027460       ??$AtlMultiply@K@ATL@@YAJPAKKK@Z 10028460 f i dllmain.obj
 0001:000274e0       ??0?$CSimpleArray@GV?$CSimpleArrayEqualHelper@G@ATL@@@ATL@@QAE@XZ 100284e0 f i dllmain.obj
 0001:00027540       ??0?$CTraceCategoryEx@$01$0A@@ATL@@QAE@PBD@Z 10028540 f i dllmain.obj
 0001:000275a0       ??0?$CTraceCategoryEx@$03$0A@@ATL@@QAE@PBD@Z 100285a0 f i dllmain.obj
 0001:00027600       ??0?$CTraceCategoryEx@$07$0A@@ATL@@QAE@PBD@Z 10028600 f i dllmain.obj
 0001:00027660       ??0?$CTraceCategoryEx@$0BA@$0A@@ATL@@QAE@PBD@Z 10028660 f i dllmain.obj
 0001:000276c0       ??0?$CTraceCategoryEx@$0BAA@$0A@@ATL@@QAE@PBD@Z 100286c0 f i dllmain.obj
 0001:00027720       ??0?$CTraceCategoryEx@$0BAAA@$0A@@ATL@@QAE@PBD@Z 10028720 f i dllmain.obj
 0001:00027780       ??0?$CTraceCategoryEx@$0BAAAA@$0A@@ATL@@QAE@PBD@Z 10028780 f i dllmain.obj
 0001:000277e0       ??0?$CTraceCategoryEx@$0BAAAAA@$0A@@ATL@@QAE@PBD@Z 100287e0 f i dllmain.obj
 0001:00027840       ??0?$CTraceCategoryEx@$0CA@$0A@@ATL@@QAE@PBD@Z 10028840 f i dllmain.obj
 0001:000278a0       ??0?$CTraceCategoryEx@$0CAA@$0A@@ATL@@QAE@PBD@Z 100288a0 f i dllmain.obj
 0001:00027900       ??0?$CTraceCategoryEx@$0CAAAAA@$0A@@ATL@@QAE@PBD@Z 10028900 f i dllmain.obj
 0001:00027960       ??0?$CTraceCategoryEx@$0EA@$0A@@ATL@@QAE@PBD@Z 10028960 f i dllmain.obj
 0001:000279c0       ??0?$CTraceCategoryEx@$0EAA@$0A@@ATL@@QAE@PBD@Z 100289c0 f i dllmain.obj
 0001:00027a20       ??0?$CTraceCategoryEx@$0EAAA@$0A@@ATL@@QAE@PBD@Z 10028a20 f i dllmain.obj
 0001:00027a80       ??0?$CTraceCategoryEx@$0EAAAA@$0A@@ATL@@QAE@PBD@Z 10028a80 f i dllmain.obj
 0001:00027ae0       ??0?$CTraceCategoryEx@$0EAAAAA@$0A@@ATL@@QAE@PBD@Z 10028ae0 f i dllmain.obj
 0001:00027b40       ??0?$CTraceCategoryEx@$0IA@$0A@@ATL@@QAE@PBD@Z 10028b40 f i dllmain.obj
 0001:00027ba0       ??0?$CTraceCategoryEx@$0IAA@$0A@@ATL@@QAE@PBD@Z 10028ba0 f i dllmain.obj
 0001:00027c00       ??0?$CTraceCategoryEx@$0IAAA@$0A@@ATL@@QAE@PBD@Z 10028c00 f i dllmain.obj
 0001:00027c60       ??0?$CTraceCategoryEx@$0IAAAA@$0A@@ATL@@QAE@PBD@Z 10028c60 f i dllmain.obj
 0001:00027cc0       ??0CAtlComModule@ATL@@QAE@XZ 10028cc0 f i dllmain.obj
 0001:00027df0       ??0CAtlStringMgr@ATL@@QAE@PAUIAtlMemMgr@1@@Z 10028df0 f i dllmain.obj
 0001:00027e80       ??0CAtlStringMgrStaticInitializer@ATLImplementationDetails@ATL@@QAE@XZ 10028e80 f i dllmain.obj
 0001:00027ed0       ??0CAtlWinModule@ATL@@QAE@XZ 10028ed0 f i dllmain.obj
 0001:00027fa0       ??0CComCriticalSection@ATL@@QAE@XZ 10028fa0 f i dllmain.obj
 0001:00028000       ??0CNilStringData@ATL@@QAE@XZ 10029000 f i dllmain.obj
 0001:000280a0       ??0CWin32Heap@ATL@@QAE@PAX@Z 100290a0 f i dllmain.obj
 0001:00028150       ??0_ATL_COM_MODULE70@ATL@@QAE@XZ 10029150 f i dllmain.obj
 0001:000281b0       ??0_ATL_WIN_MODULE70@ATL@@QAE@XZ 100291b0 f i dllmain.obj
 0001:00028260       ??1?$CSimpleArray@GV?$CSimpleArrayEqualHelper@G@ATL@@@ATL@@QAE@XZ 10029260 f i dllmain.obj
 0001:000282f0       ??1CAtlComModule@ATL@@QAE@XZ 100292f0 f i dllmain.obj
 0001:00028380       ??1CAtlStringMgr@ATL@@UAE@XZ 10029380 f i dllmain.obj
 0001:000283c0       ??1CAtlWinModule@ATL@@QAE@XZ 100293c0 f i dllmain.obj
 0001:00028450       ??1CComCriticalSection@ATL@@QAE@XZ 10029450 f i dllmain.obj
 0001:00028490       ??1CWin32Heap@ATL@@UAE@XZ  10029490 f i dllmain.obj
 0001:00028560       ??1_ATL_COM_MODULE70@ATL@@QAE@XZ 10029560 f i dllmain.obj
 0001:000285c0       ??1_ATL_WIN_MODULE70@ATL@@QAE@XZ 100295c0 f i dllmain.obj
 0001:00028620       ??A?$CSimpleArray@GV?$CSimpleArrayEqualHelper@G@ATL@@@ATL@@QAEAAGH@Z 10029620 f i dllmain.obj
 0001:000286f0       ??B?$CTraceCategoryEx@$01$0A@@ATL@@QAEIXZ 100296f0 f i dllmain.obj
 0001:00028730       ??B?$CTraceCategoryEx@$0CA@$0A@@ATL@@QAEIXZ 10029730 f i dllmain.obj
 0001:00028770       ??B?$CTypedSimpleList@PAUCRuntimeClass@@@@QAEPAUCRuntimeClass@@XZ 10029770 f i dllmain.obj
 0001:000287c0       ??B?$CTypedSimpleList@PAVCOleObjectFactory@@@@QAEPAVCOleObjectFactory@@XZ 100297c0 f i dllmain.obj
 0001:00028810       ??_GCAtlStringMgr@ATL@@UAEPAXI@Z 10029810 f i dllmain.obj
 0001:00028810       ??_ECAtlStringMgr@ATL@@UAEPAXI@Z 10029810 f i dllmain.obj
 0001:00028880       ??_ECWin32Heap@ATL@@UAEPAXI@Z 10029880 f i dllmain.obj
 0001:00028880       ??_GCWin32Heap@ATL@@UAEPAXI@Z 10029880 f i dllmain.obj
 0001:000288f0       ??_H@YGXPAXIIP6EPAX0@Z@Z   100298f0 f i dllmain.obj
 0001:000289a0       ?AddRef@CStringData@ATL@@QAEXXZ 100299a0 f i dllmain.obj
 0001:00028a40       ?Allocate@CAtlStringMgr@ATL@@UAEPAUCStringData@2@HH@Z 10029a40 f i dllmain.obj
 0001:00028cd0       ?Allocate@CWin32Heap@ATL@@UAEPAXI@Z 10029cd0 f i dllmain.obj
 0001:00028d40       ?AtlWinModuleInit@ATL@@YGJPAU_ATL_WIN_MODULE70@1@@Z 10029d40 f i dllmain.obj
 0001:00028e60       ?AtlWinModuleTerm@ATL@@YGJPAU_ATL_WIN_MODULE70@1@PAUHINSTANCE__@@@Z 10029e60 f i dllmain.obj
 0001:00028f60       ?Clone@CAtlStringMgr@ATL@@UAEPAUIAtlStringMgr@2@XZ 10029f60 f i dllmain.obj
 0001:00028fa0       ?Free@CAtlStringMgr@ATL@@UAEXPAUCStringData@2@@Z 10029fa0 f i dllmain.obj
 0001:000290a0       ?Free@CWin32Heap@ATL@@UAEXPAX@Z 1002a0a0 f i dllmain.obj
 0001:00029160       ?GetHead@CSimpleList@@QBEPAXXZ 1002a160 f i dllmain.obj
 0001:000291a0       ?GetInstance@CAtlStringMgr@ATL@@SAPAUIAtlStringMgr@2@XZ 1002a1a0 f i dllmain.obj
 0001:000292e0       ?GetModuleInstance@CAtlBaseModule@ATL@@QAEPAUHINSTANCE__@@XZ 1002a2e0 f i dllmain.obj
 0001:00029320       ?GetNilString@CAtlStringMgr@ATL@@UAEPAUCStringData@2@XZ 1002a320 f i dllmain.obj
 0001:00029380       ?GetSize@?$CSimpleArray@GV?$CSimpleArrayEqualHelper@G@ATL@@@ATL@@QBEHXZ 1002a380 f i dllmain.obj
 0001:000293c0       ?GetSize@CWin32Heap@ATL@@UAEIPAX@Z 1002a3c0 f i dllmain.obj
 0001:00029430       ?Init@CComCriticalSection@ATL@@QAEJXZ 1002a430 f i dllmain.obj
 0001:000294c0       ?Reallocate@CAtlStringMgr@ATL@@UAEPAUCStringData@2@PAU32@HH@Z 1002a4c0 f i dllmain.obj
 0001:00029770       ?Reallocate@CWin32Heap@ATL@@UAEPAXPAXI@Z 1002a770 f i dllmain.obj
 0001:00029840       ?RemoveAll@?$CSimpleArray@GV?$CSimpleArrayEqualHelper@G@ATL@@@ATL@@QAEXXZ 1002a840 f i dllmain.obj
 0001:00029900       ?SetManager@CNilStringData@ATL@@QAEXPAUIAtlStringMgr@2@@Z 1002a900 f i dllmain.obj
 0001:000299a0       ?Term@CAtlComModule@ATL@@QAEXXZ 1002a9a0 f i dllmain.obj
 0001:00029ab0       ?Term@CAtlWinModule@ATL@@QAEXXZ 1002aab0 f i dllmain.obj
 0001:00029b10       ?Term@CComCriticalSection@ATL@@QAEJXZ 1002ab10 f i dllmain.obj
 0001:00029b70       ?_AtlInitializeCriticalSectionEx@ATL@@YAHPAU_RTL_CRITICAL_SECTION@@KK@Z 1002ab70 f i dllmain.obj
 0001:00029bd0       ?_AtlRaiseException@ATL@@YAXKK@Z 1002abd0 f i dllmain.obj
 0001:00029c30       _DllMain@12                1002ac30 f   dllmain.obj
 0001:00029da0       ??0CPage@@QAE@XZ           1002ada0 f   Graphic.obj
 0001:00029f00       ??1CPage@@QAE@XZ           1002af00 f   Graphic.obj
 0001:00029f90       ?Attach@CPage@@QAEHJJPAXJ@Z 1002af90 f   Graphic.obj
 0001:0002a0f0       ?Destroy@CPage@@QAEXXZ     1002b0f0 f   Graphic.obj
 0001:0002a230       ?Detach@CPage@@QAEHXZ      1002b230 f   Graphic.obj
 0001:0002a2e0       ?DrawEmptyBox@CPage@@QAEXHHHHGH@Z 1002b2e0 f   Graphic.obj
 0001:0002a450       ?DrawFillBox@CPage@@QAEXHHHHG@Z 1002b450 f   Graphic.obj
 0001:0002a560       ?DrawFillBoxGB@CPage@@QAEXHHHHGH@Z 1002b560 f   Graphic.obj
 0001:0002a670       ?DrawSelectBox@CPage@@QAEXHHHHGH@Z 1002b670 f   Graphic.obj
 0001:0002a7e0       ?FillGDI@CPage@@QAEHPAUHDC__@@HHK@Z 1002b7e0 f   Graphic.obj
 0001:0002a870       ?Flip@CPage@@QAEHPAUHDC__@@@Z 1002b870 f   Graphic.obj
 0001:0002a9f0       ?Flip@CPage@@QAEHPAUHWND__@@@Z 1002b9f0 f   Graphic.obj
 0001:0002aaa0       ?FlipToGDI@CPage@@QAEHPAUHDC__@@JJH@Z 1002baa0 f   Graphic.obj
 0001:0002ab10       ?FlipToGDI@CPage@@QAEHPAUHWND__@@JJH@Z 1002bb10 f   Graphic.obj
 0001:0002ab80       ?HLine@CPage@@QAEXHHHGH@Z  1002bb80 f   Graphic.obj
 0001:0002ac90       ?Init@CPage@@QAEHJJHPAUtagRGBQUAD@@@Z 1002bc90 f   Graphic.obj
 0001:0002b0f0       ?PutFromPage@CPage@@QAEHJJJJPAV1@@Z 1002c0f0 f   Graphic.obj
 0001:0002b2e0       ?PutFromPage@CPage@@QAEHJJPAV1@@Z 1002c2e0 f   Graphic.obj
 0001:0002b3e0       ?PutImageAuto@CPage@@QAEHHHPAUSPRITE30@@HHG@Z 1002c3e0 f   Graphic.obj
 0001:0002b550       ?PutSprAuto@CPage@@QAEHHHPAUSPRITE30@@HHGH@Z 1002c550 f   Graphic.obj
 0001:0002bc20       ?PutSprAuto@CPage@@QAEHHHPAVxSprite@@HHHGH@Z 1002cc20 f   Graphic.obj
 0001:0002bce0       ?ReCreateDIBSection@CPage@@QAEHXZ 1002cce0 f   Graphic.obj
 0001:0002be00       ?SetClipArea@CPage@@QAEXHHHH@Z 1002ce00 f   Graphic.obj
 0001:0002c070       ?SetFlipPos@CPage@@QAEXJJH@Z 1002d070 f   Graphic.obj
 0001:0002c0d0       ?SetFullClip@CPage@@QAEXXZ 1002d0d0 f   Graphic.obj
 0001:0002c150       ?SetLogPal@CPage@@QAEHPAUtagLOGPALETTE@@@Z 1002d150 f   Graphic.obj
 0001:0002c2b0       ?SetMirrorX@CPage@@QAEXH@Z 1002d2b0 f   Graphic.obj
 0001:0002c310       ?SetMirrorXEx@CPage@@QAEXHH@Z 1002d310 f   Graphic.obj
 0001:0002c360       ?SetPal@CPage@@QAEHPAUtagRGBQUAD@@@Z 1002d360 f   Graphic.obj
 0001:0002c720       ?SetPalHandle@CPage@@QAEHPAUHPALETTE__@@@Z 1002d720 f   Graphic.obj
 0001:0002c7c0       ?SetTempClip@CPage@@QAEXHHHH@Z 1002d7c0 f   Graphic.obj
 0001:0002ca30       ?SmoothZoomFromPage@CPage@@QAEHJJPAV1@@Z 1002da30 f   Graphic.obj
 0001:0002cb50       ?StretchFlip@CPage@@QAEHPAUHWND__@@PAUtagRECT@@1@Z 1002db50 f   Graphic.obj
 0001:0002ce70       ?ToPagePos@CPage@@QAEXJJPAJ0@Z 1002de70 f   Graphic.obj
 0001:0002cee0       ?VLine@CPage@@QAEXHHHGH@Z  1002dee0 f   Graphic.obj
 0001:0002cff0       ?ZoomSprAuto@CPage@@QAEHHHPAUSPRITE30@@HHHHG@Z 1002dff0 f   Graphic.obj
 0001:0002d230       ?RGB555mix@@YAGHHH@Z       1002e230 f   GraphMod.obj
 0001:0002d280       ?BGR565mix@@YAGHHH@Z       1002e280 f   GraphMod.obj
 0001:0002d2e0       ?DrawBox@@YAXHHHHPAGGHHHHK@Z 1002e2e0 f   GraphMod.obj
 0001:0002d510       ?DrawBoxXOR@@YAXHHHHPAGHHHHK@Z 1002e510 f   GraphMod.obj
 0001:0002d760       ?DrawHLine@@YAXHHHPAGGHHHHK@Z 1002e760 f   GraphMod.obj
 0001:0002d850       ?DrawHLineXOR@@YAXHHHPAGHHHHK@Z 1002e850 f   GraphMod.obj
 0001:0002d940       ?DrawSelectBox@@YAXHHHHPAGGHHHHK@Z 1002e940 f   GraphMod.obj
 0001:0002db40       ?DrawVLine@@YAXHHHPAGGHHHHK@Z 1002eb40 f   GraphMod.obj
 0001:0002dc30       ?DrawVLineXOR@@YAXHHHPAGHHHHK@Z 1002ec30 f   GraphMod.obj
 0001:0002dd30       ?DrawXORSelectBox@@YAXHHHHPAGHHHHK@Z 1002ed30 f   GraphMod.obj
 0001:0002df20       ?FillBox@@YAXHHHHPAGGHHHHK@Z 1002ef20 f   GraphMod.obj
 0001:0002e030       ?FillBoxGB@@YAXHHHHPAGGHHHHHK@Z 1002f030 f   GraphMod.obj
 0001:0002e130       ?FillPage@@YAXPAGGHHHHK@Z  1002f130 f   GraphMod.obj
 0001:0002e1d0       ?GetImage@@YAXHHHHPAG0K@Z  1002f1d0 f   GraphMod.obj
 0001:0002e290       ?InitAlphaTable@@YAXH@Z    1002f290 f   GraphMod.obj
 0001:0002e8b0       ?InitGrpLib@@YAHH@Z        1002f8b0 f   GraphMod.obj
 0001:0002e9e0       ?MemCpy555TO565@@YIXPAG0H@Z 1002f9e0 f   GraphMod.obj
 0001:0002ea80       ?MemCpy555TORGB24@@YIXPAEPAGH@Z 1002fa80 f   GraphMod.obj
 0001:0002eb60       ?MemCpy555TORGB32@@YIXPAKPAGH@Z 1002fb60 f   GraphMod.obj
 0001:0002ec20       ?MemCpyAB555@@YIXPAG0HH@Z  1002fc20 f   GraphMod.obj
 0001:0002ed90       ?MemCpyAB565@@YIXPAG0HH@Z  1002fd90 f   GraphMod.obj
 0001:0002ef00       ?MemCpyAnti555@@YIXPAG0H@Z 1002ff00 f   GraphMod.obj
 0001:0002f020       ?MemCpyAnti565@@YIXPAG0H@Z 10030020 f   GraphMod.obj
 0001:0002f140       ?MemCpyDE555@@YIXPAG0H@Z   10030140 f   GraphMod.obj
 0001:0002f260       ?MemCpyDE565@@YIXPAG0H@Z   10030260 f   GraphMod.obj
 0001:0002f380       ?MemCpyGB555@@YIXPAG0HH@Z  10030380 f   GraphMod.obj
 0001:0002f5e0       ?MemCpyGB565@@YIXPAG0HH@Z  100305e0 f   GraphMod.obj
 0001:0002f840       ?MemCpyGlow555@@YIXPAG0HGH@Z 10030840 f   GraphMod.obj
 0001:0002fa80       ?MemCpyGlow565@@YIXPAG0HGH@Z 10030a80 f   GraphMod.obj
 0001:0002fd00       ?MemCpyHB555@@YIXPAG0H@Z   10030d00 f   GraphMod.obj
 0001:0002fe20       ?MemCpyHB565@@YIXPAG0H@Z   10030e20 f   GraphMod.obj
 0001:0002ff40       ?MemCpyLE555@@YIXPAG0H@Z   10030f40 f   GraphMod.obj
 0001:00030060       ?MemCpyLE565@@YIXPAG0H@Z   10031060 f   GraphMod.obj
 0001:00030180       ?MemSetGB555@@YIXPAGGHH@Z  10031180 f   GraphMod.obj
 0001:00030440       ?PutPixel@@YAXHHPAGGK@Z    10031440 f   GraphMod.obj
 0001:00030490       ?RGB565mix@@YAGHHH@Z       10031490 f   GraphMod.obj
 0001:000304e0       ?RemoveGrpLib@@YAXXZ       100314e0 f   GraphMod.obj
 0001:00030510       ?RvrsCpy@@YIXPAG0H@Z       10031510 f   GraphMod.obj
 0001:000305b0       ?RvrsCpyGB555@@YIXPAG0HH@Z 100315b0 f   GraphMod.obj
 0001:00030860       ?RvrsCpyGB565@@YIXPAG0HH@Z 10031860 f   GraphMod.obj
 0001:00030af0       ?_PutCsp@@YAXHHHHPAG0HHHHK@Z 10031af0 f   GraphMod.obj
 0001:00030fd0       ?_PutCspLR@@YAXHHHHPAG0HHHHK@Z 10031fd0 f   GraphMod.obj
 0001:000314f0       ?_PutCspLR_GB@@YAXHHHHPAG0HHHHHK@Z 100324f0 f   GraphMod.obj
 0001:00031a40       ?_PutCspUD@@YAXHHHHPAG0HHHHK@Z 10032a40 f   GraphMod.obj
 0001:00031f30       ?_PutCsp_AB@@YAXHHHHPAG0HHHHHK@Z 10032f30 f   GraphMod.obj
 0001:00032440       ?_PutCsp_Anti@@YAXHHHHPAG0HHHHK@Z 10033440 f   GraphMod.obj
 0001:00032920       ?_PutCsp_DE@@YAXHHHHPAG0HHHHK@Z 10033920 f   GraphMod.obj
 0001:00032e00       ?_PutCsp_GB@@YAXHHHHPAG0HHHHHK@Z 10033e00 f   GraphMod.obj
 0001:000332f0       ?_PutCsp_Glow@@YAXHHHHPAG0GHHHHHK@Z 100342f0 f   GraphMod.obj
 0001:00033800       ?_PutCsp_HB@@YAXHHHHPAG0HHHHK@Z 10034800 f   GraphMod.obj
 0001:00033ce0       ?_PutCsp_LE@@YAXHHHHPAG0HHHHK@Z 10034ce0 f   GraphMod.obj
 0001:000341c0       ?_PutCsp_RGB555TORGB24@@YAXHHHHPAEHPAGHHHHK@Z 100351c0 f   GraphMod.obj
 0001:00034690       ?_PutCsp_RGB555TORGB32@@YAXHHHHPAKHPAGHHHHK@Z 10035690 f   GraphMod.obj
 0001:00034b70       ?_PutCsp_RGB555TORGB565@@YAXHHHHPAG0HHHHK@Z 10035b70 f   GraphMod.obj
 0001:00035030       ?_PutImage@@YAXHHHHPAG0HHHHK@Z 10036030 f   GraphMod.obj
 0001:000352a0       ?_PutImageUD@@YAXHHFFPAG0HHHHK@Z 100362a0 f   GraphMod.obj
 0001:00035560       ?_PutImage_GB@@YAXHHHHPAG0HHHHHK@Z 10036560 f   GraphMod.obj
 0001:000357d0       ?_PutSpr@@YAXHHHHPAG0GHHHHK@Z 100367d0 f   GraphMod.obj
 0001:00035ab0       ?_PutSprUD@@YAXHHHHPAG0GHHHHK@Z 10036ab0 f   GraphMod.obj
 0001:00035db0       ?_ZoomCsp@@YAXHHHHPAGHH0HHHHK@Z 10036db0 f   GraphMod.obj
 0001:00036620       ?_ZoomImage_Smooth@@YAXHHHHPAGHH0HHHHK@Z 10037620 f   GraphMod.obj
 0001:000369f0       ?_ZoomSpr@@YAXHHHHPAGHH0GHHHHK@Z 100379f0 f   GraphMod.obj
 0001:00036d70       ??0Action@@QAE@XZ          10037d70 f   xAniFile.obj
 0001:00036df0       ??0Cell@@QAE@XZ            10037df0 f   xAniFile.obj
 0001:00036e60       ??0Character@@QAE@XZ       10037e60 f   xAniFile.obj
 0001:00036ee0       ??0Frame@@QAE@XZ           10037ee0 f   xAniFile.obj
 0001:00036f40       ??0Group@@QAE@XZ           10037f40 f   xAniFile.obj
 0001:00036fc0       ??0xAniFile@@QAE@XZ        10037fc0 f   xAniFile.obj
 0001:00037010       ??1Action@@QAE@XZ          10038010 f   xAniFile.obj
 0001:000370a0       ??1Character@@QAE@XZ       100380a0 f   xAniFile.obj
 0001:00037130       ??1Frame@@QAE@XZ           10038130 f   xAniFile.obj
 0001:000371c0       ??1Group@@QAE@XZ           100381c0 f   xAniFile.obj
 0001:00037250       ??1xAniFile@@QAE@XZ        10038250 f   xAniFile.obj
 0001:000372e0       ??_GAction@@QAEPAXI@Z      100382e0 f i xAniFile.obj
 0001:00037350       ??_GCharacter@@QAEPAXI@Z   10038350 f i xAniFile.obj
 0001:000373c0       ??_GFrame@@QAEPAXI@Z       100383c0 f i xAniFile.obj
 0001:00037430       ??_GGroup@@QAEPAXI@Z       10038430 f i xAniFile.obj
 0001:000374a0       ?AddAction@Group@@QAEXPAD@Z 100384a0 f   xAniFile.obj
 0001:00037660       ?AddCell@Frame@@QAEXHHHH@Z 10038660 f   xAniFile.obj
 0001:00037820       ?AddCharacter@xAniFile@@QAEXPAD@Z 10038820 f   xAniFile.obj
 0001:000379d0       ?AddFrame@Action@@QAEXH@Z  100389d0 f   xAniFile.obj
 0001:00037b90       ?AddGroup@Character@@QAEXPAD@Z 10038b90 f   xAniFile.obj
 0001:00037d50       ?DelAction@Group@@QAEXH@Z  10038d50 f   xAniFile.obj
 0001:00037f20       ?DelCell@Frame@@QAEXH@Z    10038f20 f   xAniFile.obj
 0001:000380b0       ?DelCharacter@xAniFile@@QAEXH@Z 100390b0 f   xAniFile.obj
 0001:00038290       ?DelFrame@Action@@QAEXH@Z  10039290 f   xAniFile.obj
 0001:00038460       ?DelGroup@Character@@QAEXH@Z 10039460 f   xAniFile.obj
 0001:00038630       ?Destroy@Action@@QAEXXZ    10039630 f   xAniFile.obj
 0001:00038780       ?Destroy@Character@@QAEXXZ 10039780 f   xAniFile.obj
 0001:000388d0       ?Destroy@Frame@@QAEXXZ     100398d0 f   xAniFile.obj
 0001:000389f0       ?Destroy@Group@@QAEXXZ     100399f0 f   xAniFile.obj
 0001:00038b40       ?Destroy@xAniFile@@QAEXXZ  10039b40 f   xAniFile.obj
 0001:00038c80       ?GetActionPt@xAniFile@@QAEPAVAction@@HHH@Z 10039c80 f   xAniFile.obj
 0001:00038d40       ?GetCellPt@xAniFile@@QAEPAVCell@@HHHHH@Z 10039d40 f   xAniFile.obj
 0001:00038e90       ?GetCharacterPt@xAniFile@@QAEPAVCharacter@@H@Z 10039e90 f   xAniFile.obj
 0001:00038ef0       ?GetFramePt@xAniFile@@QAEPAVFrame@@HHHH@Z 10039ef0 f   xAniFile.obj
 0001:00038ff0       ?GetGroupPt@xAniFile@@QAEPAVGroup@@HH@Z 10039ff0 f   xAniFile.obj
 0001:00039080       ?GetPtrAction@Group@@QAEPAVAction@@H@Z 1003a080 f   xAniFile.obj
 0001:000390f0       ?GetPtrAction@Group@@QAEPAVAction@@PADPAH@Z 1003a0f0 f   xAniFile.obj
 0001:000391e0       ?GetPtrCell@Frame@@QAEPAVCell@@H@Z 1003a1e0 f   xAniFile.obj
 0001:00039240       ?GetPtrCharacter@xAniFile@@QAEPAVCharacter@@H@Z 1003a240 f   xAniFile.obj
 0001:000392a0       ?GetPtrCharacter@xAniFile@@QAEPAVCharacter@@PADPAH@Z 1003a2a0 f   xAniFile.obj
 0001:00039390       ?GetPtrFrame@Action@@QAEPAVFrame@@H@Z 1003a390 f   xAniFile.obj
 0001:00039400       ?GetPtrGroup@Character@@QAEPAVGroup@@H@Z 1003a400 f   xAniFile.obj
 0001:00039470       ?GetPtrGroup@Character@@QAEPAVGroup@@PADPAH@Z 1003a470 f   xAniFile.obj
 0001:00039560       ?Load@xAniFile@@QAEHPAU_iobuf@@@Z 1003a560 f   xAniFile.obj
 0001:00039bf0       ?MovAction@Group@@QAEXHH@Z 1003abf0 f   xAniFile.obj
 0001:00039da0       ?MovCell@Frame@@QAEXHH@Z   1003ada0 f   xAniFile.obj
 0001:00039f50       ?MovCharacter@xAniFile@@QAEXHH@Z 1003af50 f   xAniFile.obj
 0001:0003a100       ?MovFrame@Action@@QAEXHH@Z 1003b100 f   xAniFile.obj
 0001:0003a2b0       ?MovGroup@Character@@QAEXHH@Z 1003b2b0 f   xAniFile.obj
 0001:0003a460       ?OnDeleteSpr@xAniFile@@QAEXH@Z 1003b460 f   xAniFile.obj
 0001:0003a720       ?OnMoveSpr@xAniFile@@QAEXHH@Z 1003b720 f   xAniFile.obj
 0001:0003aa60       ?Save@xAniFile@@QAEHPAU_iobuf@@@Z 1003ba60 f   xAniFile.obj
 0001:0003af30       ?Set@Action@@QAEXPAD@Z     1003bf30 f   xAniFile.obj
 0001:0003afa0       ?Set@Cell@@QAEXHHHH@Z      1003bfa0 f   xAniFile.obj
 0001:0003b010       ?Set@Character@@QAEXPAD@Z  1003c010 f   xAniFile.obj
 0001:0003b080       ?Set@Frame@@QAEXH@Z        1003c080 f   xAniFile.obj
 0001:0003b0d0       ?Set@Group@@QAEXPAD@Z      1003c0d0 f   xAniFile.obj
 0001:0003b140       ??0xAniMan@@QAE@XZ         1003c140 f   xAniMan.obj
 0001:0003b1a0       ??1xAniMan@@QAE@XZ         1003c1a0 f   xAniMan.obj
 0001:0003b1e0       ?Clear@xAniMan@@QAEXXZ     1003c1e0 f   xAniMan.obj
 0001:0003b310       ?GetNowCellInfo@xAniMan@@QAEHHPAH000@Z 1003c310 f   xAniMan.obj
 0001:0003b400       ?GetNowCellInfo@xAniMan@@QAEHPAH000@Z 1003c400 f   xAniMan.obj
 0001:0003b500       ?GetNowCellInfo@xAniMan@@QAEHPAUPLAYSTUFF@@PAH@Z 1003c500 f   xAniMan.obj
 0001:0003b690       ?GetNowFrameInfo@xAniMan@@QAEHHPAH0@Z 1003c690 f   xAniMan.obj
 0001:0003b740       ?GetNowFrameInfo@xAniMan@@QAEHPAH0@Z 1003c740 f   xAniMan.obj
 0001:0003b7c0       ?GetPlayStuff@xAniMan@@QAEHPAUPLAYSTUFF@@PAH@Z 1003c7c0 f   xAniMan.obj
 0001:0003ba30       ?Init@xAniMan@@QAEHPAVxAniFile@@@Z 1003ca30 f   xAniMan.obj
 0001:0003bae0       ?Init@xAniMan@@QAEHPAVxSprite@@@Z 1003cae0 f   xAniMan.obj
 0001:0003bb70       ?Pause@xAniMan@@QAEXXZ     1003cb70 f   xAniMan.obj
 0001:0003bbc0       ?PlayAction@xAniMan@@QAEHPAVCPage@@HHHHHG@Z 1003cbc0 f   xAniMan.obj
 0001:0003bd30       ?PlayAction@xAniMan@@QAEHPAVxLayer@@HHHHG@Z 1003cd30 f   xAniMan.obj
 0001:0003be70       ?ResetAction@xAniMan@@QAEXH@Z 1003ce70 f   xAniMan.obj
 0001:0003bf00       ?ResetCell@xAniMan@@QAEXXZ 1003cf00 f   xAniMan.obj
 0001:0003bf60       ?ResetCharacter@xAniMan@@QAEXH@Z 1003cf60 f   xAniMan.obj
 0001:0003bfe0       ?ResetFrame@xAniMan@@QAEXH@Z 1003cfe0 f   xAniMan.obj
 0001:0003c060       ?ResetGroup@xAniMan@@QAEXH@Z 1003d060 f   xAniMan.obj
 0001:0003c0e0       ?Resume@xAniMan@@QAEXXZ    1003d0e0 f   xAniMan.obj
 0001:0003c130       ?SetAction@xAniMan@@QAEHHH@Z 1003d130 f   xAniMan.obj
 0001:0003c1f0       ?SetAction@xAniMan@@QAEHPADH@Z 1003d1f0 f   xAniMan.obj
 0001:0003c2b0       ?SetBackward@xAniMan@@QAEXXZ 1003d2b0 f   xAniMan.obj
 0001:0003c300       ?SetCell@xAniMan@@QAEHH@Z  1003d300 f   xAniMan.obj
 0001:0003c3a0       ?SetCharacter@xAniMan@@QAEHHH@Z 1003d3a0 f   xAniMan.obj
 0001:0003c460       ?SetCharacter@xAniMan@@QAEHPADH@Z 1003d460 f   xAniMan.obj
 0001:0003c520       ?SetForward@xAniMan@@QAEXXZ 1003d520 f   xAniMan.obj
 0001:0003c570       ?SetFrame@xAniMan@@QAEHHH@Z 1003d570 f   xAniMan.obj
 0001:0003c640       ?SetGroup@xAniMan@@QAEHHH@Z 1003d640 f   xAniMan.obj
 0001:0003c700       ?SetGroup@xAniMan@@QAEHPADH@Z 1003d700 f   xAniMan.obj
 0001:0003c7c0       ?SetLoop@xAniMan@@QAEXH@Z  1003d7c0 f   xAniMan.obj
 0001:0003c810       ??0CLayerObj@@QAE@XZ       1003d810 f   xLayer.obj
 0001:0003c860       ??0CLayerPlane@@QAE@XZ     1003d860 f   xLayer.obj
 0001:0003c8c0       ??0CLayerSprObj@@QAE@XZ    1003d8c0 f   xLayer.obj
 0001:0003c940       ??0xLayer@@QAE@XZ          1003d940 f   xLayer.obj
 0001:0003c9a0       ??1xLayer@@QAE@XZ          1003d9a0 f   xLayer.obj
 0001:0003ca30       ?Clear@xLayer@@QAEXXZ      1003da30 f   xLayer.obj
 0001:0003cb10       ?Destroy@xLayer@@QAEXXZ    1003db10 f   xLayer.obj
 0001:0003cc50       ?Draw@CLayerSprObj@@UAEXPAVCPage@@@Z 1003dc50 f   xLayer.obj
 0001:0003cce0       ?Draw@xLayer@@QAEXH@Z      1003dce0 f   xLayer.obj
 0001:0003cdd0       ?Init@xLayer@@QAEHPAVCPage@@HH@Z 1003ddd0 f   xLayer.obj
 0001:0003cf30       ?Set@xLayer@@QAEXHHHHPAUSPRITE30@@KHG@Z 1003df30 f   xLayer.obj
 0001:0003d000       ?Set@xLayer@@QAEXHHHHPAVxSprite@@HKHG@Z 1003e000 f   xLayer.obj
 0001:0003d100       ?Set@xLayer@@QAEXHHHPAUSPRITE30@@KHG@Z 1003e100 f   xLayer.obj
 0001:0003d1b0       ?Set@xLayer@@QAEXHHPAUSPRITE30@@KHG@Z 1003e1b0 f   xLayer.obj
 0001:0003d290       ?Set@xLayer@@QAEXHHPAVxSprite@@HKHG@Z 1003e290 f   xLayer.obj
 0001:0003d3b0       ?SetObject@CLayerPlane@@QAEXHHPAUSPRITE30@@KHG@Z 1003e3b0 f   xLayer.obj
 0001:0003d540       ??0xSprite@@QAE@XZ         1003e540 f   xSprite.obj
 0001:0003d5c0       ??1xSprite@@QAE@XZ         1003e5c0 f   xSprite.obj
 0001:0003d660       ?ANALYSIS_RGB555@@YAXGPAG00@Z 1003e660 f   xSprite.obj
 0001:0003d6d0       ?ANALYSIS_RGB565@@YAXGPAG00@Z 1003e6d0 f   xSprite.obj
 0001:0003d740       ?ChangePixelFormat@xSprite@@QAEHH@Z 1003e740 f   xSprite.obj
 0001:0003dd70       ?Compress@xSprite@@QAEHJ@Z 1003ed70 f   xSprite.obj
 0001:0003df50       ?DeCompress@xSprite@@QAEHJ@Z 1003ef50 f   xSprite.obj
 0001:0003e140       ?DecodeSpr0@@YAXPAGHH0G@Z  1003f140 f   xSprite.obj
 0001:0003e2f0       ?EncodeSpr0@@YAKPAGHHPAPAGG@Z 1003f2f0 f   xSprite.obj
 0001:0003e790       ?Insert@xSprite@@QAEHJHHPAGGH@Z 1003f790 f   xSprite.obj
 0001:0003ebf0       ?InsertByCopy@xSprite@@QAEHJHHPAGGH@Z 1003fbf0 f   xSprite.obj
 0001:0003ed10       ?Load@xSprite@@QAEHPAD@Z   1003fd10 f   xSprite.obj
 0001:0003ed70       ?Load@xSprite@@QAEHPADH@Z  1003fd70 f   xSprite.obj
 0001:0003f8d0       ?NewSpace@xSprite@@QAEHHHPAGGH@Z 100408d0 f   xSprite.obj
 0001:0003fc30       ?OptimizeSize@xSprite@@QAEXHH@Z 10040c30 f   xSprite.obj
 0001:00040410       ?RGB555_TO_BGR565@@YAGG@Z  10041410 f   xSprite.obj
 0001:00040490       ?RGB555_TO_RGB565@@YAGG@Z  10041490 f   xSprite.obj
 0001:00040510       ?RGB565_TO_BGR565@@YAGG@Z  10041510 f   xSprite.obj
 0001:00040590       ?RGB565_TO_RGB555@@YAGG@Z  10041590 f   xSprite.obj
 0001:00040610       ?Remove@xSprite@@QAEXXZ    10041610 f   xSprite.obj
 0001:000407f0       ?Save@xSprite@@QAEHPAD@Z   100417f0 f   xSprite.obj
 0001:00040e00       ?TransToSpr@xSprite@@QAEHHHPAGG@Z 10041e00 f   xSprite.obj
 0001:00041140       ??0CTime@ATL@@QAE@GGH@Z    10042140 f i UnzipFile.obj
 0001:00041310       ??0CUnzipFile@@QAE@PBD@Z   10042310 f   UnzipFile.obj
 0001:000413f0       ??0CUnzipFile@@QAE@XZ      100423f0 f   UnzipFile.obj
 0001:000414c0       ??0file_in_zip_read_info@@QAE@XZ 100424c0 f   UnzipFile.obj
[...]
 0002:0000f810       __unwindtable$??0CResMan@@QAE@XZ 1007c810     ResMan.obj
 0002:0000f830       __ehfuncinfo$??0CResMan@@QAE@XZ 1007c830     ResMan.obj
 0002:0000f85c       __ehfuncinfo$??1CResMan@@UAE@XZ 1007c85c     ResMan.obj
 0002:0000f884       __unwindtable$?Destroy@CResMan@@QAEXXZ 1007c884     ResMan.obj
 0002:0000f88c       __ehfuncinfo$?Destroy@CResMan@@QAEXXZ 1007c88c     ResMan.obj
 0002:0000f8b4       __ehfuncinfo$?OpenSpr@CResMan@@QAEPAVCSprFile@@HHH@Z 1007c8b4     ResMan.obj
 0002:0000f8d8       __unwindtable$?OpenSpr@CResMan@@QAEPAVCSprFile@@HHH@Z 1007c8d8     ResMan.obj
 0002:0000f908       __unwindtable$?CloseSpr@CResMan@@QAEHHHH@Z 1007c908     ResMan.obj
 0002:0000f910       __ehfuncinfo$?CloseSpr@CResMan@@QAEHHHH@Z 1007c910     ResMan.obj
 0002:0000f938       __ehfuncinfo$??1?$CSimpleArray@GV?$CSimpleArrayEqualHelper@G@ATL@@@ATL@@QAE@XZ 1007c938     dllmain.obj
 0002:0000f960       __unwindtable$??0_ATL_WIN_MODULE70@ATL@@QAE@XZ 1007c960     dllmain.obj
 0002:0000f968       __ehfuncinfo$??0_ATL_WIN_MODULE70@ATL@@QAE@XZ 1007c968     dllmain.obj
 0002:0000f990       __ehfuncinfo$??1CAtlComModule@ATL@@QAE@XZ 1007c990     dllmain.obj
 0002:0000f9b8       __ehfuncinfo$??1CAtlWinModule@ATL@@QAE@XZ 1007c9b8     dllmain.obj
 0002:0000f9e0       __ehfuncinfo$??1CPage@@QAE@XZ 1007c9e0     Graphic.obj
 0002:0000fa08       __ehfuncinfo$??1xAniFile@@QAE@XZ 1007ca08     xAniFile.obj
 0002:0000fa30       __unwindtable$?Load@xAniFile@@QAEHPAU_iobuf@@@Z 1007ca30     xAniFile.obj
 0002:0000fa50       __ehfuncinfo$?Load@xAniFile@@QAEHPAU_iobuf@@@Z 1007ca50     xAniFile.obj
 0002:0000fa7c       __unwindtable$?AddCharacter@xAniFile@@QAEXPAD@Z 1007ca7c     xAniFile.obj
 0002:0000fa84       __ehfuncinfo$?AddCharacter@xAniFile@@QAEXPAD@Z 1007ca84     xAniFile.obj
 0002:0000faac       __ehfuncinfo$??1Character@@QAE@XZ 1007caac     xAniFile.obj
 0002:0000fad4       __unwindtable$?AddGroup@Character@@QAEXPAD@Z 1007cad4     xAniFile.obj
 0002:0000fadc       __ehfuncinfo$?AddGroup@Character@@QAEXPAD@Z 1007cadc     xAniFile.obj
 0002:0000fb04       __ehfuncinfo$??1Group@@QAE@XZ 1007cb04     xAniFile.obj
 0002:0000fb2c       __unwindtable$?AddAction@Group@@QAEXPAD@Z 1007cb2c     xAniFile.obj
 0002:0000fb34       __ehfuncinfo$?AddAction@Group@@QAEXPAD@Z 1007cb34     xAniFile.obj
 0002:0000fb5c       __ehfuncinfo$??1Action@@QAE@XZ 1007cb5c     xAniFile.obj
 0002:0000fb84       __unwindtable$?AddFrame@Action@@QAEXH@Z 1007cb84     xAniFile.obj
 0002:0000fb8c       __ehfuncinfo$?AddFrame@Action@@QAEXH@Z 1007cb8c     xAniFile.obj
 0002:0000fbb4       __ehfuncinfo$??1Frame@@QAE@XZ 1007cbb4     xAniFile.obj
 0002:0000fbdc       __unwindtable$?AddCell@Frame@@QAEXHHHH@Z 1007cbdc     xAniFile.obj
 0002:0000fbe4       __ehfuncinfo$?AddCell@Frame@@QAEXHHHH@Z 1007cbe4     xAniFile.obj
 0002:0000fc0c       __unwindtable$?SetObject@CLayerPlane@@QAEXHHPAUSPRITE30@@KHG@Z 1007cc0c     xLayer.obj
 0002:0000fc14       __ehfuncinfo$?SetObject@CLayerPlane@@QAEXHHPAUSPRITE30@@KHG@Z 1007cc14     xLayer.obj
 0002:0000fc3c       __ehfuncinfo$??1xLayer@@QAE@XZ 1007cc3c     xLayer.obj
 0002:0000fc64       __unwindtable$?Init@xLayer@@QAEHPAVCPage@@HH@Z 1007cc64     xLayer.obj
 0002:0000fc6c       __ehfuncinfo$?Init@xLayer@@QAEHPAVCPage@@HH@Z 1007cc6c     xLayer.obj
 0002:0000fc94       __ehfuncinfo$??1xSprite@@QAE@XZ 1007cc94     xSprite.obj
 0002:0000fcbc       __ehfuncinfo$??1unz_s@@QAE@XZ 1007ccbc     UnzipFile.obj
 0002:0000fce4       __unwindtable$?alloc_pfile_in_zip_read@unz_s@@QAEXXZ 1007cce4     UnzipFile.obj
 0002:0000fcec       __ehfuncinfo$?alloc_pfile_in_zip_read@unz_s@@QAEXXZ 1007ccec     UnzipFile.obj
 0002:0000fd14       __unwindtable$?UpdateFileStatus@CUnzipFile@@QAEXAAVCFile@@AAUunz_file_info@@@Z 1007cd14     UnzipFile.obj
 0002:0000fd1c       __ehfuncinfo$?UpdateFileStatus@CUnzipFile@@QAEXAAVCFile@@AAUunz_file_info@@@Z 1007cd1c     UnzipFile.obj
 0002:0000fd44       __unwindtable$??0CUnzipFile@@QAE@XZ 1007cd44     UnzipFile.obj
 0002:0000fd4c       __ehfuncinfo$??0CUnzipFile@@QAE@XZ 1007cd4c     UnzipFile.obj
 0002:0000fd74       __unwindtable$?Open@CUnzipFile@@QAEXPBD@Z 1007cd74     UnzipFile.obj
 0002:0000fd7c       __ehfuncinfo$?Open@CUnzipFile@@QAEXPBD@Z 1007cd7c     UnzipFile.obj
 0002:0000fda4       __unwindtable$?LocateFile@CUnzipFile@@QAE_NV?$CStringT@DV?$StrTraitMFC_DLL@DV?$ChTraitsCRT@D@ATL@@@@@ATL@@_N@Z 1007cda4     UnzipFile.obj
 0002:0000fdbc       __ehfuncinfo$?LocateFile@CUnzipFile@@QAE_NV?$CStringT@DV?$StrTraitMFC_DLL@DV?$ChTraitsCRT@D@ATL@@@@@ATL@@_N@Z 1007cdbc     UnzipFile.obj
 0002:0000fde8       __unwindtable$??0CUnzipFile@@QAE@PBD@Z 1007cde8     UnzipFile.obj
 0002:0000fdf8       __ehfuncinfo$??0CUnzipFile@@QAE@PBD@Z 1007cdf8     UnzipFile.obj
 0002:0000fe24       __catchsym$?unzlocal_SearchCentralDir@CUnzipFile@@IAEKXZ$2 1007ce24     UnzipFile.obj
 0002:0000fe34       __unwindtable$?unzlocal_SearchCentralDir@CUnzipFile@@IAEKXZ 1007ce34     UnzipFile.obj
 0002:0000fe44       __tryblocktable$?unzlocal_SearchCentralDir@CUnzipFile@@IAEKXZ 1007ce44     UnzipFile.obj
 0002:0000fe58       __ehfuncinfo$?unzlocal_SearchCentralDir@CUnzipFile@@IAEKXZ 1007ce58     UnzipFile.obj
 0002:0000ff30       __unwindtable$??0CZipException@@QAE@HPBD_N@Z 1007cf30     ZipException.obj
 0002:0000ff40       __ehfuncinfo$??0CZipException@@QAE@HPBD_N@Z 1007cf40     ZipException.obj
 0002:0000ff6c       __unwindtable$?AfxThrowZipException@@YAXHPBD_N@Z 1007cf6c     ZipException.obj
 0002:0000ff74       __ehfuncinfo$?AfxThrowZipException@@YAXHPBD_N@Z 1007cf74     ZipException.obj
 0002:0000ffe8       __ehfuncinfo$??1curfile_info@@QAE@XZ 1007cfe8     ZipFile.obj
 0002:00010010       __unwindtable$?add_data_in_datablock@linkedlist_data@@QAEXPADK@Z 1007d010     ZipFile.obj
 0002:00010020       __ehfuncinfo$?add_data_in_datablock@linkedlist_data@@QAEXPADK@Z 1007d020     ZipFile.obj
 0002:0001004c       __unwindtable$??0zip_internal@@QAE@XZ 1007d04c     ZipFile.obj
 0002:0001005c       __ehfuncinfo$??0zip_internal@@QAE@XZ 1007d05c     ZipFile.obj
 0002:00010088       __unwindtable$??0CZipFile@@QAE@XZ 1007d088     ZipFile.obj
 0002:00010090       __ehfuncinfo$??0CZipFile@@QAE@XZ 1007d090     ZipFile.obj
 0002:000100b8       __unwindtable$?Open@CZipFile@@QAEXPBD_N@Z 1007d0b8     ZipFile.obj
 0002:000100c0       __ehfuncinfo$?Open@CZipFile@@QAEXPBD_N@Z 1007d0c0     ZipFile.obj
 0002:000100e8       __unwindtable$??0CZipFile@@QAE@PBD_N@Z 1007d0e8     ZipFile.obj
 0002:000100f8       __ehfuncinfo$??0CZipFile@@QAE@PBD_N@Z 1007d0f8     ZipFile.obj
 0002:00010124       __unwindtable$?OpenNewFileInZip@CZipFile@@QAEXV?$CStringT@DV?$StrTraitMFC_DLL@DV?$ChTraitsCRT@D@ATL@@@@@ATL@@AAUzip_fileinfo@@H0PBXI2IH@Z 1007d124     ZipFile.obj
 0002:00010134       __ehfuncinfo$?OpenNewFileInZip@CZipFile@@QAEXV?$CStringT@DV?$StrTraitMFC_DLL@DV?$ChTraitsCRT@D@ATL@@@@@ATL@@AAUzip_fileinfo@@H0PBXI2IH@Z 1007d134     ZipFile.obj
 0002:00010160       __unwindtable$?Close@CZipFile@@QAEXV?$CStringT@DV?$StrTraitMFC_DLL@DV?$ChTraitsCRT@D@ATL@@@@@ATL@@@Z 1007d160     ZipFile.obj
 0002:00010168       __ehfuncinfo$?Close@CZipFile@@QAEXV?$CStringT@DV?$StrTraitMFC_DLL@DV?$ChTraitsCRT@D@ATL@@@@@ATL@@@Z 1007d168     ZipFile.obj
 0002:00010190       __ehfuncinfo$??1CZUBaseFile@@UAE@XZ 1007d190     ZUBaseFile.obj
 0002:000101b8       __unwindtable$?ThrowError@CZUBaseFile@@IAEXH@Z 1007d1b8     ZUBaseFile.obj
 0002:000101d0       __ehfuncinfo$?ThrowError@CZUBaseFile@@IAEXH@Z 1007d1d0     ZUBaseFile.obj
 0002:00010200       __sehtable$_WinbaseIsolationAwarePrivatetRgzlnPgpgk@0 1007d200     mfcs140d:nolib.obj
 0002:00010220       __sehtable$_IsolationAwareUnregisterClassA@8 1007d220     mfcs140d:nolib.obj
 0002:00010240       __ehfuncinfo$??_Estringdispid@CComTypeInfoHolder@ATL@@QAEPAXI@Z 1007d240     mfcs140d:nolib.obj
 0002:00010268       __sehtable$??_M@YGXPAXIIP6EX0@Z@Z 1007d268     msvcrtd:ehvecdtr.obj
 0002:00010288       __sehtable$?__ArrayUnwind@@YGXPAXIIP6EX0@Z@Z 1007d288     msvcrtd:ehvecdtr.obj
 0002:000102a8       __sehtable$___scrt_is_nonwritable_in_current_image 1007d2a8     msvcrtd:utility.obj
 0002:000102c8       __ehfuncinfo$?__scrt_initialize_thread_safe_statics_platform_specific@@YAXXZ 1007d2c8     msvcrtd:thread_safe_statics.obj
 0002:000102f0       __ehfuncinfo$?__scrt_uninitialize_thread_safe_statics@@YAXXZ 1007d2f0     msvcrtd:thread_safe_statics.obj
 0002:00010318       __sehtable$??_L@YGXPAXIIP6EX0@Z1@Z 1007d318     msvcrtd:ehvecctr.obj
 0002:00010338       __sehtable$?notify_debugger@@YAXABUtagEXCEPTION_VISUALCPP_DEBUG_INFO@@@Z 1007d338     msvcrtd:error.obj
 0002:00010358       __sehtable$?dllmain_crt_process_attach@@YAHQAUHINSTANCE__@@QAX@Z 1007d358     msvcrtd:dll_dllmain.obj
 0002:00010378       __sehtable$?dllmain_crt_process_detach@@YAH_N@Z 1007d378     msvcrtd:dll_dllmain.obj
 0002:00010398       __sehtable$?dllmain_dispatch@@YAHQAUHINSTANCE__@@KQAX@Z 1007d398     msvcrtd:dll_dllmain.obj
 0002:000109b0       .edata                     1007d9b0     nmavatar_d.exp
 0002:000109d8       rgpv                       1007d9d8     nmavatar_d.exp
 0002:00010ac0       rgszName                   1007dac0     nmavatar_d.exp
 0002:00010ba8       rgwOrd                     1007dba8     nmavatar_d.exp
 0002:00010c1c       szName                     1007dc1c     nmavatar_d.exp
 0002:00010c2b       $N00001                    1007dc2b     nmavatar_d.exp
 0002:00010c53       $N00002                    1007dc53     nmavatar_d.exp
 0002:00010c74       $N00003                    1007dc74     nmavatar_d.exp
 0002:00010c95       $N00004                    1007dc95     nmavatar_d.exp
 0002:00010cc3       $N00005                    1007dcc3     nmavatar_d.exp
 0002:00010ce2       $N00006                    1007dce2     nmavatar_d.exp
 0002:00010d0d       $N00007                    1007dd0d     nmavatar_d.exp
 0002:00010d38       $N00008                    1007dd38     nmavatar_d.exp
 0002:00010d63       $N00009                    1007dd63     nmavatar_d.exp
 0002:00010d8c       $N00010                    1007dd8c     nmavatar_d.exp
 0002:00010db5       $N00011                    1007ddb5     nmavatar_d.exp
 0002:00010ddb       $N00012                    1007dddb     nmavatar_d.exp
 0002:00010e0f       $N00013                    1007de0f     nmavatar_d.exp
 0002:00010e36       $N00014                    1007de36     nmavatar_d.exp
 0002:00010e6c       $N00015                    1007de6c     nmavatar_d.exp
 0002:00010e9a       $N00016                    1007de9a     nmavatar_d.exp
 0002:00010ecb       $N00017                    1007decb     nmavatar_d.exp
 0002:00010f07       $N00018                    1007df07     nmavatar_d.exp
 0002:00010f51       $N00019                    1007df51     nmavatar_d.exp
 0002:00010f8e       $N00020                    1007df8e     nmavatar_d.exp
 0002:00010fcd       $N00021                    1007dfcd     nmavatar_d.exp
 0002:00010ffd       $N00022                    1007dffd     nmavatar_d.exp
 0002:00011033       $N00023                    1007e033     nmavatar_d.exp
 0002:0001105e       $N00024                    1007e05e     nmavatar_d.exp
 0002:00011085       $N00025                    1007e085     nmavatar_d.exp
 0002:000110b7       $N00026                    1007e0b7     nmavatar_d.exp
 0002:000110eb       $N00027                    1007e0eb     nmavatar_d.exp
 0002:0001111e       $N00028                    1007e11e     nmavatar_d.exp
 0002:0001114c       $N00029                    1007e14c     nmavatar_d.exp
 0002:00011180       $N00030                    1007e180     nmavatar_d.exp
 0002:000111c9       $N00031                    1007e1c9     nmavatar_d.exp
 0002:00011200       $N00032                    1007e200     nmavatar_d.exp
 0002:0001122e       $N00033                    1007e22e     nmavatar_d.exp
 0002:00011263       $N00034                    1007e263     nmavatar_d.exp
 0002:00011294       $N00035                    1007e294     nmavatar_d.exp
 0002:000112c0       $N00036                    1007e2c0     nmavatar_d.exp
 0002:000112ec       $N00037                    1007e2ec     nmavatar_d.exp
 0002:00011324       $N00038                    1007e324     nmavatar_d.exp
 0002:00011368       $N00039                    1007e368     nmavatar_d.exp
 0002:00011398       $N00040                    1007e398     nmavatar_d.exp
 0002:000113ca       $N00041                    1007e3ca     nmavatar_d.exp
 0002:000113fa       $N00042                    1007e3fa     nmavatar_d.exp
 0002:00011434       $N00043                    1007e434     nmavatar_d.exp
 0002:00011471       $N00044                    1007e471     nmavatar_d.exp
 0002:000114a7       $N00045                    1007e4a7     nmavatar_d.exp
 0002:000114dc       $N00046                    1007e4dc     nmavatar_d.exp
 0002:00011506       $N00047                    1007e506     nmavatar_d.exp
 0002:00011539       $N00048                    1007e539     nmavatar_d.exp
 0002:0001156c       $N00049                    1007e56c     nmavatar_d.exp
 0002:0001159e       $N00050                    1007e59e     nmavatar_d.exp
 0002:000115d0       $N00051                    1007e5d0     nmavatar_d.exp
 0002:000115fb       $N00052                    1007e5fb     nmavatar_d.exp
 0002:00011624       $N00053                    1007e624     nmavatar_d.exp
 0002:00011656       $N00054                    1007e656     nmavatar_d.exp
 0002:00011688       $N00055                    1007e688     nmavatar_d.exp
 0002:000116b9       $N00056                    1007e6b9     nmavatar_d.exp
 0002:000116ea       $N00057                    1007e6ea     nmavatar_d.exp
 0002:0001171e       $N00058                    1007e71e     nmavatar_d.exp
 0003:00000020       ?THIS_FILE@@3PADA          1007f020     GetHttp.obj
 0003:00000078       ?THIS_FILE@@3PADA          1007f078     Gif2Spr.obj
 0003:000000d0       ?THIS_FILE@@3PADA          1007f0d0     PictureEx.obj
 0003:00000158       ?myVersion@?1??main@@9@9   1007f158     example.obj
 0003:0000015c       _static_l_desc             1007f15c     trees.obj
 0003:00000170       _static_d_desc             1007f170     trees.obj
 0003:00000184       _static_bl_desc            1007f184     trees.obj
 0003:00002f38       ?ResMan@AVATAR@NMBASE@@3VCResMan@@A 10081f38     Avatar.obj
 0003:000030b0       ?LocalPage@AVATAR@NMBASE@@3VCPage@@A 100820b0     Avatar.obj
 0003:00003114       ?g_AutoDestroy@AVATAR@NMBASE@@3VCAutoDestroy@12@A 10082114     Avatar.obj
 0003:00003118       ?AttachPage@AVATAR@NMBASE@@3VCPage@@A 10082118     Avatar.obj
 0003:0000317c       ?LoadingSpr@AVATAR@NMBASE@@3VxSprite@@A 1008217c     Avatar.obj
 0003:000031a4       ?g_bAvatarInited@AVATAR@NMBASE@@3HA 100821a4     Avatar.obj
 0003:000031a8       ?AvatarRes@AVATAR@NMBASE@@3PAPAVCAvatarResource@12@A 100821a8     Avatar.obj
 0003:000039a8       ?BaseAvatarDir@AVATAR@NMBASE@@3PADA 100829a8     Avatar.obj
 0003:00003ba8       ?bAvatarInitialized@AVATAR@NMBASE@@3HA 10082ba8     Avatar.obj
 0003:00003bac       ?bSetBaseAvaterDir@AVATAR@NMBASE@@3HA 10082bac     Avatar.obj
 0003:00003bb0       ?strBaseAvatarDir@AVATAR@NMBASE@@3PADA 10082bb0     Avatar.obj
 0003:00003cb4       ?g_strSiteName@AVATAR@NMBASE@@3PADA 10082cb4     Avatar.obj
 0003:00003cdc       ?tottick@?CL@??DrawAvatarToPage@AVATAR@NMBASE@@YAHPAVCPage@@HHPAVCAvatarResource@23@HHH@Z@4IA 10082cdc     Avatar.obj
 0003:00003ce0       ?sStatus@?1??GetAvatarStatusString@CAvatar@AVATAR@NMBASE@@KAPADXZ@4V?$CStringT@DV?$StrTraitMFC_DLL@DV?$ChTraitsCRT@D@ATL@@@@@ATL@@A 10082ce0     Avatar.obj
 0003:00003ce4       ?$TSS0@?1??GetAvatarStatusString@CAvatar@AVATAR@NMBASE@@KAPADXZ@4HA 10082ce4     Avatar.obj
 0003:00003ce8       ?TarPage@?1??DrawAvatarToDC_SmoothZoom@CAvatar@AVATAR@NMBASE@@IAEHHHIPAUHDC__@@HHKH@Z@4VCPage@@A 10082ce8     Avatar.obj
 0003:00003d4c       ?$TSS0@?1??DrawAvatarToDC_SmoothZoom@CAvatar@AVATAR@NMBASE@@IAEHHHIPAUHDC__@@HHKH@Z@4HA 10082d4c     Avatar.obj
 0003:00003d50       ?SrcPage@?1??DrawAvatarToDC_SmoothZoom@CAvatar@AVATAR@NMBASE@@IAEHHHIPAUHDC__@@HHKH@Z@4VCPage@@A 10082d50     Avatar.obj
 0003:00003db4       ?$TSS1@?1??DrawAvatarToDC_SmoothZoom@CAvatar@AVATAR@NMBASE@@IAEHHHIPAUHDC__@@HHKH@Z@4HA 10082db4     Avatar.obj
 0003:000040a4       ?hWndNotify@@3PAUHWND__@@A 100830a4     ExtractFile.obj
 0003:000040a8       ?pExtractThread@@3PAVCWinThread@@A 100830a8     ExtractFile.obj
 0003:000040ac       ?bExtractThreadStop@@3HA   100830ac     ExtractFile.obj
 0003:000040b8       ?lastchecktime@?1??OpenSpr@CResMan@@QAEPAVCSprFile@@HHH@Z@4IA 100830b8     ResMan.obj
 0003:000040bc       ?$TSS0@?1??OpenSpr@CResMan@@QAEPAVCSprFile@@HHH@Z@4HA 100830bc     ResMan.obj
 0003:000040c0       ?bChecking@?1??OpenSpr@CResMan@@QAEPAVCSprFile@@HHH@Z@4HA 100830c0     ResMan.obj
 0003:000040e4       ?NMAvatarDLL@@3UAFX_EXTENSION_MODULE@@A 100830e4     dllmain.obj
 0003:0000c218       ?g_bInitedAlphaTable@@3HA  1008b218     GraphMod.obj
 0003:0000e380       ?is_initialized_as_dll@@3_NA 1008d380     msvcrtd:utility.obj
 0003:0000e381       ?module_local_atexit_table_initialized@@3_NA 1008d381     msvcrtd:utility.obj
 0003:0000e384       ?module_local_atexit_table@@3U_onexit_table_t@@A 1008d384     msvcrtd:utility.obj
 0003:0000e390       ?module_local_at_quick_exit_table@@3U_onexit_table_t@@A 1008d390     msvcrtd:utility.obj
 0003:0000e3a4       ?_Tss_mutex@@3U_RTL_CRITICAL_SECTION@@A 1008d3a4     msvcrtd:thread_safe_statics.obj
 0003:0000e3bc       ?_Tss_cv@@3U_RTL_CONDITION_VARIABLE@@A 1008d3bc     msvcrtd:thread_safe_statics.obj
 0003:0000e3c0       ?_Tss_event@@3PAXA         1008d3c0     msvcrtd:thread_safe_statics.obj
 0003:0000e3c4       ?encoded_sleep_condition_variable_cs@@3P6GHPAU_RTL_CONDITION_VARIABLE@@PAU_RTL_CRITICAL_SECTION@@K@ZA 1008d3c4     msvcrtd:thread_safe_statics.obj
 0003:0000e3c8       ?encoded_wake_all_condition_variable@@3P6GXPAU_RTL_CONDITION_VARIABLE@@@ZA 1008d3c8     msvcrtd:thread_safe_statics.obj
 0003:0000e3d4       ?init@?1??_RTC_InitBase@@9@4_NA 1008d3d4     msvcrtd:init.obj
 0003:0000e3e0       _GS_ExceptionRecord        1008d3e0     msvcrtd:gs_report.obj
 0003:0000e430       _GS_ContextRecord          1008d430     msvcrtd:gs_report.obj
 0003:0000e79c       ?__proc_attached@@3HA      1008d79c     msvcrtd:dll_dllmain.obj
 0003:0000e7b0       ?_RTC_ErrorReportFunc@@3P6AHHPBDH00ZZA 1008d7b0     msvcrtd:userapi.obj
 0003:0000e7b4       ?_RTC_ErrorReportFuncW@@3P6AHHPB_WH00ZZA 1008d7b4     msvcrtd:userapi.obj
 0003:0000e7bc       ?mspdb@@3PAUHINSTANCE__@@A 1008d7bc     msvcrtd:pdblkup.obj
 0003:0000e7c0       ?alreadyTried@?1??GetPdbDll@@YAPAUHINSTANCE__@@XZ@4_NA 1008d7c0     msvcrtd:pdblkup.obj
 0003:0000e7c1       ?PDBOK@?1??_RTC_GetSrcLine@@YAHPAEPA_WKPAH1K@Z@4_NA 1008d7c1     msvcrtd:pdblkup.obj
 0004:000010d2       .idata$6                   1008f0d2     winmm:WINMM.dll
 0004:000010dc       .idata$6                   1008f0dc     mfc140d:mfc140d.dll
 0004:000015a2       .idata$6                   1008f5a2     kernel32:KERNEL32.dll
 0004:0000167a       .idata$6                   1008f67a     user32:USER32.dll
 0004:00001790       .idata$6                   1008f790     gdi32:GDI32.dll
 0004:000017cc       .idata$6                   1008f7cc     advapi32:ADVAPI32.dll
 0004:000017f2       .idata$6                   1008f7f2     ole32:ole32.dll
 0004:000017fc       .idata$6                   1008f7fc     oleaut32:OLEAUT32.dll
 0004:0000185e       .idata$6                   1008f85e     msvcprtd:MSVCP140D.dll
 0004:0000191e       .idata$6                   1008f91e     wininet:WININET.dll
 0004:00001a12       .idata$6                   1008fa12     vcruntimed:VCRUNTIME140D.dll
 0004:00001db2       .idata$6                   1008fdb2     ucrtd:ucrtbased.dll
 0007:00000220       $R000000                   10093220     NMAvatar.res
 0007:00000518       $R0002F8                   10093518     NMAvatar.res
 0007:000097d0       $R0095B0                   1009c7d0     NMAvatar.res
