 nmgraphicgdi_d

 Timestamp is 5d6cb0a9 (Mon Sep  2 15:03:21 2019)

 Preferred load address is 10000000

 Start         Length     Name                   Class
 0001:00000000 000632fbH .textbss                DATA
 0002:00000000 00007340H .text$di                CODE
 0002:00007340 000c56e0H .text$mn                CODE
 0002:000cca20 00001d80H .text$x                 CODE
 0002:000ce7a0 00001274H .text$yd                CODE
 0003:00000000 00000104H .CRT$XCA                DATA
 0003:00000104 00000104H .CRT$XCL                DATA
 0003:00000208 0000017cH .CRT$XCU                DATA
 0003:00000384 00000104H .CRT$XCZ                DATA
 0003:00000488 00000104H .CRT$XIA                DATA
 0003:0000058c 00000104H .CRT$XIC                DATA
 0003:00000690 00000104H .CRT$XIZ                DATA
 0003:00000794 00000004H .CRT$XLA                DATA
 0003:00000798 00000004H .CRT$XLZ                DATA
 0003:0000079c 00000104H .CRT$XPA                DATA
 0003:000008a0 00000104H .CRT$XPZ                DATA
 0003:000009a4 00000104H .CRT$XTA                DATA
 0003:00000aa8 00000108H .CRT$XTZ                DATA
 0003:00000bb0 00009db4H .rdata                  DATA
 0003:0000a964 0000011cH .rdata$T                DATA
 0003:0000aa80 000003acH .rdata$r                DATA
 0003:0000ae2c 00000188H .rdata$zzzdbg           DATA
 0003:0000afb4 00000104H .rtc$IAA                DATA
 0003:0000b0b8 00000170H .rtc$IMZ                DATA
 0003:0000b228 00000104H .rtc$IZZ                DATA
 0003:0000b32c 00000104H .rtc$TAA                DATA
 0003:0000b430 00000170H .rtc$TMZ                DATA
 0003:0000b5a0 00000108H .rtc$TZZ                DATA
 0003:0000b6a8 00000e6cH .xdata$x                DATA
 0003:0000c514 00000104H ATL$__a                 DATA
 0003:0000c618 00000108H ATL$__z                 DATA
 0003:0000c720 00004771H .edata                  DATA
 0004:00000000 0000026cH .data                   DATA
 0004:0000026c 0000025cH .data$r                 DATA
 0004:000004c8 00011218H .bss                    DATA
 0005:00000000 000004bcH .idata$5                DATA
 0005:000004bc 000000dcH .idata$2                DATA
 0005:00000598 00000014H .idata$3                DATA
 0005:000005ac 000004bcH .idata$4                DATA
 0005:00000a68 00000bb3H .idata$6                DATA
 0006:00000000 00000104H .tls                    DATA
 0006:00000104 00000104H .tls$                   DATA
 0006:00000208 00000101H .tls$ZZZ                DATA
 0007:00000000 00000104H .00cfg                  DATA
 0008:00000000 000001c0H .rsrc$01                DATA
 0008:000001c0 00000739H .rsrc$02                DATA

  Address         Publics by Value              Rva+Base       Lib:Object

 0000:00000000       ___guard_iat_table         00000000     <absolute>
 0000:00000000       ___hybrid_code_map_count   00000000     <absolute>
 0000:00000000       ___guard_longjmp_table     00000000     <absolute>
 0000:00000000       ___guard_iat_count         00000000     <absolute>
 0000:00000000       ___volatile_metadata       00000000     <absolute>
 0000:00000000       ___enclave_config          00000000     <absolute>
 0000:00000000       ___dynamic_value_reloc_table 00000000     <absolute>
 0000:00000000       ___guard_fids_count        00000000     <absolute>
 0000:00000000       ___guard_longjmp_count     00000000     <absolute>
 0000:00000000       ___safe_se_handler_count   00000000     <absolute>
 0000:00000000       ___hybrid_code_map         00000000     <absolute>
 0000:00000000       ___hybrid_auxiliary_iat    00000000     <absolute>
 0000:00000000       ___guard_fids_table        00000000     <absolute>
 0000:00000000       ___safe_se_handler_table   00000000     <absolute>
 0000:0000002c       __tls_array                0000002c     <absolute>
 0000:00000100       ___guard_flags             00000100     <absolute>
 0000:00000000       ___ImageBase               10000000     <linker-defined>
 0001:00000000       __enc$textbss$begin        10001000     <linker-defined>
 0001:000632fb       __enc$textbss$end          100642fb     <linker-defined>
 0002:00007340       ?_AfxInitManaged@@YAHXZ    1006c340 f i dllmain.obj
 0002:00007370       _ExtRawDllMain@12          1006c370 f   dllmain.obj
 0002:00007410       ??$AtlAdd@H@ATL@@YAJPAHHH@Z 1006c410 f i dllmain.obj
 0002:00007490       ??$AtlAdd@I@ATL@@YAJPAIII@Z 1006c490 f i dllmain.obj
 0002:00007500       ??$AtlAdd@K@ATL@@YAJPAKKK@Z 1006c500 f i dllmain.obj
 0002:00007570       ??$AtlAlignUp@H@ATL@@YGHHK@Z 1006c570 f i dllmain.obj
 0002:000075c0       ??$AtlMultiply@I@ATL@@YAJPAIII@Z 1006c5c0 f i dllmain.obj
 0002:00007640       ??$AtlMultiply@K@ATL@@YAJPAKKK@Z 1006c640 f i dllmain.obj
 0002:000076c0       ??0?$CHeapPtr@DVCCRTAllocator@ATL@@@ATL@@QAE@XZ 1006c6c0 f i dllmain.obj
 0002:00007720       ??0?$CHeapPtr@_WVCCRTAllocator@ATL@@@ATL@@QAE@XZ 1006c720 f i dllmain.obj
 0002:00007780       ??0?$CHeapPtrBase@DVCCRTAllocator@ATL@@@ATL@@IAE@XZ 1006c780 f i dllmain.obj
 0002:000077d0       ??0?$CHeapPtrBase@_WVCCRTAllocator@ATL@@@ATL@@IAE@XZ 1006c7d0 f i dllmain.obj
 0002:00007820       ??0?$CSimpleArray@GV?$CSimpleArrayEqualHelper@G@ATL@@@ATL@@QAE@XZ 1006c820 f i dllmain.obj
 0002:00007880       ??0?$CTraceCategoryEx@$00$0A@@ATL@@QAE@PBD@Z 1006c880 f i dllmain.obj
 0002:000078e0       ??0?$CTraceCategoryEx@$01$0A@@ATL@@QAE@PBD@Z 1006c8e0 f i dllmain.obj
 0002:00007940       ??0?$CTraceCategoryEx@$03$0A@@ATL@@QAE@PBD@Z 1006c940 f i dllmain.obj
 0002:000079a0       ??0?$CTraceCategoryEx@$07$0A@@ATL@@QAE@PBD@Z 1006c9a0 f i dllmain.obj
 0002:00007a00       ??0?$CTraceCategoryEx@$0BA@$0A@@ATL@@QAE@PBD@Z 1006ca00 f i dllmain.obj
 0002:00007a60       ??0?$CTraceCategoryEx@$0BAA@$0A@@ATL@@QAE@PBD@Z 1006ca60 f i dllmain.obj
 0002:00007ac0       ??0?$CTraceCategoryEx@$0BAAA@$0A@@ATL@@QAE@PBD@Z 1006cac0 f i dllmain.obj
 0002:00007b20       ??0?$CTraceCategoryEx@$0BAAAA@$0A@@ATL@@QAE@PBD@Z 1006cb20 f i dllmain.obj
 0002:00007b80       ??0?$CTraceCategoryEx@$0BAAAAA@$0A@@ATL@@QAE@PBD@Z 1006cb80 f i dllmain.obj
 0002:00007be0       ??0?$CTraceCategoryEx@$0CA@$0A@@ATL@@QAE@PBD@Z 1006cbe0 f i dllmain.obj
 0002:00007c40       ??0?$CTraceCategoryEx@$0CAA@$0A@@ATL@@QAE@PBD@Z 1006cc40 f i dllmain.obj
 0002:00007ca0       ??0?$CTraceCategoryEx@$0CAAA@$0A@@ATL@@QAE@PBD@Z 1006cca0 f i dllmain.obj
 0002:00007d00       ??0?$CTraceCategoryEx@$0CAAAA@$0A@@ATL@@QAE@PBD@Z 1006cd00 f i dllmain.obj
 0002:00007d60       ??0?$CTraceCategoryEx@$0CAAAAA@$0A@@ATL@@QAE@PBD@Z 1006cd60 f i dllmain.obj
 0002:00007dc0       ??0?$CTraceCategoryEx@$0EA@$0A@@ATL@@QAE@PBD@Z 1006cdc0 f i dllmain.obj
 0002:00007e20       ??0?$CTraceCategoryEx@$0EAA@$0A@@ATL@@QAE@PBD@Z 1006ce20 f i dllmain.obj
 0002:00007e80       ??0?$CTraceCategoryEx@$0EAAA@$0A@@ATL@@QAE@PBD@Z 1006ce80 f i dllmain.obj
 0002:00007ee0       ??0?$CTraceCategoryEx@$0EAAAA@$0A@@ATL@@QAE@PBD@Z 1006cee0 f i dllmain.obj
 0002:00007f40       ??0?$CTraceCategoryEx@$0EAAAAA@$0A@@ATL@@QAE@PBD@Z 1006cf40 f i dllmain.obj
 0002:00007fa0       ??0?$CTraceCategoryEx@$0IA@$0A@@ATL@@QAE@PBD@Z 1006cfa0 f i dllmain.obj
 0002:00008000       ??0?$CTraceCategoryEx@$0IAA@$0A@@ATL@@QAE@PBD@Z 1006d000 f i dllmain.obj
 0002:00008060       ??0?$CTraceCategoryEx@$0IAAA@$0A@@ATL@@QAE@PBD@Z 1006d060 f i dllmain.obj
 0002:000080c0       ??0?$CTraceCategoryEx@$0IAAAA@$0A@@ATL@@QAE@PBD@Z 1006d0c0 f i dllmain.obj
 0002:00008120       ??0CAtlComModule@ATL@@QAE@XZ 1006d120 f i dllmain.obj
 0002:00008250       ??0CAtlStringMgr@ATL@@QAE@PAUIAtlMemMgr@1@@Z 1006d250 f i dllmain.obj
 0002:000082e0       ??0CAtlStringMgrStaticInitializer@ATLImplementationDetails@ATL@@QAE@XZ 1006d2e0 f i dllmain.obj
 0002:00008330       ??0CAtlWinModule@ATL@@QAE@XZ 1006d330 f i dllmain.obj
 0002:00008400       ??0CComCriticalSection@ATL@@QAE@XZ 1006d400 f i dllmain.obj
 0002:00008460       ??0CNilStringData@ATL@@QAE@XZ 1006d460 f i dllmain.obj
 0002:00008500       ??0CPreserveLastError@ATL@@QAE@XZ 1006d500 f i dllmain.obj
 0002:00008570       ??0CTraceFileAndLineInfo@ATL@@QAE@PBDH@Z 1006d570 f i dllmain.obj
 0002:000085c0       ??0CWin32Heap@ATL@@QAE@PAX@Z 1006d5c0 f i dllmain.obj
 0002:00008670       ??0_ATL_COM_MODULE70@ATL@@QAE@XZ 1006d670 f i dllmain.obj
 0002:000086d0       ??0_ATL_WIN_MODULE70@ATL@@QAE@XZ 1006d6d0 f i dllmain.obj
 0002:00008780       ??1?$CHeapPtr@DVCCRTAllocator@ATL@@@ATL@@QAE@XZ 1006d780 f i dllmain.obj
 0002:000087d0       ??1?$CHeapPtr@_WVCCRTAllocator@ATL@@@ATL@@QAE@XZ 1006d7d0 f i dllmain.obj
 0002:00008820       ??1?$CHeapPtrBase@DVCCRTAllocator@ATL@@@ATL@@QAE@XZ 1006d820 f i dllmain.obj
 0002:00008870       ??1?$CHeapPtrBase@_WVCCRTAllocator@ATL@@@ATL@@QAE@XZ 1006d870 f i dllmain.obj
 0002:000088c0       ??1?$CSimpleArray@GV?$CSimpleArrayEqualHelper@G@ATL@@@ATL@@QAE@XZ 1006d8c0 f i dllmain.obj
 0002:00008950       ??1CAtlComModule@ATL@@QAE@XZ 1006d950 f i dllmain.obj
 0002:000089e0       ??1CAtlStringMgr@ATL@@UAE@XZ 1006d9e0 f i dllmain.obj
 0002:00008a20       ??1CAtlWinModule@ATL@@QAE@XZ 1006da20 f i dllmain.obj
 0002:00008ab0       ??1CComCriticalSection@ATL@@QAE@XZ 1006dab0 f i dllmain.obj
 0002:00008af0       ??1CPreserveLastError@ATL@@QAE@XZ 1006daf0 f i dllmain.obj
 0002:00008b50       ??1CWin32Heap@ATL@@UAE@XZ  1006db50 f i dllmain.obj
 0002:00008c20       ??1_ATL_COM_MODULE70@ATL@@QAE@XZ 1006dc20 f i dllmain.obj
 0002:00008c80       ??1_ATL_WIN_MODULE70@ATL@@QAE@XZ 1006dc80 f i dllmain.obj
 0002:00008ce0       ??A?$CSimpleArray@GV?$CSimpleArrayEqualHelper@G@ATL@@@ATL@@QAEAAGH@Z 1006dce0 f i dllmain.obj
 0002:00008db0       ??B?$CHeapPtrBase@DVCCRTAllocator@ATL@@@ATL@@QBEPADXZ 1006ddb0 f i dllmain.obj
 0002:00008df0       ??B?$CHeapPtrBase@_WVCCRTAllocator@ATL@@@ATL@@QBEPA_WXZ 1006ddf0 f i dllmain.obj
 0002:00008e30       ??B?$CTraceCategoryEx@$00$0A@@ATL@@QAEIXZ 1006de30 f i dllmain.obj
 0002:00008e70       ??B?$CTraceCategoryEx@$01$0A@@ATL@@QAEIXZ 1006de70 f i dllmain.obj
 0002:00008eb0       ??B?$CTraceCategoryEx@$0CA@$0A@@ATL@@QAEIXZ 1006deb0 f i dllmain.obj
 0002:00008ef0       ??B?$CTypedSimpleList@PAUCRuntimeClass@@@@QAEPAUCRuntimeClass@@XZ 1006def0 f i dllmain.obj
 0002:00008f40       ??B?$CTypedSimpleList@PAVCOleObjectFactory@@@@QAEPAVCOleObjectFactory@@XZ 1006df40 f i dllmain.obj
 0002:00008f90       ??RCTraceFileAndLineInfo@ATL@@QBAXHIPBDZZ 1006df90 f i dllmain.obj
 0002:000090a0       ??RCTraceFileAndLineInfo@ATL@@QBAXPBDZZ 1006e0a0 f i dllmain.obj
 0002:000091c0       ??_ECAtlStringMgr@ATL@@UAEPAXI@Z 1006e1c0 f i dllmain.obj
 0002:000091c0       ??_GCAtlStringMgr@ATL@@UAEPAXI@Z 1006e1c0 f i dllmain.obj
 0002:00009230       ??_ECWin32Heap@ATL@@UAEPAXI@Z 1006e230 f i dllmain.obj
 0002:00009230       ??_GCWin32Heap@ATL@@UAEPAXI@Z 1006e230 f i dllmain.obj
 0002:000092a0       ??_H@YGXPAXIIP6EPAX0@Z@Z   1006e2a0 f i dllmain.obj
 0002:00009350       ?AddRef@CStringData@ATL@@QAEXXZ 1006e350 f i dllmain.obj
 0002:000093f0       ?Allocate@?$CHeapPtr@DVCCRTAllocator@ATL@@@ATL@@QAE_NI@Z 1006e3f0 f i dllmain.obj
 0002:000094b0       ?Allocate@?$CHeapPtr@_WVCCRTAllocator@ATL@@@ATL@@QAE_NI@Z 1006e4b0 f i dllmain.obj
 0002:00009570       ?Allocate@CAtlStringMgr@ATL@@UAEPAUCStringData@2@HH@Z 1006e570 f i dllmain.obj
 0002:00009800       ?Allocate@CCRTAllocator@ATL@@SAPAXI@Z 1006e800 f i dllmain.obj
 0002:00009860       ?Allocate@CWin32Heap@ATL@@UAEPAXI@Z 1006e860 f i dllmain.obj
 0002:000098d0       ?AllocateBytes@?$CHeapPtrBase@DVCCRTAllocator@ATL@@@ATL@@QAE_NI@Z 1006e8d0 f i dllmain.obj
 0002:00009990       ?AllocateBytes@?$CHeapPtrBase@_WVCCRTAllocator@ATL@@@ATL@@QAE_NI@Z 1006e990 f i dllmain.obj
 0002:00009a50       ?AtlWinModuleInit@ATL@@YGJPAU_ATL_WIN_MODULE70@1@@Z 1006ea50 f i dllmain.obj
 0002:00009b70       ?AtlWinModuleTerm@ATL@@YGJPAU_ATL_WIN_MODULE70@1@PAUHINSTANCE__@@@Z 1006eb70 f i dllmain.obj
 0002:00009c70       ?Clone@CAtlStringMgr@ATL@@UAEPAUIAtlStringMgr@2@XZ 1006ec70 f i dllmain.obj
 0002:00009cb0       ?Free@?$CHeapPtrBase@DVCCRTAllocator@ATL@@@ATL@@QAEXXZ 1006ecb0 f i dllmain.obj
 0002:00009d20       ?Free@?$CHeapPtrBase@_WVCCRTAllocator@ATL@@@ATL@@QAEXXZ 1006ed20 f i dllmain.obj
 0002:00009d90       ?Free@CAtlStringMgr@ATL@@UAEXPAUCStringData@2@@Z 1006ed90 f i dllmain.obj
 0002:00009e90       ?Free@CCRTAllocator@ATL@@SAXPAX@Z 1006ee90 f i dllmain.obj
 0002:00009ef0       ?Free@CWin32Heap@ATL@@UAEXPAX@Z 1006eef0 f i dllmain.obj
 0002:00009fb0       ?GetCategoryName@CTrace@ATL@@CAPA_WI@Z 1006efb0 f i dllmain.obj
 0002:0000a030       ?GetHead@CSimpleList@@QBEPAXXZ 1006f030 f i dllmain.obj
 0002:0000a070       ?GetInstance@CAtlStringMgr@ATL@@SAPAUIAtlStringMgr@2@XZ 1006f070 f i dllmain.obj
 0002:0000a1b0       ?GetModuleInstance@CAtlBaseModule@ATL@@QAEPAUHINSTANCE__@@XZ 1006f1b0 f i dllmain.obj
 0002:0000a1f0       ?GetNilString@CAtlStringMgr@ATL@@UAEPAUCStringData@2@XZ 1006f1f0 f i dllmain.obj
 0002:0000a250       ?GetSize@?$CSimpleArray@GV?$CSimpleArrayEqualHelper@G@ATL@@@ATL@@QBEHXZ 1006f250 f i dllmain.obj
 0002:0000a290       ?GetSize@CWin32Heap@ATL@@UAEIPAX@Z 1006f290 f i dllmain.obj
 0002:0000a300       ?Init@CComCriticalSection@ATL@@QAEJXZ 1006f300 f i dllmain.obj
 0002:0000a390       ?Reallocate@CAtlStringMgr@ATL@@UAEPAUCStringData@2@PAU32@HH@Z 1006f390 f i dllmain.obj
 0002:0000a640       ?Reallocate@CWin32Heap@ATL@@UAEPAXPAXI@Z 1006f640 f i dllmain.obj
 0002:0000a710       ?RegisterCategory@CTrace@ATL@@SAXPBDI@Z 1006f710 f i dllmain.obj
 0002:0000a8a0       ?RemoveAll@?$CSimpleArray@GV?$CSimpleArrayEqualHelper@G@ATL@@@ATL@@QAEXXZ 1006f8a0 f i dllmain.obj
 0002:0000a960       ?SetManager@CNilStringData@ATL@@QAEXPAUIAtlStringMgr@2@@Z 1006f960 f i dllmain.obj
 0002:0000aa00       ?Term@CAtlComModule@ATL@@QAEXXZ 1006fa00 f i dllmain.obj
 0002:0000ab10       ?Term@CAtlWinModule@ATL@@QAEXXZ 1006fb10 f i dllmain.obj
 0002:0000ab70       ?Term@CComCriticalSection@ATL@@QAEJXZ 1006fb70 f i dllmain.obj
 0002:0000abd0       ?TraceV@CTrace@ATL@@CAXPBDHIIPB_W@Z 1006fbd0 f i dllmain.obj
 0002:0000af10       ?TraceV@CTrace@ATL@@SAXPBDHII0PAD@Z 1006ff10 f i dllmain.obj
 0002:0000b1c0       ?_AtlInitializeCriticalSectionEx@ATL@@YAHPAU_RTL_CRITICAL_SECTION@@KK@Z 100701c0 f i dllmain.obj
 0002:0000b220       ?_AtlRaiseException@ATL@@YAXKK@Z 10070220 f i dllmain.obj
 0002:0000b280       ?__empty_global_delete@@YAXPAX@Z 10070280 f i dllmain.obj
 0002:0000b2b0       ?__empty_global_delete@@YAXPAXI@Z 100702b0 f i dllmain.obj
 0002:0000b2e0       _DllMain@12                100702e0 f   dllmain.obj
 0002:0000b450       _HRESULT_FROM_WIN32        10070450 f i dllmain.obj
 0002:0000b4c0       ___local_stdio_printf_options 100704c0 f i dllmain.obj
 0002:0000b500       __vscprintf                10070500 f i dllmain.obj
 0002:0000b560       __vscprintf_l              10070560 f i dllmain.obj
 0002:0000b610       __vsnprintf_s              10070610 f i dllmain.obj
 0002:0000b680       __vsnprintf_s_l            10070680 f i dllmain.obj
 0002:0000b730       __vswprintf_s_l            10070730 f i dllmain.obj
 0002:0000b7e0       _swprintf_s                100707e0 f i dllmain.obj
 0002:0000b860       ??0CDisplay@GRAPHICGDI@NMBASE@@QAE@XZ 10070860 f   Display.obj
 0002:0000b8d0       ??1CDisplay@GRAPHICGDI@NMBASE@@QAE@XZ 100708d0 f   Display.obj
 0002:0000b960       ??4CDisplay@GRAPHICGDI@NMBASE@@QAEAAV012@ABV012@@Z 10070960 f i Display.obj
 0002:0000b9c0       ?CloseDirectDraw@CDisplay@GRAPHICGDI@NMBASE@@QAEXXZ 100709c0 f   Display.obj
 0002:0000ba90       ?InitDirectDraw@CDisplay@GRAPHICGDI@NMBASE@@QAEHPAUHWND__@@HHH@Z 10070a90 f   Display.obj
 0002:0000bc80       ?LockPrimary@CDisplay@GRAPHICGDI@NMBASE@@QAEPADPAK@Z 10070c80 f   Display.obj
 0002:0000bd90       ?UnlockPrimary@CDisplay@GRAPHICGDI@NMBASE@@QAEXXZ 10070d90 f   Display.obj
 0002:0000be00       ?dither_rgb24@GRAPHICGDI@NMBASE@@YAXPAEHHPAPAE@Z 10070e00 f   Dither.obj
 0002:0000caa0       ?get_bit_count@GRAPHICGDI@NMBASE@@YAHK@Z 10071aa0 f   Dither.obj
 0002:0000cb20       ?setup_dither_mask@GRAPHICGDI@NMBASE@@YAXKKKH@Z 10071b20 f   Dither.obj
 0002:0000cdd0       ??$?0D@?$allocator@U_Container_proxy@std@@@std@@QAE@ABV?$allocator@D@1@@Z 10071dd0 f i Graphic.obj
 0002:0000ce10       ??$?0V?$allocator@D@std@@$$V@?$_Compressed_pair@V?$allocator@D@std@@V?$_String_val@U?$_Simple_types@D@std@@@2@$00@std@@QAE@U_One_then_variadic_args_t@1@$$QAV?$allocator@D@1@@Z 10071e10 f i Graphic.obj
 0002:0000ce80       ??$?0V?$allocator@D@std@@X@?$_String_alloc@U?$_String_base_types@DV?$allocator@D@std@@@std@@@std@@QAE@$$QAV?$allocator@D@1@@Z 10071e80 f i Graphic.obj
 0002:0000cf40       ??$_Allocate@$07U_Default_allocate_traits@std@@$0A@@std@@YAPAXI@Z 10071f40 f i Graphic.obj
 0002:0000cfc0       ??$_Allocate_manually_vector_aligned@U_Default_allocate_traits@std@@@std@@YAPAXI@Z 10071fc0 f i Graphic.obj
 0002:0000d0f0       ??$_Deallocate@$07$0A@@std@@YAXPAXI@Z 100720f0 f i Graphic.obj
 0002:0000d170       ??$_Deallocate_plain@V?$allocator@U_Container_proxy@std@@@std@@$0A@@std@@YAXAAV?$allocator@U_Container_proxy@std@@@0@QAU_Container_proxy@0@@Z 10072170 f i Graphic.obj
 0002:0000d1d0       ??$_Get_size_of_n@$00@std@@YAII@Z 100721d0 f i Graphic.obj
 0002:0000d210       ??$_Get_size_of_n@$07@std@@YAII@Z 10072210 f i Graphic.obj
 0002:0000d270       ??$_Max_value@I@std@@YAABIABI0@Z 10072270 f i Graphic.obj
 0002:0000d2e0       ??$_Min_value@I@std@@YAABIABI0@Z 100722e0 f i Graphic.obj
 0002:0000d350       ??$_Pocca@V?$allocator@D@std@@@std@@YAXAAV?$allocator@D@0@ABV10@@Z 10072350 f i Graphic.obj
 0002:0000d3e0       ??$_Pocca@V?$allocator@D@std@@@std@@YAXAAV?$allocator@D@0@ABV10@U?$integral_constant@_N$0A@@0@@Z 100723e0 f i Graphic.obj
 0002:0000d410       ??$_Reallocate_for@V<lambda_9366063389c5f42a00a5088cf24e69de>@@PBD@?$basic_string@DU?$char_traits@D@std@@V?$allocator@D@2@@std@@QAEAAV01@IV<lambda_9366063389c5f42a00a5088cf24e69de>@@PBD@Z 10072410 f i Graphic.obj
 0002:0000d5a0       ??$_Unfancy@D@std@@YAPADPAD@Z 100725a0 f i Graphic.obj
 0002:0000d5e0       ??$_Unfancy@U_Container_proxy@std@@@std@@YAPAU_Container_proxy@0@PAU10@@Z 100725e0 f i Graphic.obj
 0002:0000d620       ??$addressof@$$CBV?$basic_string@DU?$char_traits@D@std@@V?$allocator@D@2@@std@@@std@@YAPBV?$basic_string@DU?$char_traits@D@std@@V?$allocator@D@2@@0@ABV10@@Z 10072620 f i Graphic.obj
 0002:0000d660       ??$addressof@PAD@std@@YAPAPADAAPAD@Z 10072660 f i Graphic.obj
 0002:0000d6a0       ??$addressof@V?$_String_val@U?$_Simple_types@D@std@@@std@@@std@@YAPAV?$_String_val@U?$_Simple_types@D@std@@@0@AAV10@@Z 100726a0 f i Graphic.obj
 0002:0000d6e0       ??$construct@PADABQAD@?$_Default_allocator_traits@V?$allocator@D@std@@@std@@SAXAAV?$allocator@D@1@QAPADABQAD@Z 100726e0 f i Graphic.obj
 0002:0000d760       ??$construct@U_Container_proxy@std@@U12@@?$_Default_allocator_traits@V?$allocator@U_Container_proxy@std@@@std@@@std@@SAXAAV?$allocator@U_Container_proxy@std@@@1@QAU_Container_proxy@1@$$QAU31@@Z 10072760 f i Graphic.obj
 0002:0000d7e0       ??$destroy@PAD@?$_Default_allocator_traits@V?$allocator@D@std@@@std@@SAXAAV?$allocator@D@1@QAPAD@Z 100727e0 f i Graphic.obj
 0002:0000d810       ??$destroy@U_Container_proxy@std@@@?$_Default_allocator_traits@V?$allocator@U_Container_proxy@std@@@std@@@std@@SAXAAV?$allocator@U_Container_proxy@std@@@1@QAU_Container_proxy@1@@Z 10072810 f i Graphic.obj
 0002:0000d840       ??$forward@ABQAD@std@@YAABQADABQAD@Z 10072840 f i Graphic.obj
 0002:0000d880       ??$forward@U_Container_proxy@std@@@std@@YA$$QAU_Container_proxy@0@AAU10@@Z 10072880 f i Graphic.obj
 0002:0000d8c0       ??$forward@V?$allocator@D@std@@@std@@YA$$QAV?$allocator@D@0@AAV10@@Z 100728c0 f i Graphic.obj
 0002:0000d900       ??0?$_String_val@U?$_Simple_types@D@std@@@std@@QAE@XZ 10072900 f i Graphic.obj
 0002:0000d980       ??0?$basic_string@DU?$char_traits@D@std@@V?$allocator@D@2@@std@@QAE@ABV01@@Z 10072980 f i Graphic.obj
 0002:0000da50       ??0CPage@GRAPHICGDI@NMBASE@@QAE@XZ 10072a50 f   Graphic.obj
 0002:0000dbc0       ??0_Bxty@?$_String_val@U?$_Simple_types@D@std@@@std@@QAE@XZ 10072bc0 f i Graphic.obj
 0002:0000dc00       ??0_Container_base12@std@@QAE@XZ 10072c00 f i Graphic.obj
 0002:0000dc50       ??0_Container_proxy@std@@QAE@XZ 10072c50 f i Graphic.obj
 0002:0000dca0       ??0xSprite@GRAPHICGDI@NMBASE@@QAE@ABV012@@Z 10072ca0 f i Graphic.obj
 0002:0000dd80       ??1?$_Compressed_pair@V?$allocator@D@std@@V?$_String_val@U?$_Simple_types@D@std@@@2@$00@std@@QAE@XZ 10072d80 f i Graphic.obj
 0002:0000ddd0       ??1?$_String_alloc@U?$_String_base_types@DV?$allocator@D@std@@@std@@@std@@QAE@XZ 10072dd0 f i Graphic.obj
 0002:0000de60       ??1?$_String_val@U?$_Simple_types@D@std@@@std@@QAE@XZ 10072e60 f i Graphic.obj
 0002:0000dec0       ??1CPage@GRAPHICGDI@NMBASE@@QAE@XZ 10072ec0 f   Graphic.obj
 0002:0000df50       ??1_Bxty@?$_String_val@U?$_Simple_types@D@std@@@std@@QAE@XZ 10072f50 f i Graphic.obj
 0002:0000df90       ??2@YAPAXIPAX@Z            10072f90 f i Graphic.obj
 0002:0000dfd0       ??4?$basic_string@DU?$char_traits@D@std@@V?$allocator@D@2@@std@@QAEAAV01@ABV01@@Z 10072fd0 f i Graphic.obj
 0002:0000e080       ??4CPage@GRAPHICGDI@NMBASE@@QAEAAV012@ABV012@@Z 10073080 f i Graphic.obj
 0002:0000e0d0       ??4CellData@GRAPHICGDI@NMBASE@@QAEAAV012@ABV012@@Z 100730d0 f i Graphic.obj
 0002:0000e120       ??4FrameData@GRAPHICGDI@NMBASE@@QAEAAV012@ABV012@@Z 10073120 f i Graphic.obj
 0002:0000e190       ??4MSceneData@GRAPHICGDI@NMBASE@@QAEAAV012@ABV012@@Z 10073190 f i Graphic.obj
 0002:0000e1e0       ??4SceneData@GRAPHICGDI@NMBASE@@QAEAAV012@ABV012@@Z 100731e0 f i Graphic.obj
 0002:0000e230       ??4TrackData@GRAPHICGDI@NMBASE@@QAEAAV012@ABV012@@Z 10073230 f i Graphic.obj
 0002:0000e280       ??4xHan@GRAPHICGDI@NMBASE@@QAEAAV012@ABV012@@Z 10073280 f i Graphic.obj
 0002:0000e2f0       ??4xMultiScene@GRAPHICGDI@NMBASE@@QAEAAV012@ABV012@@Z 100732f0 f i Graphic.obj
 0002:0000e340       ??4xScene@GRAPHICGDI@NMBASE@@QAEAAV012@ABV012@@Z 10073340 f i Graphic.obj
 0002:0000e390       ??4xSprite@GRAPHICGDI@NMBASE@@QAEAAV012@ABV012@@Z 10073390 f i Graphic.obj
 0002:0000e460       ??R<lambda_9366063389c5f42a00a5088cf24e69de>@@QBEXQADIQBD@Z 10073460 f i Graphic.obj
 0002:0000e4f0       ?Attach@CPage@GRAPHICGDI@NMBASE@@QAEHJJPAXJ@Z 100734f0 f   Graphic.obj
 0002:0000e630       ?Destroy@CPage@GRAPHICGDI@NMBASE@@QAEXXZ 10073630 f   Graphic.obj
 0002:0000e790       ?Detach@CPage@GRAPHICGDI@NMBASE@@QAEHXZ 10073790 f   Graphic.obj
 0002:0000e850       ?DrawEmptyBox@CPage@GRAPHICGDI@NMBASE@@QAEXHHHHGH@Z 10073850 f   Graphic.obj
 0002:0000e9e0       ?DrawFillBox@CPage@GRAPHICGDI@NMBASE@@QAEXHHHHG@Z 100739e0 f   Graphic.obj
 0002:0000eb40       ?DrawFillBoxGB@CPage@GRAPHICGDI@NMBASE@@QAEXHHHHGH@Z 10073b40 f   Graphic.obj
 0002:0000eca0       ?DrawFrameOfScene@CPage@GRAPHICGDI@NMBASE@@QAEHHHPAVxSprite@23@HHMHHG@Z 10073ca0 f   Graphic.obj
 0002:0000f0a0       ?DrawLine@CPage@GRAPHICGDI@NMBASE@@QAEXHHHHG@Z 100740a0 f   Graphic.obj
 0002:0000f160       ?DrawLineGB@CPage@GRAPHICGDI@NMBASE@@QAEXHHHHGH@Z 10074160 f   Graphic.obj
 0002:0000f220       ?DrawLineXOR@CPage@GRAPHICGDI@NMBASE@@QAEXHHHH@Z 10074220 f   Graphic.obj
 0002:0000f2e0       ?DrawMultiScene@CPage@GRAPHICGDI@NMBASE@@QAEHHHPAVxSprite@23@HKHHHG@Z 100742e0 f   Graphic.obj
 0002:0000fab0       ?DrawRotateXBox@CPage@GRAPHICGDI@NMBASE@@QAEXHHHHMG@Z 10074ab0 f   Graphic.obj
 0002:0000fd50       ?DrawScene@CPage@GRAPHICGDI@NMBASE@@QAEHHHPAVxSprite@23@HKHHHG@Z 10074d50 f   Graphic.obj
 0002:0000fe50       ?DrawSelectBox@CPage@GRAPHICGDI@NMBASE@@QAEXHHHHGH@Z 10074e50 f   Graphic.obj
 0002:0000ffa0       ?EnableTempClip@CPage@GRAPHICGDI@NMBASE@@QAEXH@Z 10074fa0 f   Graphic.obj
 0002:0000fff0       ?FillGDI@CPage@GRAPHICGDI@NMBASE@@QAEHPAUHDC__@@HHK@Z 10074ff0 f   Graphic.obj
 0002:00010080       ?Flip@CPage@GRAPHICGDI@NMBASE@@QAEHPAUHDC__@@@Z 10075080 f   Graphic.obj
 0002:00010200       ?Flip@CPage@GRAPHICGDI@NMBASE@@QAEHPAUHWND__@@@Z 10075200 f   Graphic.obj
 0002:000102b0       ?FlipToGDI@CPage@GRAPHICGDI@NMBASE@@QAEHPAUHDC__@@JJH@Z 100752b0 f   Graphic.obj
 0002:00010320       ?FlipToGDI@CPage@GRAPHICGDI@NMBASE@@QAEHPAUHWND__@@JJH@Z 10075320 f   Graphic.obj
 0002:00010390       ?GetDrawingCellInfo@CPage@GRAPHICGDI@NMBASE@@QAEHHHPAVxSprite@23@HHHMPAUDRAWINGCELLDESC@23@@Z 10075390 f   Graphic.obj
 0002:00011190       ?GetFilePath@xSprite@GRAPHICGDI@NMBASE@@QAEAAV?$basic_string@DU?$char_traits@D@std@@V?$allocator@D@2@@std@@XZ 10076190 f i Graphic.obj
 0002:000111d0       ?GetMSceneDrawingCellInfo@CPage@GRAPHICGDI@NMBASE@@QAEHHHPAVxSprite@23@HHHKHPAUDRAWINGCELLDESC@23@@Z 100761d0 f   Graphic.obj
 0002:00011600       ?GetRGBmix@GRAPHICGDI@NMBASE@@YAGHHH@Z 10076600 f   Graphic.obj
 0002:00011670       ?GetTotalSpr@xSprite@GRAPHICGDI@NMBASE@@QAEHXZ 10076670 f i Graphic.obj
 0002:000116b0       ?HLine@CPage@GRAPHICGDI@NMBASE@@QAEXHHHGH@Z 100766b0 f   Graphic.obj
 0002:000117e0       ?Init@CPage@GRAPHICGDI@NMBASE@@QAEHJJHPAUtagRGBQUAD@@PBD@Z 100767e0 f   Graphic.obj
 0002:00011bb0       ?IsValidSpr@xSprite@GRAPHICGDI@NMBASE@@QAEHH@Z 10076bb0 f i Graphic.obj
 0002:00011c20       ?OpenPal@CPage@GRAPHICGDI@NMBASE@@QAEHPBD@Z 10076c20 f   Graphic.obj
 0002:00011d60       ?PointHitTest@GRAPHICGDI@NMBASE@@YAHPAVxSprite@12@HHHK@Z 10076d60 f   Graphic.obj
 0002:00011f40       ?PointHitTest_RotateZoom@GRAPHICGDI@NMBASE@@YAHPAVxSprite@12@HHHHHMK@Z 10076f40 f   Graphic.obj
 0002:000120c0       ?PointHitTest_Zoom@GRAPHICGDI@NMBASE@@YAHPAVxSprite@12@HHHHHK@Z 100770c0 f   Graphic.obj
 0002:00012240       ?PutErrStr@xSprite@GRAPHICGDI@NMBASE@@MAAXPADZZ 10077240 f i Graphic.obj
 0002:00012270       ?PutFromPage@CPage@GRAPHICGDI@NMBASE@@QAEHJJPAV123@H@Z 10077270 f   Graphic.obj
 0002:000123b0       ?PutFromPageWithColorKey@CPage@GRAPHICGDI@NMBASE@@QAEHJJPAV123@GH@Z 100773b0 f   Graphic.obj
 0002:00012500       ?PutImageAuto@CPage@GRAPHICGDI@NMBASE@@QAEHHHPAUSPRITE30@23@HHG@Z 10077500 f   Graphic.obj
 0002:00012720       ?PutImageAuto@CPage@GRAPHICGDI@NMBASE@@QAEHHHPAVxSprite@23@HHHG@Z 10077720 f   Graphic.obj
 0002:000127e0       ?PutSprAuto@CPage@GRAPHICGDI@NMBASE@@QAEHHHPAUSPRITE30@23@HHG@Z 100777e0 f   Graphic.obj
 0002:00013920       ?PutSprAuto@CPage@GRAPHICGDI@NMBASE@@QAEHHHPAUSPRITE8@23@HHE@Z 10078920 f   Graphic.obj
 0002:00014620       ?PutSprAuto@CPage@GRAPHICGDI@NMBASE@@QAEHHHPAV123@HHG@Z 10079620 f   Graphic.obj
 0002:00014740       ?PutSprAuto@CPage@GRAPHICGDI@NMBASE@@QAEHHHPAVCSprite8@23@HHHE@Z 10079740 f   Graphic.obj
 0002:00014800       ?PutSprAuto@CPage@GRAPHICGDI@NMBASE@@QAEHHHPAVxSprite@23@HHHG@Z 10079800 f   Graphic.obj
 0002:000148c0       ?RGB555@xSprite@GRAPHICGDI@NMBASE@@SAGHHH@Z 100798c0 f i Graphic.obj
 0002:00014940       ?RGB565@xSprite@GRAPHICGDI@NMBASE@@SAGHHH@Z 10079940 f i Graphic.obj
 0002:000149c0       ?ReCreateDIBSection@CPage@GRAPHICGDI@NMBASE@@QAEHXZ 100799c0 f   Graphic.obj
 0002:00014ae0       ?RotateZoomSprAuto@CPage@GRAPHICGDI@NMBASE@@QAEHHHPAUSPRITE30@23@HHMHHG@Z 10079ae0 f   Graphic.obj
 0002:00015210       ?RotateZoomSprAuto@CPage@GRAPHICGDI@NMBASE@@QAEHHHPAV123@HHMHHG@Z 1007a210 f   Graphic.obj
 0002:00015350       ?RotateZoomSprAuto@CPage@GRAPHICGDI@NMBASE@@QAEHHHPAVxSprite@23@HHHMHHG@Z 1007a350 f   Graphic.obj
 0002:00015420       ?SaveToBitmap@CPage@GRAPHICGDI@NMBASE@@QAEHPAD@Z 1007a420 f   Graphic.obj
 0002:00015860       ?SaveToJpeg@CPage@GRAPHICGDI@NMBASE@@QAEHPADH@Z 1007a860 f   Graphic.obj
 0002:00015ab0       ?SetDrawingTrackScope@CPage@GRAPHICGDI@NMBASE@@QAEXHH@Z 1007aab0 f   Graphic.obj
 0002:00015b00       ?SetFlipPos@CPage@GRAPHICGDI@NMBASE@@QAEXJJH@Z 1007ab00 f   Graphic.obj
 0002:00015b60       ?SetLogPal@CPage@GRAPHICGDI@NMBASE@@QAEHPAUtagLOGPALETTE@@@Z 1007ab60 f   Graphic.obj
 0002:00015cd0       ?SetMirrorX@CPage@GRAPHICGDI@NMBASE@@QAEXH@Z 1007acd0 f   Graphic.obj
 0002:00015d20       ?SetPal@CPage@GRAPHICGDI@NMBASE@@QAEHPAUtagRGBQUAD@@@Z 1007ad20 f   Graphic.obj
 0002:000160f0       ?SetPalHandle@CPage@GRAPHICGDI@NMBASE@@QAEHPAUHPALETTE__@@@Z 1007b0f0 f   Graphic.obj
 0002:00016190       ?SetSceneEffect@CPage@GRAPHICGDI@NMBASE@@QAEXPAUSCNEFFECTDESC@23@@Z 1007b190 f   Graphic.obj
 0002:00016220       ?SetTempClip@CPage@GRAPHICGDI@NMBASE@@QAEXHHHH@Z 1007b220 f   Graphic.obj
 0002:00016500       ?StretchFlip@CPage@GRAPHICGDI@NMBASE@@QAEHPAUHWND__@@PAUtagRECT@@1@Z 1007b500 f   Graphic.obj
 0002:00016820       ?ToPagePos@CPage@GRAPHICGDI@NMBASE@@QAEXJJPAJ0@Z 1007b820 f   Graphic.obj
 0002:00016890       ?VLine@CPage@GRAPHICGDI@NMBASE@@QAEXHHHGH@Z 1007b890 f   Graphic.obj
 0002:000169c0       ?ZoomSprAuto@CPage@GRAPHICGDI@NMBASE@@QAEHHHPAUSPRITE30@23@HHHHG@Z 1007b9c0 f   Graphic.obj
 0002:00017d90       ?ZoomSprAuto@CPage@GRAPHICGDI@NMBASE@@QAEHHHPAUSPRITE8@23@HHHHE@Z 1007cd90 f   Graphic.obj
 0002:00018c00       ?ZoomSprAuto@CPage@GRAPHICGDI@NMBASE@@QAEHHHPAV123@HHHHG@Z 1007dc00 f   Graphic.obj
 0002:00018d30       ?ZoomSprAuto@CPage@GRAPHICGDI@NMBASE@@QAEHHHPAVCSprite8@23@HHHHHE@Z 1007dd30 f   Graphic.obj
 0002:00018e00       ?ZoomSprAuto@CPage@GRAPHICGDI@NMBASE@@QAEHHHPAVxSprite@23@HHHHHG@Z 1007de00 f   Graphic.obj
 0002:00018ed0       ?_Adjust_manually_vector_aligned@std@@YAXAAPAXAAI@Z 1007ded0 f i Graphic.obj
 0002:00019090       ?_Alloc_proxy@?$_String_alloc@U?$_String_base_types@DV?$allocator@D@std@@@std@@@std@@QAEXXZ 1007e090 f i Graphic.obj
 0002:000191b0       ?_Allocate@_Default_allocate_traits@std@@SAPAXI@Z 1007e1b0 f i Graphic.obj
 0002:00019200       ?_Calculate_growth@?$basic_string@DU?$char_traits@D@std@@V?$allocator@D@2@@std@@QBEII@Z 1007e200 f i Graphic.obj
 0002:00019310       ?_Construct_lv_contents@?$basic_string@DU?$char_traits@D@std@@V?$allocator@D@2@@std@@QAEXABV12@@Z 1007e310 f i Graphic.obj
 0002:000194e0       ?_Copy_alloc@?$_String_alloc@U?$_String_base_types@DV?$allocator@D@std@@@std@@@std@@QAEXABV?$allocator@D@2@@Z 1007e4e0 f i Graphic.obj
 0002:00019570       ?_Free_proxy@?$_String_alloc@U?$_String_base_types@DV?$allocator@D@std@@@std@@@std@@QAEXXZ 1007e570 f i Graphic.obj
 0002:00019670       ?_Get_data@?$_String_alloc@U?$_String_base_types@DV?$allocator@D@std@@@std@@@std@@QAEAAV?$_String_val@U?$_Simple_types@D@std@@@2@XZ 1007e670 f i Graphic.obj
 0002:000196c0       ?_Get_data@?$_String_alloc@U?$_String_base_types@DV?$allocator@D@std@@@std@@@std@@QBEABV?$_String_val@U?$_Simple_types@D@std@@@2@XZ 1007e6c0 f i Graphic.obj
 0002:00019710       ?_Get_first@?$_Compressed_pair@V?$allocator@D@std@@V?$_String_val@U?$_Simple_types@D@std@@@2@$00@std@@QAEAAV?$allocator@D@2@XZ 1007e710 f i Graphic.obj
 0002:00019750       ?_Get_first@?$_Compressed_pair@V?$allocator@D@std@@V?$_String_val@U?$_Simple_types@D@std@@@2@$00@std@@QBEABV?$allocator@D@2@XZ 1007e750 f i Graphic.obj
 0002:00019790       ?_Get_second@?$_Compressed_pair@V?$allocator@D@std@@V?$_String_val@U?$_Simple_types@D@std@@@2@$00@std@@QAEAAV?$_String_val@U?$_Simple_types@D@std@@@2@XZ 1007e790 f i Graphic.obj
 0002:000197d0       ?_Get_second@?$_Compressed_pair@V?$allocator@D@std@@V?$_String_val@U?$_Simple_types@D@std@@@2@$00@std@@QBEABV?$_String_val@U?$_Simple_types@D@std@@@2@XZ 1007e7d0 f i Graphic.obj
 0002:00019810       ?_Getal@?$_String_alloc@U?$_String_base_types@DV?$allocator@D@std@@@std@@@std@@QAEAAV?$allocator@D@2@XZ 1007e810 f i Graphic.obj
 0002:00019860       ?_Getal@?$_String_alloc@U?$_String_base_types@DV?$allocator@D@std@@@std@@@std@@QBEABV?$allocator@D@2@XZ 1007e860 f i Graphic.obj
 0002:000198b0       ?_Large_string_engaged@?$_String_val@U?$_Simple_types@D@std@@@std@@QBE_NXZ 1007e8b0 f i Graphic.obj
 0002:00019920       ?_Myproxy@?$_String_alloc@U?$_String_base_types@DV?$allocator@D@std@@@std@@@std@@QAEAAPAU_Container_proxy@2@XZ 1007e920 f i Graphic.obj
 0002:00019970       ?_Myptr@?$_String_val@U?$_Simple_types@D@std@@@std@@QAEPADXZ 1007e970 f i Graphic.obj
 0002:000199f0       ?_Myptr@?$_String_val@U?$_Simple_types@D@std@@@std@@QBEPBDXZ 1007e9f0 f i Graphic.obj
 0002:00019a70       ?_Orphan_all@?$_String_alloc@U?$_String_base_types@DV?$allocator@D@std@@@std@@@std@@QAEXXZ 1007ea70 f i Graphic.obj
 0002:00019ad0       ?_Orphan_all@_Container_base12@std@@QAEXXZ 1007ead0 f i Graphic.obj
 0002:00019c10       ?_Tidy_deallocate@?$basic_string@DU?$char_traits@D@std@@V?$allocator@D@2@@std@@QAEXXZ 1007ec10 f i Graphic.obj
 0002:00019d20       ?_Xlen@?$basic_string@DU?$char_traits@D@std@@V?$allocator@D@2@@std@@SAXXZ 1007ed20 f i Graphic.obj
 0002:00019d70       ?allocate@?$allocator@D@std@@QAEPADI@Z 1007ed70 f i Graphic.obj
 0002:00019de0       ?allocate@?$allocator@U_Container_proxy@std@@@std@@QAEPAU_Container_proxy@2@I@Z 1007ede0 f i Graphic.obj
 0002:00019e50       ?assign@?$basic_string@DU?$char_traits@D@std@@V?$allocator@D@2@@std@@QAEAAV12@QBDI@Z 1007ee50 f i Graphic.obj
 0002:00019f40       ?assign@?$char_traits@D@std@@SAXAADABD@Z 1007ef40 f i Graphic.obj
 0002:00019f80       ?copy@?$char_traits@D@std@@SAPADQADQBDI@Z 1007ef80 f i Graphic.obj
 0002:00019fe0       ?cos@@YAMM@Z               1007efe0 f i Graphic.obj
 0002:0001a040       ?deallocate@?$_Default_allocator_traits@V?$allocator@U_Container_proxy@std@@@std@@@std@@SAXAAV?$allocator@U_Container_proxy@std@@@2@QAU_Container_proxy@2@I@Z 1007f040 f i Graphic.obj
 0002:0001a0a0       ?deallocate@?$allocator@D@std@@QAEXQADI@Z 1007f0a0 f i Graphic.obj
 0002:0001a100       ?max@?$numeric_limits@H@std@@SAHXZ 1007f100 f i Graphic.obj
 0002:0001a140       ?max_size@?$_Default_allocator_traits@V?$allocator@D@std@@@std@@SAIABV?$allocator@D@2@@Z 1007f140 f i Graphic.obj
 0002:0001a180       ?max_size@?$basic_string@DU?$char_traits@D@std@@V?$allocator@D@2@@std@@QBEIXZ 1007f180 f i Graphic.obj
 0002:0001a290       ?move@?$char_traits@D@std@@SAPADQADQBDI@Z 1007f290 f i Graphic.obj
 0002:0001a2f0       ?select_on_container_copy_construction@?$_Default_allocator_traits@V?$allocator@D@std@@@std@@SA?AV?$allocator@D@2@ABV32@@Z 1007f2f0 f i Graphic.obj
 0002:0001a330       ?sin@@YAMM@Z               1007f330 f i Graphic.obj
 0002:0001a390       _cosf                      1007f390 f i Graphic.obj
 0002:0001a400       _sinf                      1007f400 f i Graphic.obj
 0002:0001a470       ?RGB555mix@GRAPHICGDI@NMBASE@@YAGHHH@Z 1007f470 f   GraphMod.obj
 0002:0001a4c0       ?BGR565mix@GRAPHICGDI@NMBASE@@YAGHHH@Z 1007f4c0 f   GraphMod.obj
 0002:0001a520       ?ClipLine@GRAPHICGDI@NMBASE@@YAHAAH000@Z 1007f520 f i GraphMod.obj
 0002:0001ad70       ?ColorKeyMemCpyGB555@GRAPHICGDI@NMBASE@@YIXPAG0GHH@Z 1007fd70 f   GraphMod.obj
 0002:0001af30       ?DrawBox@GRAPHICGDI@NMBASE@@YAXHHHHPAGG@Z 1007ff30 f   GraphMod.obj
 0002:0001b190       ?DrawBoxXOR@GRAPHICGDI@NMBASE@@YAXHHHHPAG@Z 10080190 f   GraphMod.obj
 0002:0001b420       ?DrawBresLine@GRAPHICGDI@NMBASE@@YAXHHHHPAGG@Z 10080420 f   GraphMod.obj
 0002:0001b650       ?DrawBresLineGB@GRAPHICGDI@NMBASE@@YAXHHHHPAGGH@Z 10080650 f   GraphMod.obj
 0002:0001ba30       ?DrawBresLineXOR@GRAPHICGDI@NMBASE@@YAXHHHHPAG@Z 10080a30 f   GraphMod.obj
 0002:0001bc80       ?DrawHLine@GRAPHICGDI@NMBASE@@YAXHHHPAGG@Z 10080c80 f   GraphMod.obj
 0002:0001bd80       ?DrawHLineXOR@GRAPHICGDI@NMBASE@@YAXHHHPAG@Z 10080d80 f   GraphMod.obj
 0002:0001be90       ?DrawSelectBox@GRAPHICGDI@NMBASE@@YAXHHHHPAGG@Z 10080e90 f   GraphMod.obj
 0002:0001c030       ?DrawVLine@GRAPHICGDI@NMBASE@@YAXHHHPAGG@Z 10081030 f   GraphMod.obj
 0002:0001c140       ?DrawVLineXOR@GRAPHICGDI@NMBASE@@YAXHHHPAG@Z 10081140 f   GraphMod.obj
 0002:0001c260       ?DrawXORSelectBox@GRAPHICGDI@NMBASE@@YAXHHHHPAG@Z 10081260 f   GraphMod.obj
 0002:0001c3e0       ?FillBox@GRAPHICGDI@NMBASE@@YAXHHHHPAGG@Z 100813e0 f   GraphMod.obj
 0002:0001c510       ?FillBoxGB@GRAPHICGDI@NMBASE@@YAXHHHHPAGGH@Z 10081510 f   GraphMod.obj
 0002:0001c630       ?FillPage@GRAPHICGDI@NMBASE@@YAXPAGG@Z 10081630 f   GraphMod.obj
 0002:0001c6d0       ?GetImage@GRAPHICGDI@NMBASE@@YAXHHHHPAG0@Z 100816d0 f   GraphMod.obj
 0002:0001c790       ?InitAlphaTable@GRAPHICGDI@NMBASE@@YAXH@Z 10081790 f   GraphMod.obj
 0002:0001ce40       ?InitGrpLib@GRAPHICGDI@NMBASE@@YAHHHKH@Z 10081e40 f   GraphMod.obj
 0002:0001d130       ?MemCpy555TO565@GRAPHICGDI@NMBASE@@YIXPAG0H@Z 10082130 f   GraphMod.obj
 0002:0001d1d0       ?MemCpy555TORGB24@GRAPHICGDI@NMBASE@@YIXPAEPAGH@Z 100821d0 f   GraphMod.obj
 0002:0001d2b0       ?MemCpy555TORGB32@GRAPHICGDI@NMBASE@@YIXPAKPAGH@Z 100822b0 f   GraphMod.obj
 0002:0001d370       ?MemCpyAB555@GRAPHICGDI@NMBASE@@YIXPAG0HPAEH@Z 10082370 f   GraphMod.obj
 0002:0001d530       ?MemCpyAB565@GRAPHICGDI@NMBASE@@YIXPAG0HPAEH@Z 10082530 f   GraphMod.obj
 0002:0001d6f0       ?MemCpyAnti555@GRAPHICGDI@NMBASE@@YIXPAG0H@Z 100826f0 f   GraphMod.obj
 0002:0001d810       ?MemCpyAnti565@GRAPHICGDI@NMBASE@@YIXPAG0H@Z 10082810 f   GraphMod.obj
 0002:0001d930       ?MemCpyDE555@GRAPHICGDI@NMBASE@@YIXPAG0HH@Z 10082930 f   GraphMod.obj
 0002:0001db60       ?MemCpyDE565@GRAPHICGDI@NMBASE@@YIXPAG0HH@Z 10082b60 f   GraphMod.obj
 0002:0001dd90       ?MemCpyGB555@GRAPHICGDI@NMBASE@@YIXPAG0HH@Z 10082d90 f   GraphMod.obj
 0002:0001dfa0       ?MemCpyGB565@GRAPHICGDI@NMBASE@@YIXPAG0HH@Z 10082fa0 f   GraphMod.obj
 0002:0001e210       ?MemCpyGlow555@GRAPHICGDI@NMBASE@@YIXPAG0HGH@Z 10083210 f   GraphMod.obj
 0002:0001e440       ?MemCpyGlow565@GRAPHICGDI@NMBASE@@YIXPAG0HGH@Z 10083440 f   GraphMod.obj
 0002:0001e6c0       ?MemCpyGrayscl555@GRAPHICGDI@NMBASE@@YIXPAG0H@Z 100836c0 f   GraphMod.obj
 0002:0001e7a0       ?MemCpyGrayscl555AB@GRAPHICGDI@NMBASE@@YIXPAG0HPAEH@Z 100837a0 f   GraphMod.obj
 0002:0001e9a0       ?MemCpyGrayscl565@GRAPHICGDI@NMBASE@@YIXPAG0H@Z 100839a0 f   GraphMod.obj
 0002:0001ea80       ?MemCpyGrayscl565AB@GRAPHICGDI@NMBASE@@YIXPAG0HPAEH@Z 10083a80 f   GraphMod.obj
 0002:0001ec80       ?MemCpyHB555@GRAPHICGDI@NMBASE@@YIXPAG0H@Z 10083c80 f   GraphMod.obj
 0002:0001ed90       ?MemCpyHB565@GRAPHICGDI@NMBASE@@YIXPAG0H@Z 10083d90 f   GraphMod.obj
 0002:0001eea0       ?MemCpyLE555@GRAPHICGDI@NMBASE@@YIXPAG0HH@Z 10083ea0 f   GraphMod.obj
 0002:0001f0d0       ?MemCpyLE565@GRAPHICGDI@NMBASE@@YIXPAG0HH@Z 100840d0 f   GraphMod.obj
 0002:0001f300       ?MemSet@GRAPHICGDI@NMBASE@@YIXPAGGH@Z 10084300 f   GraphMod.obj
 0002:0001f380       ?MemSetAB@GRAPHICGDI@NMBASE@@YIXPAGGPAEH@Z 10084380 f   GraphMod.obj
 0002:0001f500       ?MemSetGB555@GRAPHICGDI@NMBASE@@YIXPAGGHH@Z 10084500 f   GraphMod.obj
 0002:0001f7d0       ?MemSetGradeAB@GRAPHICGDI@NMBASE@@YIXPAGGPAEHH@Z 100847d0 f   GraphMod.obj
 0002:0001f960       ?PutPixel@GRAPHICGDI@NMBASE@@YAXHHPAGG@Z 10084960 f   GraphMod.obj
 0002:0001f9b0       ?RGB565mix@GRAPHICGDI@NMBASE@@YAGHHH@Z 100849b0 f   GraphMod.obj
 0002:0001fa00       ?RemoveGrpLib@GRAPHICGDI@NMBASE@@YAXXZ 10084a00 f   GraphMod.obj
 0002:0001fa30       ?RvrsCpy@GRAPHICGDI@NMBASE@@YIXPAG0H@Z 10084a30 f   GraphMod.obj
 0002:0001fad0       ?RvrsCpyAB555@GRAPHICGDI@NMBASE@@YIXPAG0HPAEH@Z 10084ad0 f   GraphMod.obj
 0002:0001fc80       ?RvrsCpyAB565@GRAPHICGDI@NMBASE@@YIXPAG0HPAEH@Z 10084c80 f   GraphMod.obj
 0002:0001fe30       ?RvrsCpyDE555@GRAPHICGDI@NMBASE@@YIXPAG0HH@Z 10084e30 f   GraphMod.obj
 0002:00020070       ?RvrsCpyDE565@GRAPHICGDI@NMBASE@@YIXPAG0HH@Z 10085070 f   GraphMod.obj
 0002:000202b0       ?RvrsCpyGB555@GRAPHICGDI@NMBASE@@YIXPAG0HH@Z 100852b0 f   GraphMod.obj
 0002:00020580       ?RvrsCpyGB565@GRAPHICGDI@NMBASE@@YIXPAG0HH@Z 10085580 f   GraphMod.obj
 0002:00020840       ?RvrsCpyGlow555@GRAPHICGDI@NMBASE@@YIXPAG0HGH@Z 10085840 f   GraphMod.obj
 0002:00020ad0       ?RvrsCpyGlow565@GRAPHICGDI@NMBASE@@YIXPAG0HGH@Z 10085ad0 f   GraphMod.obj
 0002:00020d60       ?RvrsCpyGrayscl555@GRAPHICGDI@NMBASE@@YIXPAG0H@Z 10085d60 f   GraphMod.obj
 0002:00020e60       ?RvrsCpyGrayscl565@GRAPHICGDI@NMBASE@@YIXPAG0H@Z 10085e60 f   GraphMod.obj
 0002:00020f60       ?RvrsCpyHB555@GRAPHICGDI@NMBASE@@YIXPAG0H@Z 10085f60 f   GraphMod.obj
 0002:000210a0       ?RvrsCpyHB565@GRAPHICGDI@NMBASE@@YIXPAG0H@Z 100860a0 f   GraphMod.obj
 0002:000211e0       ?RvrsCpyLE555@GRAPHICGDI@NMBASE@@YIXPAG0HH@Z 100861e0 f   GraphMod.obj
 0002:00021420       ?RvrsCpyLE565@GRAPHICGDI@NMBASE@@YIXPAG0HH@Z 10086420 f   GraphMod.obj
 0002:00021660       ?RvrsMemSet@GRAPHICGDI@NMBASE@@YIXPAGGH@Z 10086660 f   GraphMod.obj
 0002:000216f0       ?SetClipArea@GRAPHICGDI@NMBASE@@YAXHHHH@Z 100866f0 f   GraphMod.obj
 0002:00021770       ?_PointHitTestCsp@GRAPHICGDI@NMBASE@@YAHHHPAGHH@Z 10086770 f   GraphMod.obj
 0002:000218a0       ?_PointHitTestSpr@GRAPHICGDI@NMBASE@@YAHHHPAGGHH@Z 100868a0 f   GraphMod.obj
 0002:00021940       ?_PutCsp@GRAPHICGDI@NMBASE@@YAXHHHHPAG0@Z 10086940 f   GraphMod.obj
 0002:00021e60       ?_PutCspLR@GRAPHICGDI@NMBASE@@YAXHHHHPAG0@Z 10086e60 f   GraphMod.obj
 0002:000223c0       ?_PutCspLR_AB@GRAPHICGDI@NMBASE@@YAXHHHHPAG0PAEH@Z 100873c0 f   GraphMod.obj
 0002:000229b0       ?_PutCspLR_DE@GRAPHICGDI@NMBASE@@YAXHHHHPAG0H@Z 100879b0 f   GraphMod.obj
 0002:00022f40       ?_PutCspLR_GB@GRAPHICGDI@NMBASE@@YAXHHHHPAG0H@Z 10087f40 f   GraphMod.obj
 0002:000234e0       ?_PutCspLR_Glow@GRAPHICGDI@NMBASE@@YAXHHHHPAG0GH@Z 100884e0 f   GraphMod.obj
 0002:00023a80       ?_PutCspLR_Grayscl@GRAPHICGDI@NMBASE@@YAXHHHHPAG0@Z 10088a80 f   GraphMod.obj
 0002:00024000       ?_PutCspLR_HB@GRAPHICGDI@NMBASE@@YAXHHHHPAG0@Z 10089000 f   GraphMod.obj
 0002:00024580       ?_PutCspLR_LE@GRAPHICGDI@NMBASE@@YAXHHHHPAG0H@Z 10089580 f   GraphMod.obj
 0002:00024b10       ?_PutCspLR_Mono@GRAPHICGDI@NMBASE@@YAXHHHHPAG0G@Z 10089b10 f   GraphMod.obj
 0002:00025070       ?_PutCspUD@GRAPHICGDI@NMBASE@@YAXHHHHPAG0@Z 1008a070 f   GraphMod.obj
 0002:000255a0       ?_PutCspUD_AB@GRAPHICGDI@NMBASE@@YAXHHHHPAG0PAEH@Z 1008a5a0 f   GraphMod.obj
 0002:00025b60       ?_PutCspUD_DE@GRAPHICGDI@NMBASE@@YAXHHHHPAG0H@Z 1008ab60 f   GraphMod.obj
 0002:000260b0       ?_PutCspUD_GB@GRAPHICGDI@NMBASE@@YAXHHHHPAG0H@Z 1008b0b0 f   GraphMod.obj
 0002:00026610       ?_PutCspUD_Glow@GRAPHICGDI@NMBASE@@YAXHHHHPAG0GH@Z 1008b610 f   GraphMod.obj
 0002:00026b70       ?_PutCspUD_Grayscl@GRAPHICGDI@NMBASE@@YAXHHHHPAG0@Z 1008bb70 f   GraphMod.obj
 0002:000270b0       ?_PutCspUD_HB@GRAPHICGDI@NMBASE@@YAXHHHHPAG0@Z 1008c0b0 f   GraphMod.obj
 0002:000275f0       ?_PutCspUD_LE@GRAPHICGDI@NMBASE@@YAXHHHHPAG0H@Z 1008c5f0 f   GraphMod.obj
 0002:00027b40       ?_PutCspUD_Mono@GRAPHICGDI@NMBASE@@YAXHHHHPAG0G@Z 1008cb40 f   GraphMod.obj
 0002:00028060       ?_PutCsp_AB@GRAPHICGDI@NMBASE@@YAXHHHHPAG0PAEH@Z 1008d060 f   GraphMod.obj
 0002:00028620       ?_PutCsp_Anti@GRAPHICGDI@NMBASE@@YAXHHHHPAG0@Z 1008d620 f   GraphMod.obj
 0002:00028b40       ?_PutCsp_DE@GRAPHICGDI@NMBASE@@YAXHHHHPAG0H@Z 1008db40 f   GraphMod.obj
 0002:00029070       ?_PutCsp_GB@GRAPHICGDI@NMBASE@@YAXHHHHPAG0H@Z 1008e070 f   GraphMod.obj
 0002:000295b0       ?_PutCsp_Glow@GRAPHICGDI@NMBASE@@YAXHHHHPAG0GH@Z 1008e5b0 f   GraphMod.obj
 0002:00029b00       ?_PutCsp_Grayscl@GRAPHICGDI@NMBASE@@YAXHHHHPAG0@Z 1008eb00 f   GraphMod.obj
 0002:0002a020       ?_PutCsp_Grayscl_AB@GRAPHICGDI@NMBASE@@YAXHHHHPAG0PAEH@Z 1008f020 f   GraphMod.obj
 0002:0002a5d0       ?_PutCsp_HB@GRAPHICGDI@NMBASE@@YAXHHHHPAG0@Z 1008f5d0 f   GraphMod.obj
 0002:0002aaf0       ?_PutCsp_LE@GRAPHICGDI@NMBASE@@YAXHHHHPAG0H@Z 1008faf0 f   GraphMod.obj
 0002:0002b020       ?_PutCsp_Mono@GRAPHICGDI@NMBASE@@YAXHHHHPAG0G@Z 10090020 f   GraphMod.obj
 0002:0002b520       ?_PutCsp_Mono_AB@GRAPHICGDI@NMBASE@@YAXHHHHPAG0PAEGH@Z 10090520 f   GraphMod.obj
 0002:0002bab0       ?_PutCsp_RGB555TORGB24@GRAPHICGDI@NMBASE@@YAXHHHHPAEHPAG@Z 10090ab0 f   GraphMod.obj
 0002:0002bfa0       ?_PutCsp_RGB555TORGB32@GRAPHICGDI@NMBASE@@YAXHHHHPAKHPAG@Z 10090fa0 f   GraphMod.obj
 0002:0002c4b0       ?_PutCsp_RGB555TORGB565@GRAPHICGDI@NMBASE@@YAXHHHHPAG0@Z 100914b0 f   GraphMod.obj
 0002:0002c9b0       ?_PutImage@GRAPHICGDI@NMBASE@@YAXHHHHPAG0@Z 100919b0 f   GraphMod.obj
 0002:0002cc60       ?_PutImageUD@GRAPHICGDI@NMBASE@@YAXHHFFPAG0@Z 10091c60 f   GraphMod.obj
 0002:0002cf60       ?_PutImage_GB@GRAPHICGDI@NMBASE@@YAXHHHHPAG0H@Z 10091f60 f   GraphMod.obj
 0002:0002d220       ?_PutSpr@GRAPHICGDI@NMBASE@@YAXHHHHPAG0G@Z 10092220 f   GraphMod.obj
 0002:0002d460       ?_PutSprLR@GRAPHICGDI@NMBASE@@YAXHHHHPAG0G@Z 10092460 f   GraphMod.obj
 0002:0002d6a0       ?_PutSprUD@GRAPHICGDI@NMBASE@@YAXHHHHPAG0G@Z 100926a0 f   GraphMod.obj
 0002:0002d8f0       ?_PutSpr_AB@GRAPHICGDI@NMBASE@@YAXHHHHPAG0GPAEH@Z 100928f0 f   GraphMod.obj
 0002:0002dcc0       ?_PutSpr_DE@GRAPHICGDI@NMBASE@@YAXHHHHPAG0GH@Z 10092cc0 f   GraphMod.obj
 0002:0002dfd0       ?_PutSpr_GB@GRAPHICGDI@NMBASE@@YAXHHHHPAG0GH@Z 10092fd0 f   GraphMod.obj
 0002:0002e1e0       ?_PutSpr_Grayscl@GRAPHICGDI@NMBASE@@YAXHHHHPAG0H@Z 100931e0 f   GraphMod.obj
 0002:0002e5d0       ?_PutSpr_Grayscl_AB@GRAPHICGDI@NMBASE@@YAXHHHHPAG0PAEH@Z 100935d0 f   GraphMod.obj
 0002:0002e9e0       ?_PutSpr_LE@GRAPHICGDI@NMBASE@@YAXHHHHPAG0GH@Z 100939e0 f   GraphMod.obj
 0002:0002ecf0       ?_PutSpr_Mono@GRAPHICGDI@NMBASE@@YAXHHHHPAG0GGH@Z 10093cf0 f   GraphMod.obj
 0002:0002ef30       ?_PutSpr_Mono_AB@GRAPHICGDI@NMBASE@@YAXHHHHPAG0PAEGH@Z 10093f30 f   GraphMod.obj
 0002:0002f290       ?ClearAlphaTable8@GRAPHICGDI@NMBASE@@YAXXZ 10094290 f   GraphMod8.obj
 0002:0002f310       ?CreateAlphaTable8@GRAPHICGDI@NMBASE@@YAXXZ 10094310 f   GraphMod8.obj
 0002:0002f380       ?DrawBox8@GRAPHICGDI@NMBASE@@YAXHHHHPADD@Z 10094380 f   GraphMod8.obj
 0002:0002f560       ?DrawHLine8@GRAPHICGDI@NMBASE@@YAXHHHPADD@Z 10094560 f   GraphMod8.obj
 0002:0002f660       ?DrawVLine8@GRAPHICGDI@NMBASE@@YAXHHHPADD@Z 10094660 f   GraphMod8.obj
 0002:0002f770       ?FillBox8@GRAPHICGDI@NMBASE@@YAXHHHHPADD@Z 10094770 f   GraphMod8.obj
 0002:0002f890       ?FillBoxGlass8@GRAPHICGDI@NMBASE@@YAXHHHHPADDH@Z 10094890 f   GraphMod8.obj
 0002:0002fa10       ?FillPage8@GRAPHICGDI@NMBASE@@YAXPADD@Z 10094a10 f   GraphMod8.obj
 0002:0002faa0       ?FindBlendColor@GRAPHICGDI@NMBASE@@YAEEEPAUtagRGBQUAD@@E@Z 10094aa0 f   GraphMod8.obj
 0002:0002fc00       ?GetImage8@GRAPHICGDI@NMBASE@@YAXHHHHPAD0@Z 10094c00 f   GraphMod8.obj
 0002:0002fcb0       ?GlassCpy@GRAPHICGDI@NMBASE@@YIXPAD0HPAE@Z 10094cb0 f   GraphMod8.obj
 0002:0002fd30       ?GlassSet@GRAPHICGDI@NMBASE@@YIXPADDHPAE@Z 10094d30 f   GraphMod8.obj
 0002:0002fdb0       ?InitAlphaTable8@GRAPHICGDI@NMBASE@@YAXPAUtagRGBQUAD@@HH@Z 10094db0 f   GraphMod8.obj
 0002:0002fec0       ?LoadAlphaTable8@GRAPHICGDI@NMBASE@@YAHPAD@Z 10094ec0 f   GraphMod8.obj
 0002:00030040       ?LowZoomCsp8@GRAPHICGDI@NMBASE@@YAXHHHHPADHH0@Z 10095040 f   GraphMod8.obj
 0002:000308c0       ?LowZoomCspGlass8@GRAPHICGDI@NMBASE@@YAXHHHHPADHH0H@Z 100958c0 f   GraphMod8.obj
 0002:000311e0       ?LowZoomCspGlassLR8@GRAPHICGDI@NMBASE@@YAXHHHHPADHH0H@Z 100961e0 f   GraphMod8.obj
 0002:00031b10       ?LowZoomCspGlassUD8@GRAPHICGDI@NMBASE@@YAXHHHHPADHH0H@Z 10096b10 f   GraphMod8.obj
 0002:00032440       ?LowZoomCspGlassUDLR8@GRAPHICGDI@NMBASE@@YAXHHHHPADHH0H@Z 10097440 f   GraphMod8.obj
 0002:00032d70       ?LowZoomCspLR8@GRAPHICGDI@NMBASE@@YAXHHHHPADHH0@Z 10097d70 f   GraphMod8.obj
 0002:00033600       ?LowZoomCspMono8@GRAPHICGDI@NMBASE@@YAXHHHHPADHH0D@Z 10098600 f   GraphMod8.obj
 0002:00033e80       ?LowZoomCspMonoGlass8@GRAPHICGDI@NMBASE@@YAXHHHHPADHH0DH@Z 10098e80 f   GraphMod8.obj
 0002:00034790       ?LowZoomCspMonoGlassLR8@GRAPHICGDI@NMBASE@@YAXHHHHPADHH0DH@Z 10099790 f   GraphMod8.obj
 0002:000350a0       ?LowZoomCspMonoGlassUD8@GRAPHICGDI@NMBASE@@YAXHHHHPADHH0DH@Z 1009a0a0 f   GraphMod8.obj
 0002:000359b0       ?LowZoomCspMonoGlassUDLR8@GRAPHICGDI@NMBASE@@YAXHHHHPADHH0DH@Z 1009a9b0 f   GraphMod8.obj
 0002:000362d0       ?LowZoomCspMonoLR8@GRAPHICGDI@NMBASE@@YAXHHHHPADHH0D@Z 1009b2d0 f   GraphMod8.obj
 0002:00036b50       ?LowZoomCspMonoUD8@GRAPHICGDI@NMBASE@@YAXHHHHPADHH0D@Z 1009bb50 f   GraphMod8.obj
 0002:000373d0       ?LowZoomCspMonoUDLR8@GRAPHICGDI@NMBASE@@YAXHHHHPADHH0D@Z 1009c3d0 f   GraphMod8.obj
 0002:00037c60       ?LowZoomCspUD8@GRAPHICGDI@NMBASE@@YAXHHHHPADHH0@Z 1009cc60 f   GraphMod8.obj
 0002:000384f0       ?LowZoomCspUDLR8@GRAPHICGDI@NMBASE@@YAXHHHHPADHH0@Z 1009d4f0 f   GraphMod8.obj
 0002:00038d90       ?LowZoomSpr8@GRAPHICGDI@NMBASE@@YAXHHHHPADHH0@Z 1009dd90 f   GraphMod8.obj
 0002:00039120       ?LowZoomSprGlass8@GRAPHICGDI@NMBASE@@YAXHHHHPADHH0H@Z 1009e120 f   GraphMod8.obj
 0002:00039510       ?LowZoomSprGlassLR8@GRAPHICGDI@NMBASE@@YAXHHHHPADHH0H@Z 1009e510 f   GraphMod8.obj
 0002:00039910       ?LowZoomSprGlassUD8@GRAPHICGDI@NMBASE@@YAXHHHHPADHH0H@Z 1009e910 f   GraphMod8.obj
 0002:00039d10       ?LowZoomSprGlassUDLR8@GRAPHICGDI@NMBASE@@YAXHHHHPADHH0H@Z 1009ed10 f   GraphMod8.obj
 0002:0003a130       ?LowZoomSprLR8@GRAPHICGDI@NMBASE@@YAXHHHHPADHH0@Z 1009f130 f   GraphMod8.obj
 0002:0003a4e0       ?LowZoomSprMono8@GRAPHICGDI@NMBASE@@YAXHHHHPADHH0D@Z 1009f4e0 f   GraphMod8.obj
 0002:0003a870       ?LowZoomSprMonoGlass8@GRAPHICGDI@NMBASE@@YAXHHHHPADHH0DH@Z 1009f870 f   GraphMod8.obj
 0002:0003ac60       ?LowZoomSprMonoGlassLR8@GRAPHICGDI@NMBASE@@YAXHHHHPADHH0DH@Z 1009fc60 f   GraphMod8.obj
 0002:0003b060       ?LowZoomSprMonoGlassUD8@GRAPHICGDI@NMBASE@@YAXHHHHPADHH0DH@Z 100a0060 f   GraphMod8.obj
 0002:0003b460       ?LowZoomSprMonoGlassUDLR8@GRAPHICGDI@NMBASE@@YAXHHHHPADHH0DH@Z 100a0460 f   GraphMod8.obj
 0002:0003b880       ?LowZoomSprMonoLR8@GRAPHICGDI@NMBASE@@YAXHHHHPADHH0D@Z 100a0880 f   GraphMod8.obj
 0002:0003bc30       ?LowZoomSprMonoUD8@GRAPHICGDI@NMBASE@@YAXHHHHPADHH0D@Z 100a0c30 f   GraphMod8.obj
 0002:0003bfe0       ?LowZoomSprMonoUDLR8@GRAPHICGDI@NMBASE@@YAXHHHHPADHH0D@Z 100a0fe0 f   GraphMod8.obj
 0002:0003c3a0       ?LowZoomSprUD8@GRAPHICGDI@NMBASE@@YAXHHHHPADHH0@Z 100a13a0 f   GraphMod8.obj
 0002:0003c750       ?LowZoomSprUDLR8@GRAPHICGDI@NMBASE@@YAXHHHHPADHH0@Z 100a1750 f   GraphMod8.obj
 0002:0003cb10       ?MemCpy4b@GRAPHICGDI@NMBASE@@YIXPAD0H@Z 100a1b10 f   GraphMod8.obj
 0002:0003cb80       ?MemSet4b@GRAPHICGDI@NMBASE@@YIXPADDH@Z 100a1b80 f   GraphMod8.obj
 0002:0003cc00       ?NearColor@GRAPHICGDI@NMBASE@@YAEHHHPAUtagRGBQUAD@@@Z 100a1c00 f   GraphMod8.obj
 0002:0003cea0       ?PutCsp8@GRAPHICGDI@NMBASE@@YAXHHHHPAD0@Z 100a1ea0 f   GraphMod8.obj
 0002:0003d380       ?PutCspGlass8@GRAPHICGDI@NMBASE@@YAXHHHHPAD0H@Z 100a2380 f   GraphMod8.obj
 0002:0003d7d0       ?PutCspGlassLR8@GRAPHICGDI@NMBASE@@YAXHHHHPAD0H@Z 100a27d0 f   GraphMod8.obj
 0002:0003dc70       ?PutCspGlassUD8@GRAPHICGDI@NMBASE@@YAXHHHHPAD0H@Z 100a2c70 f   GraphMod8.obj
 0002:0003e0e0       ?PutCspGlassUDLR8@GRAPHICGDI@NMBASE@@YAXHHHHPAD0H@Z 100a30e0 f   GraphMod8.obj
 0002:0003e590       ?PutCspLR8@GRAPHICGDI@NMBASE@@YAXHHHHPAD0@Z 100a3590 f   GraphMod8.obj
 0002:0003e9d0       ?PutCspMono8@GRAPHICGDI@NMBASE@@YAXHHHHPAD0D@Z 100a39d0 f   GraphMod8.obj
 0002:0003ede0       ?PutCspMonoGlass8@GRAPHICGDI@NMBASE@@YAXHHHHPAD0DH@Z 100a3de0 f   GraphMod8.obj
 0002:0003f230       ?PutCspMonoGlassLR8@GRAPHICGDI@NMBASE@@YAXHHHHPAD0DH@Z 100a4230 f   GraphMod8.obj
 0002:0003f6d0       ?PutCspMonoGlassUD8@GRAPHICGDI@NMBASE@@YAXHHHHPAD0DH@Z 100a46d0 f   GraphMod8.obj
 0002:0003fb40       ?PutCspMonoGlassUDLR8@GRAPHICGDI@NMBASE@@YAXHHHHPAD0DH@Z 100a4b40 f   GraphMod8.obj
 0002:00040000       ?PutCspMonoLR8@GRAPHICGDI@NMBASE@@YAXHHHHPAD0D@Z 100a5000 f   GraphMod8.obj
 0002:00040440       ?PutCspMonoUD8@GRAPHICGDI@NMBASE@@YAXHHHHPAD0D@Z 100a5440 f   GraphMod8.obj
 0002:00040860       ?PutCspMonoUDLR8@GRAPHICGDI@NMBASE@@YAXHHHHPAD0D@Z 100a5860 f   GraphMod8.obj
 0002:00040cc0       ?PutCspUD8@GRAPHICGDI@NMBASE@@YAXHHHHPAD0@Z 100a5cc0 f   GraphMod8.obj
 0002:000410d0       ?PutCspUDLR8@GRAPHICGDI@NMBASE@@YAXHHHHPAD0@Z 100a60d0 f   GraphMod8.obj
 0002:00041520       ?PutImage270d8@GRAPHICGDI@NMBASE@@YAXHHFFPAD0@Z 100a6520 f   GraphMod8.obj
 0002:00041860       ?PutImage8@GRAPHICGDI@NMBASE@@YAXHHHHPAD0@Z 100a6860 f   GraphMod8.obj
 0002:00041ae0       ?PutImage90d8@GRAPHICGDI@NMBASE@@YAXHHFFPAD0@Z 100a6ae0 f   GraphMod8.obj
 0002:00041e20       ?PutImageAngle8@GRAPHICGDI@NMBASE@@YAXHHFFPAD0H@Z 100a6e20 f   GraphMod8.obj
 0002:00041f30       ?PutImageLR8@GRAPHICGDI@NMBASE@@YAXHHFFPAD0@Z 100a6f30 f   GraphMod8.obj
 0002:00042250       ?PutImageUD8@GRAPHICGDI@NMBASE@@YAXHHFFPAD0@Z 100a7250 f   GraphMod8.obj
 0002:00042520       ?PutImageUDLR8@GRAPHICGDI@NMBASE@@YAXHHFFPAD0@Z 100a7520 f   GraphMod8.obj
 0002:00042860       ?PutPixel8@GRAPHICGDI@NMBASE@@YAXHHPADD@Z 100a7860 f   GraphMod8.obj
 0002:000428b0       ?PutSpr270d8@GRAPHICGDI@NMBASE@@YAXHHFFPAD0@Z 100a78b0 f   GraphMod8.obj
 0002:00042c10       ?PutSpr8@GRAPHICGDI@NMBASE@@YAXHHHHPAD0@Z 100a7c10 f   GraphMod8.obj
 0002:00042e50       ?PutSpr90d8@GRAPHICGDI@NMBASE@@YAXHHFFPAD0@Z 100a7e50 f   GraphMod8.obj
 0002:000431b0       ?PutSprAngle8@GRAPHICGDI@NMBASE@@YAXHHFFPAD0H@Z 100a81b0 f   GraphMod8.obj
 0002:000432c0       ?PutSprGlass8@GRAPHICGDI@NMBASE@@YAXHHHHPAD0H@Z 100a82c0 f   GraphMod8.obj
 0002:00043550       ?PutSprGlassLR8@GRAPHICGDI@NMBASE@@YAXHHHHPAD0H@Z 100a8550 f   GraphMod8.obj
 0002:000437f0       ?PutSprGlassUD8@GRAPHICGDI@NMBASE@@YAXHHHHPAD0H@Z 100a87f0 f   GraphMod8.obj
 0002:00043a90       ?PutSprGlassUDLR8@GRAPHICGDI@NMBASE@@YAXHHHHPAD0H@Z 100a8a90 f   GraphMod8.obj
 0002:00043d40       ?PutSprLR8@GRAPHICGDI@NMBASE@@YAXHHHHPAD0@Z 100a8d40 f   GraphMod8.obj
 0002:00043fa0       ?PutSprMono270d8@GRAPHICGDI@NMBASE@@YAXHHFFPAD0D@Z 100a8fa0 f   GraphMod8.obj
 0002:000442f0       ?PutSprMono8@GRAPHICGDI@NMBASE@@YAXHHFFPAD0D@Z 100a92f0 f   GraphMod8.obj
 0002:00044610       ?PutSprMono90d8@GRAPHICGDI@NMBASE@@YAXHHFFPAD0D@Z 100a9610 f   GraphMod8.obj
 0002:00044960       ?PutSprMonoAngle8@GRAPHICGDI@NMBASE@@YAXHHFFPAD0DH@Z 100a9960 f   GraphMod8.obj
 0002:00044a90       ?PutSprMonoGlass8@GRAPHICGDI@NMBASE@@YAXHHHHPAD0DH@Z 100a9a90 f   GraphMod8.obj
 0002:00044d20       ?PutSprMonoGlassLR8@GRAPHICGDI@NMBASE@@YAXHHHHPAD0DH@Z 100a9d20 f   GraphMod8.obj
 0002:00044fc0       ?PutSprMonoGlassUD8@GRAPHICGDI@NMBASE@@YAXHHHHPAD0DH@Z 100a9fc0 f   GraphMod8.obj
 0002:00045260       ?PutSprMonoGlassUDLR8@GRAPHICGDI@NMBASE@@YAXHHHHPAD0DH@Z 100aa260 f   GraphMod8.obj
 0002:00045510       ?PutSprMonoLR8@GRAPHICGDI@NMBASE@@YAXHHFFPAD0D@Z 100aa510 f   GraphMod8.obj
 0002:00045840       ?PutSprMonoUD8@GRAPHICGDI@NMBASE@@YAXHHFFPAD0D@Z 100aa840 f   GraphMod8.obj
 0002:00045bc0       ?PutSprMonoUDLR8@GRAPHICGDI@NMBASE@@YAXHHFFPAD0D@Z 100aabc0 f   GraphMod8.obj
 0002:00045f10       ?PutSprUD8@GRAPHICGDI@NMBASE@@YAXHHHHPAD0@Z 100aaf10 f   GraphMod8.obj
 0002:00046170       ?PutSprUDLR8@GRAPHICGDI@NMBASE@@YAXHHHHPAD0@Z 100ab170 f   GraphMod8.obj
 0002:000463e0       ?Rgb2Hsv@GRAPHICGDI@NMBASE@@YAXEEEPAE00@Z 100ab3e0 f   GraphMod8.obj
 0002:00046620       ?RvrsGlassCpy@GRAPHICGDI@NMBASE@@YIXPAD0HPAE@Z 100ab620 f   GraphMod8.obj
 0002:000466a0       ?RvrsGlassSet@GRAPHICGDI@NMBASE@@YIXPADDHPAE@Z 100ab6a0 f   GraphMod8.obj
 0002:00046720       ?RvrsMemCpy4b@GRAPHICGDI@NMBASE@@YIXPAD0H@Z 100ab720 f   GraphMod8.obj
 0002:000467b0       ?SaveAlphaTable8@GRAPHICGDI@NMBASE@@YAHPAD@Z 100ab7b0 f   GraphMod8.obj
 0002:00046950       ?ZoomSprNoclip_Test@GRAPHICGDI@NMBASE@@YAXHHHHPADHH0@Z 100ab950 f   GraphMod8.obj
 0002:00046aa0       ?HLineTexture@GRAPHICGDI@NMBASE@@YIXHHHUTEXCOORDi@12@0@Z 100abaa0 f   GraphMod_RotateZoom.obj
 0002:00046d20       ?CSPHLineTexture@GRAPHICGDI@NMBASE@@YIXHHHUTEXCOORDi@12@0@Z 100abd20 f   GraphMod_RotateZoom.obj
 0002:000472a0       ?CSPHLineTexture_AB@GRAPHICGDI@NMBASE@@YIXHHHUTEXCOORDi@12@0@Z 100ac2a0 f   GraphMod_RotateZoom.obj
 0002:00047990       ?CSPHLineTexture_DE@GRAPHICGDI@NMBASE@@YIXHHHUTEXCOORDi@12@0@Z 100ac990 f   GraphMod_RotateZoom.obj
 0002:00048020       ?CSPHLineTexture_GB@GRAPHICGDI@NMBASE@@YIXHHHUTEXCOORDi@12@0@Z 100ad020 f   GraphMod_RotateZoom.obj
 0002:000486c0       ?CSPHLineTexture_HB@GRAPHICGDI@NMBASE@@YIXHHHUTEXCOORDi@12@0@Z 100ad6c0 f   GraphMod_RotateZoom.obj
 0002:00048c70       ?CSPHLineTexture_LE@GRAPHICGDI@NMBASE@@YIXHHHUTEXCOORDi@12@0@Z 100adc70 f   GraphMod_RotateZoom.obj
 0002:00049300       ?FillTri@GRAPHICGDI@NMBASE@@YAXPAUtagPOINT@@G@Z 100ae300 f   GraphMod_RotateZoom.obj
 0002:00049810       ?FillTriTexture@GRAPHICGDI@NMBASE@@YAXPAUtagPOINT@@PAUTEXCOORDf@12@@Z 100ae810 f   GraphMod_RotateZoom.obj
 0002:0004a3c0       ?HLine@GRAPHICGDI@NMBASE@@YAXHHHG@Z 100af3c0 f   GraphMod_RotateZoom.obj
 0002:0004a4c0       ?HLineTexture_AB@GRAPHICGDI@NMBASE@@YIXHHHUTEXCOORDi@12@0@Z 100af4c0 f   GraphMod_RotateZoom.obj
 0002:0004a8b0       ?HLineTexture_DE@GRAPHICGDI@NMBASE@@YIXHHHUTEXCOORDi@12@0@Z 100af8b0 f   GraphMod_RotateZoom.obj
 0002:0004ac30       ?HLineTexture_GB@GRAPHICGDI@NMBASE@@YIXHHHUTEXCOORDi@12@0@Z 100afc30 f   GraphMod_RotateZoom.obj
 0002:0004afd0       ?HLineTexture_HB@GRAPHICGDI@NMBASE@@YIXHHHUTEXCOORDi@12@0@Z 100affd0 f   GraphMod_RotateZoom.obj
 0002:0004b280       ?HLineTexture_LE@GRAPHICGDI@NMBASE@@YIXHHHUTEXCOORDi@12@0@Z 100b0280 f   GraphMod_RotateZoom.obj
 0002:0004b600       ?_AxisRotatePoint@GRAPHICGDI@NMBASE@@YAXPAM0MMM@Z 100b0600 f   GraphMod_RotateZoom.obj
 0002:0004b730       ?_AxisRotatePoint@GRAPHICGDI@NMBASE@@YAXPAUtagPOINT@@MU3@@Z 100b0730 f   GraphMod_RotateZoom.obj
 0002:0004b820       ?_GetAngle@GRAPHICGDI@NMBASE@@YAMHHHH@Z 100b0820 f   GraphMod_RotateZoom.obj
 0002:0004ba10       ?_GetMovePoint@GRAPHICGDI@NMBASE@@YA?AUtagPOINT@@HHMM@Z 100b0a10 f   GraphMod_RotateZoom.obj
 0002:0004bb90       ?_RotatePoint@GRAPHICGDI@NMBASE@@YAXPAM0M@Z 100b0b90 f   GraphMod_RotateZoom.obj
 0002:0004bd90       ?_RotatePoint@GRAPHICGDI@NMBASE@@YAXPAUtagPOINT@@M@Z 100b0d90 f   GraphMod_RotateZoom.obj
 0002:0004bfa0       ?_RotateZoomSpr@GRAPHICGDI@NMBASE@@YAXHHHHM@Z 100b0fa0 f   GraphMod_RotateZoom.obj
 0002:0004c410       ?_SetBlendingFunc_HLineTexture@GRAPHICGDI@NMBASE@@YAXP6IXHHHUTEXCOORDi@12@0@Z@Z 100b1410 f   GraphMod_RotateZoom.obj
 0002:0004c450       ?_SetRenderTarget@GRAPHICGDI@NMBASE@@YAXPAG@Z 100b1450 f   GraphMod_RotateZoom.obj
 0002:0004c490       ?_SetTexture@GRAPHICGDI@NMBASE@@YAXPAGHHPAE@Z 100b1490 f   GraphMod_RotateZoom.obj
 0002:0004c4f0       ?_SetTextureAlpha@GRAPHICGDI@NMBASE@@YAXH@Z 100b14f0 f   GraphMod_RotateZoom.obj
 0002:0004c530       ?_SetTextureColorKey@GRAPHICGDI@NMBASE@@YAXG@Z 100b1530 f   GraphMod_RotateZoom.obj
 0002:0004c570       ?_ZoomCsp@GRAPHICGDI@NMBASE@@YAXHHHHPAGHH0@Z 100b1570 f   GraphMod_Zoom.obj
 0002:0004ce20       ?_ZoomCspLR@GRAPHICGDI@NMBASE@@YAXHHHHPAGHH0@Z 100b1e20 f   GraphMod_Zoom.obj
 0002:0004d6d0       ?_ZoomCspLR_AB@GRAPHICGDI@NMBASE@@YAXHHHHPAGHH0PAEH@Z 100b26d0 f   GraphMod_Zoom.obj
 0002:0004e290       ?_ZoomCspLR_DE@GRAPHICGDI@NMBASE@@YAXHHHHPAGHH0H@Z 100b3290 f   GraphMod_Zoom.obj
 0002:0004ecf0       ?_ZoomCspLR_GB@GRAPHICGDI@NMBASE@@YAXHHHHPAGHH0H@Z 100b3cf0 f   GraphMod_Zoom.obj
 0002:0004f7a0       ?_ZoomCspLR_HB@GRAPHICGDI@NMBASE@@YAXHHHHPAGHH0@Z 100b47a0 f   GraphMod_Zoom.obj
 0002:00050090       ?_ZoomCspLR_LE@GRAPHICGDI@NMBASE@@YAXHHHHPAGHH0H@Z 100b5090 f   GraphMod_Zoom.obj
 0002:00050af0       ?_ZoomCspUD@GRAPHICGDI@NMBASE@@YAXHHHHPAGHH0@Z 100b5af0 f   GraphMod_Zoom.obj
 0002:000513e0       ?_ZoomCspUD_AB@GRAPHICGDI@NMBASE@@YAXHHHHPAGHH0PAEH@Z 100b63e0 f   GraphMod_Zoom.obj
 0002:00052010       ?_ZoomCspUD_DE@GRAPHICGDI@NMBASE@@YAXHHHHPAGHH0H@Z 100b7010 f   GraphMod_Zoom.obj
 0002:00052aa0       ?_ZoomCspUD_GB@GRAPHICGDI@NMBASE@@YAXHHHHPAGHH0H@Z 100b7aa0 f   GraphMod_Zoom.obj
 0002:00053590       ?_ZoomCspUD_HB@GRAPHICGDI@NMBASE@@YAXHHHHPAGHH0@Z 100b8590 f   GraphMod_Zoom.obj
 0002:00053ec0       ?_ZoomCspUD_LE@GRAPHICGDI@NMBASE@@YAXHHHHPAGHH0H@Z 100b8ec0 f   GraphMod_Zoom.obj
 0002:00054950       ?_ZoomCsp_AB@GRAPHICGDI@NMBASE@@YAXHHHHPAGHH0PAEH@Z 100b9950 f   GraphMod_Zoom.obj
 0002:00055520       ?_ZoomCsp_DE@GRAPHICGDI@NMBASE@@YAXHHHHPAGHH0H@Z 100ba520 f   GraphMod_Zoom.obj
 0002:00055f70       ?_ZoomCsp_GB@GRAPHICGDI@NMBASE@@YAXHHHHPAGHH0H@Z 100baf70 f   GraphMod_Zoom.obj
 0002:00056a10       ?_ZoomCsp_Grayscl@GRAPHICGDI@NMBASE@@YAXHHHHPAGHH0PAEE@Z 100bba10 f   GraphMod_Zoom.obj
 0002:00057410       ?_ZoomCsp_HB@GRAPHICGDI@NMBASE@@YAXHHHHPAGHH0@Z 100bc410 f   GraphMod_Zoom.obj
 0002:00057d00       ?_ZoomCsp_LE@GRAPHICGDI@NMBASE@@YAXHHHHPAGHH0H@Z 100bcd00 f   GraphMod_Zoom.obj
 0002:00058750       ?_ZoomCsp_Mono@GRAPHICGDI@NMBASE@@YAXHHHHPAGHH0GPAEHG@Z 100bd750 f   GraphMod_Zoom.obj
 0002:00059300       ?_ZoomSpr@GRAPHICGDI@NMBASE@@YAXHHHHPAGHH0G@Z 100be300 f   GraphMod_Zoom.obj
 0002:000596b0       ?_ZoomSprLR@GRAPHICGDI@NMBASE@@YAXHHHHPAGHH0G@Z 100be6b0 f   GraphMod_Zoom.obj
 0002:00059a70       ?_ZoomSprLR_AB@GRAPHICGDI@NMBASE@@YAXHHHHPAGHH0GPAEH@Z 100bea70 f   GraphMod_Zoom.obj
 0002:00059fd0       ?_ZoomSprLR_DE@GRAPHICGDI@NMBASE@@YAXHHHHPAGHH0GH@Z 100befd0 f   GraphMod_Zoom.obj
 0002:0005a460       ?_ZoomSprLR_GB@GRAPHICGDI@NMBASE@@YAXHHHHPAGHH0GH@Z 100bf460 f   GraphMod_Zoom.obj
 0002:0005a940       ?_ZoomSprLR_HB@GRAPHICGDI@NMBASE@@YAXHHHHPAGHH0GH@Z 100bf940 f   GraphMod_Zoom.obj
 0002:0005ad20       ?_ZoomSprLR_LE@GRAPHICGDI@NMBASE@@YAXHHHHPAGHH0GH@Z 100bfd20 f   GraphMod_Zoom.obj
 0002:0005b1b0       ?_ZoomSprUD@GRAPHICGDI@NMBASE@@YAXHHHHPAGHH0G@Z 100c01b0 f   GraphMod_Zoom.obj
 0002:0005b5b0       ?_ZoomSprUD_AB@GRAPHICGDI@NMBASE@@YAXHHHHPAGHH0GPAEH@Z 100c05b0 f   GraphMod_Zoom.obj
 0002:0005bb60       ?_ZoomSprUD_DE@GRAPHICGDI@NMBASE@@YAXHHHHPAGHH0GH@Z 100c0b60 f   GraphMod_Zoom.obj
 0002:0005c040       ?_ZoomSprUD_GB@GRAPHICGDI@NMBASE@@YAXHHHHPAGHH0GH@Z 100c1040 f   GraphMod_Zoom.obj
 0002:0005c570       ?_ZoomSprUD_HB@GRAPHICGDI@NMBASE@@YAXHHHHPAGHH0GH@Z 100c1570 f   GraphMod_Zoom.obj
 0002:0005c9a0       ?_ZoomSprUD_LE@GRAPHICGDI@NMBASE@@YAXHHHHPAGHH0GH@Z 100c19a0 f   GraphMod_Zoom.obj
 0002:0005ce80       ?_ZoomSpr_AB@GRAPHICGDI@NMBASE@@YAXHHHHPAGHH0GPAEH@Z 100c1e80 f   GraphMod_Zoom.obj
 0002:0005d3d0       ?_ZoomSpr_DE@GRAPHICGDI@NMBASE@@YAXHHHHPAGHH0GH@Z 100c23d0 f   GraphMod_Zoom.obj
 0002:0005d850       ?_ZoomSpr_GB@GRAPHICGDI@NMBASE@@YAXHHHHPAGHH0GH@Z 100c2850 f   GraphMod_Zoom.obj
 0002:0005dd20       ?_ZoomSpr_Grayscl@GRAPHICGDI@NMBASE@@YAXHHHHPAGHH0PAEE@Z 100c2d20 f   GraphMod_Zoom.obj
 0002:0005e170       ?_ZoomSpr_LE@GRAPHICGDI@NMBASE@@YAXHHHHPAGHH0GH@Z 100c3170 f   GraphMod_Zoom.obj
 0002:0005e5f0       ?_ZoomSpr_Mono@GRAPHICGDI@NMBASE@@YAXHHHHPAGHH0GPAEHG@Z 100c35f0 f   GraphMod_Zoom.obj
 0002:0005eb30       ??0JpegFile@GRAPHICGDI@NMBASE@@QAE@XZ 100c3b30 f   Jpegfile.obj
 0002:0005eb70       ??1JpegFile@GRAPHICGDI@NMBASE@@QAE@XZ 100c3b70 f   Jpegfile.obj
 0002:0005ebb0       ?BGRFromRGB@JpegFile@GRAPHICGDI@NMBASE@@SAHPAEII@Z 100c3bb0 f   Jpegfile.obj
 0002:0005ecc0       ?GetJPGDimensions@JpegFile@GRAPHICGDI@NMBASE@@SAHPAU_iobuf@@PAI1@Z 100c3cc0 f   Jpegfile.obj
 0002:0005ee80       ?GetJPGDimensions@JpegFile@GRAPHICGDI@NMBASE@@SAHPBDPAI1@Z 100c3e80 f   Jpegfile.obj
 0002:0005efb0       ?JpegFileToRGB@JpegFile@GRAPHICGDI@NMBASE@@SAPAEPAU_iobuf@@PAI1@Z 100c3fb0 f   Jpegfile.obj
 0002:0005f340       ?JpegFileToRGB@JpegFile@GRAPHICGDI@NMBASE@@SAPAEPBDPAI1@Z 100c4340 f   Jpegfile.obj
 0002:0005f480       ?MakeDwordAlignedBuf@JpegFile@GRAPHICGDI@NMBASE@@SAPAEPAEIIPAI@Z 100c4480 f   Jpegfile.obj
 0002:0005f5a0       ?MakeGrayScale@JpegFile@GRAPHICGDI@NMBASE@@SAHPAEII@Z 100c45a0 f   Jpegfile.obj
 0002:0005f710       ?RGBFromDWORDAligned@JpegFile@GRAPHICGDI@NMBASE@@SAPAEPAEIII@Z 100c4710 f   Jpegfile.obj
 0002:0005f7f0       ?RGBToJpegFile@JpegFile@GRAPHICGDI@NMBASE@@SAHPBDPAEIIHH@Z 100c47f0 f   Jpegfile.obj
 0002:0005fd20       ?VertFlipBuf@JpegFile@GRAPHICGDI@NMBASE@@SAHPAEII@Z 100c4d20 f   Jpegfile.obj
 0002:0005ff50       ?j_putGrayScanlineToRGB@GRAPHICGDI@NMBASE@@YAXPAEH0H@Z 100c4f50 f   Jpegfile.obj
 0002:00060000       ?j_putRGBScanline@GRAPHICGDI@NMBASE@@YAXPAEH0H@Z 100c5000 f   Jpegfile.obj
 0002:000601a0       __vsnprintf_l              100c51a0 f i Jpegfile.obj
 0002:00060250       __vsprintf_l               100c5250 f i Jpegfile.obj
 0002:000602b0       _sprintf                   100c52b0 f i Jpegfile.obj
 0002:00060330       ??0COleDateTime@ATL@@QAE@_J@Z 100c5330 f i ScreenCapture.obj
 0002:000603b0       ??0CRect@@QAE@XZ           100c53b0 f i ScreenCapture.obj
 0002:00060420       ??0CTime@ATL@@QAE@_J@Z     100c5420 f i ScreenCapture.obj
 0002:00060470       ??4COleDateTime@ATL@@QAEAAV01@AB_J@Z 100c5470 f i ScreenCapture.obj
 0002:00060590       ??B?$CTraceCategoryEx@$0CAAA@$0A@@ATL@@QAEIXZ 100c5590 f i ScreenCapture.obj
 0002:000605d0       ??BCRect@@QAEPAUtagRECT@@XZ 100c55d0 f i ScreenCapture.obj
 0002:00060610       ?AtlConvertSystemTimeToVariantTime@ATL@@YAHABU_SYSTEMTIME@@PAN@Z 100c5610 f i ScreenCapture.obj
 0002:00060870       ?AtlThrowImpl@ATL@@YGXJ@Z  100c5870 f i ScreenCapture.obj
 0002:00060920       ?ConvertSystemTimeToVariantTime@COleDateTime@ATL@@IAEHABU_SYSTEMTIME@@@Z 100c5920 f i ScreenCapture.obj
 0002:00060980       ?GetAsSystemTime@CTime@ATL@@QBE_NAAU_SYSTEMTIME@@@Z 100c5980 f i ScreenCapture.obj
 0002:00060ad0       ?GetLocalTm@CTime@ATL@@QBEPAUtm@@PAU3@@Z 100c5ad0 f i ScreenCapture.obj
 0002:00060c60       ?GetTickCount@COleDateTime@ATL@@SG?AV12@XZ 100c5c60 f i ScreenCapture.obj
 0002:00060cd0       ?Height@CRect@@QBEHXZ      100c5cd0 f i ScreenCapture.obj
 0002:00060d20       ?ScreenCapture@GRAPHICGDI@NMBASE@@YAHPAUHWND__@@PBD@Z 100c5d20 f   ScreenCapture.obj
 0002:00061290       ?Width@CRect@@QBEHXZ       100c6290 f i ScreenCapture.obj
 0002:000612e0       ??0CSprite8@GRAPHICGDI@NMBASE@@QAE@XZ 100c62e0 f   Sprite8.obj
 0002:00061350       ??1CSprite8@GRAPHICGDI@NMBASE@@QAE@XZ 100c6350 f   Sprite8.obj
 0002:000613e0       ?Load@CSprite8@GRAPHICGDI@NMBASE@@QAEHPAD@Z 100c63e0 f   Sprite8.obj
 0002:00061980       ?Remove@CSprite8@GRAPHICGDI@NMBASE@@QAEXXZ 100c6980 f   Sprite8.obj
 0002:00061b50       ?AllocARGB4444@CTGAFile@GRAPHICGDI@NMBASE@@QAEPAGXZ 100c6b50 f   TgaFile.obj
 0002:00061cd0       ?AllocAlpha5@CTGAFile@GRAPHICGDI@NMBASE@@QAEPAEXZ 100c6cd0 f   TgaFile.obj
 0002:00061dd0       ?AllocAlpha@CTGAFile@GRAPHICGDI@NMBASE@@QAEPAEXZ 100c6dd0 f   TgaFile.obj
 0002:00061f20       ?AllocRGB555@CTGAFile@GRAPHICGDI@NMBASE@@QAEPAGXZ 100c6f20 f   TgaFile.obj
 0002:00062080       ?Destroy@CTGAFile@GRAPHICGDI@NMBASE@@QAEXXZ 100c7080 f i TgaFile.obj
 0002:00062130       ?Load@CTGAFile@GRAPHICGDI@NMBASE@@QAEHPAD@Z 100c7130 f   TgaFile.obj
 0002:000621e0       ?Load@CTGAFile@GRAPHICGDI@NMBASE@@QAEHPAU_iobuf@@@Z 100c71e0 f   TgaFile.obj
 0002:00062380       ??$SafeDelete@VAction@GRAPHICGDI@NMBASE@@@GRAPHICGDI@NMBASE@@YAHPAPAVAction@01@@Z 100c7380 f i xAniFile.obj
 0002:00062510       ??$SafeDelete@VCell@GRAPHICGDI@NMBASE@@@GRAPHICGDI@NMBASE@@YAHPAPAVCell@01@@Z 100c7510 f i xAniFile.obj
 0002:00062670       ??$SafeDelete@VCharacter@GRAPHICGDI@NMBASE@@@GRAPHICGDI@NMBASE@@YAHPAPAVCharacter@01@@Z 100c7670 f i xAniFile.obj
 0002:00062800       ??$SafeDelete@VFrame@GRAPHICGDI@NMBASE@@@GRAPHICGDI@NMBASE@@YAHPAPAVFrame@01@@Z 100c7800 f i xAniFile.obj
 0002:00062990       ??$SafeDelete@VGroup@GRAPHICGDI@NMBASE@@@GRAPHICGDI@NMBASE@@YAHPAPAVGroup@01@@Z 100c7990 f i xAniFile.obj
 0002:00062b20       ??0Action@GRAPHICGDI@NMBASE@@QAE@XZ 100c7b20 f   xAniFile.obj
 0002:00062ba0       ??0Cell@GRAPHICGDI@NMBASE@@QAE@XZ 100c7ba0 f   xAniFile.obj
 0002:00062c10       ??0Character@GRAPHICGDI@NMBASE@@QAE@XZ 100c7c10 f   xAniFile.obj
 0002:00062c90       ??0Frame@GRAPHICGDI@NMBASE@@QAE@XZ 100c7c90 f   xAniFile.obj
 0002:00062cf0       ??0Group@GRAPHICGDI@NMBASE@@QAE@XZ 100c7cf0 f   xAniFile.obj
 0002:00062d70       ??0xAniFile@GRAPHICGDI@NMBASE@@QAE@XZ 100c7d70 f   xAniFile.obj
 0002:00062dc0       ??1Action@GRAPHICGDI@NMBASE@@QAE@XZ 100c7dc0 f   xAniFile.obj
 0002:00062e50       ??1Character@GRAPHICGDI@NMBASE@@QAE@XZ 100c7e50 f   xAniFile.obj
 0002:00062ee0       ??1Frame@GRAPHICGDI@NMBASE@@QAE@XZ 100c7ee0 f   xAniFile.obj
 0002:00062f70       ??1Group@GRAPHICGDI@NMBASE@@QAE@XZ 100c7f70 f   xAniFile.obj
 0002:00063000       ??1xAniFile@GRAPHICGDI@NMBASE@@QAE@XZ 100c8000 f   xAniFile.obj
 0002:00063090       ??_GAction@GRAPHICGDI@NMBASE@@QAEPAXI@Z 100c8090 f i xAniFile.obj
 0002:00063100       ??_GCharacter@GRAPHICGDI@NMBASE@@QAEPAXI@Z 100c8100 f i xAniFile.obj
 0002:00063170       ??_GFrame@GRAPHICGDI@NMBASE@@QAEPAXI@Z 100c8170 f i xAniFile.obj
 0002:000631e0       ??_GGroup@GRAPHICGDI@NMBASE@@QAEPAXI@Z 100c81e0 f i xAniFile.obj
 0002:00063250       ?AddAction@Group@GRAPHICGDI@NMBASE@@QAEXPAD@Z 100c8250 f   xAniFile.obj
 0002:00063440       ?AddCell@Frame@GRAPHICGDI@NMBASE@@QAEXHHHH@Z 100c8440 f   xAniFile.obj
 0002:00063630       ?AddCharacter@xAniFile@GRAPHICGDI@NMBASE@@QAEXPAD@Z 100c8630 f   xAniFile.obj
 0002:00063810       ?AddFrame@Action@GRAPHICGDI@NMBASE@@QAEXH@Z 100c8810 f   xAniFile.obj
 0002:00063a10       ?AddGroup@Character@GRAPHICGDI@NMBASE@@QAEXPAD@Z 100c8a10 f   xAniFile.obj
 0002:00063c00       ?DelAction@Group@GRAPHICGDI@NMBASE@@QAEXH@Z 100c8c00 f   xAniFile.obj
 0002:00063da0       ?DelCell@Frame@GRAPHICGDI@NMBASE@@QAEXH@Z 100c8da0 f   xAniFile.obj
 0002:00063f30       ?DelCharacter@xAniFile@GRAPHICGDI@NMBASE@@QAEXH@Z 100c8f30 f   xAniFile.obj
 0002:000640e0       ?DelFrame@Action@GRAPHICGDI@NMBASE@@QAEXH@Z 100c90e0 f   xAniFile.obj
 0002:00064280       ?DelGroup@Character@GRAPHICGDI@NMBASE@@QAEXH@Z 100c9280 f   xAniFile.obj
 0002:00064420       ?Destroy@Action@GRAPHICGDI@NMBASE@@QAEXXZ 100c9420 f   xAniFile.obj
 0002:00064530       ?Destroy@Character@GRAPHICGDI@NMBASE@@QAEXXZ 100c9530 f   xAniFile.obj
 0002:00064640       ?Destroy@Frame@GRAPHICGDI@NMBASE@@QAEXXZ 100c9640 f   xAniFile.obj
 0002:00064740       ?Destroy@Group@GRAPHICGDI@NMBASE@@QAEXXZ 100c9740 f   xAniFile.obj
 0002:00064850       ?Destroy@xAniFile@GRAPHICGDI@NMBASE@@QAEXXZ 100c9850 f   xAniFile.obj
 0002:00064940       ?GetActionPt@xAniFile@GRAPHICGDI@NMBASE@@QAEPAVAction@23@HHH@Z 100c9940 f   xAniFile.obj
 0002:00064a00       ?GetCellPt@xAniFile@GRAPHICGDI@NMBASE@@QAEPAVCell@23@HHHHH@Z 100c9a00 f   xAniFile.obj
 0002:00064b50       ?GetCharacterPt@xAniFile@GRAPHICGDI@NMBASE@@QAEPAVCharacter@23@H@Z 100c9b50 f   xAniFile.obj
 0002:00064bb0       ?GetFramePt@xAniFile@GRAPHICGDI@NMBASE@@QAEPAVFrame@23@HHHH@Z 100c9bb0 f   xAniFile.obj
 0002:00064cb0       ?GetGroupPt@xAniFile@GRAPHICGDI@NMBASE@@QAEPAVGroup@23@HH@Z 100c9cb0 f   xAniFile.obj
 0002:00064d40       ?GetPtrAction@Group@GRAPHICGDI@NMBASE@@QAEPAVAction@23@H@Z 100c9d40 f   xAniFile.obj
 0002:00064dc0       ?GetPtrAction@Group@GRAPHICGDI@NMBASE@@QAEPAVAction@23@PADPAH@Z 100c9dc0 f   xAniFile.obj
 0002:00064eb0       ?GetPtrCell@Frame@GRAPHICGDI@NMBASE@@QAEPAVCell@23@H@Z 100c9eb0 f   xAniFile.obj
 0002:00064f10       ?GetPtrCharacter@xAniFile@GRAPHICGDI@NMBASE@@QAEPAVCharacter@23@H@Z 100c9f10 f   xAniFile.obj
 0002:00064f70       ?GetPtrCharacter@xAniFile@GRAPHICGDI@NMBASE@@QAEPAVCharacter@23@PADPAH@Z 100c9f70 f   xAniFile.obj
 0002:00065060       ?GetPtrFrame@Action@GRAPHICGDI@NMBASE@@QAEPAVFrame@23@H@Z 100ca060 f   xAniFile.obj
 0002:000650e0       ?GetPtrGroup@Character@GRAPHICGDI@NMBASE@@QAEPAVGroup@23@H@Z 100ca0e0 f   xAniFile.obj
 0002:00065150       ?GetPtrGroup@Character@GRAPHICGDI@NMBASE@@QAEPAVGroup@23@PADPAH@Z 100ca150 f   xAniFile.obj
 0002:00065240       ?Load@xAniFile@GRAPHICGDI@NMBASE@@QAEHPAU_iobuf@@@Z 100ca240 f   xAniFile.obj
 0002:000658d0       ?MovAction@Group@GRAPHICGDI@NMBASE@@QAEXHH@Z 100ca8d0 f   xAniFile.obj
 0002:00065a80       ?MovCell@Frame@GRAPHICGDI@NMBASE@@QAEXHH@Z 100caa80 f   xAniFile.obj
 0002:00065c30       ?MovCharacter@xAniFile@GRAPHICGDI@NMBASE@@QAEXHH@Z 100cac30 f   xAniFile.obj
 0002:00065de0       ?MovFrame@Action@GRAPHICGDI@NMBASE@@QAEXHH@Z 100cade0 f   xAniFile.obj
 0002:00065f90       ?MovGroup@Character@GRAPHICGDI@NMBASE@@QAEXHH@Z 100caf90 f   xAniFile.obj
 0002:00066140       ?OnDeleteSpr@xAniFile@GRAPHICGDI@NMBASE@@QAEXH@Z 100cb140 f   xAniFile.obj
 0002:00066400       ?OnMoveSpr@xAniFile@GRAPHICGDI@NMBASE@@QAEXHH@Z 100cb400 f   xAniFile.obj
 0002:00066740       ?Save@xAniFile@GRAPHICGDI@NMBASE@@QAEHPAU_iobuf@@@Z 100cb740 f   xAniFile.obj
 0002:00066c10       ?Set@Action@GRAPHICGDI@NMBASE@@QAEXPAD@Z 100cbc10 f   xAniFile.obj
 0002:00066c80       ?Set@Cell@GRAPHICGDI@NMBASE@@QAEXHHHH@Z 100cbc80 f   xAniFile.obj
 0002:00066cf0       ?Set@Character@GRAPHICGDI@NMBASE@@QAEXPAD@Z 100cbcf0 f   xAniFile.obj
 0002:00066d60       ?Set@Frame@GRAPHICGDI@NMBASE@@QAEXH@Z 100cbd60 f   xAniFile.obj
 0002:00066db0       ?Set@Group@GRAPHICGDI@NMBASE@@QAEXPAD@Z 100cbdb0 f   xAniFile.obj
 0002:00066e20       ??0xAniMan@GRAPHICGDI@NMBASE@@QAE@XZ 100cbe20 f   xAniMan.obj
 0002:00066e80       ??1xAniMan@GRAPHICGDI@NMBASE@@QAE@XZ 100cbe80 f   xAniMan.obj
 0002:00066ec0       ?Clear@xAniMan@GRAPHICGDI@NMBASE@@QAEXXZ 100cbec0 f   xAniMan.obj
 0002:00066ff0       ?GetNowCellInfo@xAniMan@GRAPHICGDI@NMBASE@@QAEHHPAH000@Z 100cbff0 f   xAniMan.obj
 0002:000670e0       ?GetNowCellInfo@xAniMan@GRAPHICGDI@NMBASE@@QAEHPAH000@Z 100cc0e0 f   xAniMan.obj
 0002:000671e0       ?GetNowCellInfo@xAniMan@GRAPHICGDI@NMBASE@@QAEHPAUPLAYSTUFF@23@PAH@Z 100cc1e0 f   xAniMan.obj
 0002:00067370       ?GetNowFrameInfo@xAniMan@GRAPHICGDI@NMBASE@@QAEHHPAH0@Z 100cc370 f   xAniMan.obj
 0002:00067420       ?GetNowFrameInfo@xAniMan@GRAPHICGDI@NMBASE@@QAEHPAH0@Z 100cc420 f   xAniMan.obj
 0002:000674a0       ?GetPlayStuff@xAniMan@GRAPHICGDI@NMBASE@@QAEHPAUPLAYSTUFF@23@PAH@Z 100cc4a0 f   xAniMan.obj
 0002:00067710       ?Init@xAniMan@GRAPHICGDI@NMBASE@@QAEHPAVxAniFile@23@@Z 100cc710 f   xAniMan.obj
 0002:000677c0       ?Init@xAniMan@GRAPHICGDI@NMBASE@@QAEHPAVxSprite@23@@Z 100cc7c0 f   xAniMan.obj
 0002:00067850       ?Pause@xAniMan@GRAPHICGDI@NMBASE@@QAEXXZ 100cc850 f   xAniMan.obj
 0002:000678a0       ?PlayAction@xAniMan@GRAPHICGDI@NMBASE@@QAEHPAVCPage@23@HHHHHG@Z 100cc8a0 f   xAniMan.obj
 0002:00067a10       ?PlayAction@xAniMan@GRAPHICGDI@NMBASE@@QAEHPAVxLayer@23@HHHHG@Z 100cca10 f   xAniMan.obj
 0002:00067b50       ?ResetAction@xAniMan@GRAPHICGDI@NMBASE@@QAEXH@Z 100ccb50 f   xAniMan.obj
 0002:00067be0       ?ResetCell@xAniMan@GRAPHICGDI@NMBASE@@QAEXXZ 100ccbe0 f   xAniMan.obj
 0002:00067c40       ?ResetCharacter@xAniMan@GRAPHICGDI@NMBASE@@QAEXH@Z 100ccc40 f   xAniMan.obj
 0002:00067cc0       ?ResetFrame@xAniMan@GRAPHICGDI@NMBASE@@QAEXH@Z 100cccc0 f   xAniMan.obj
 0002:00067d40       ?ResetGroup@xAniMan@GRAPHICGDI@NMBASE@@QAEXH@Z 100ccd40 f   xAniMan.obj
 0002:00067dc0       ?Resume@xAniMan@GRAPHICGDI@NMBASE@@QAEXXZ 100ccdc0 f   xAniMan.obj
 0002:00067e10       ?SetAction@xAniMan@GRAPHICGDI@NMBASE@@QAEHHH@Z 100cce10 f   xAniMan.obj
 0002:00067ed0       ?SetAction@xAniMan@GRAPHICGDI@NMBASE@@QAEHPADH@Z 100cced0 f   xAniMan.obj
 0002:00067f90       ?SetBackward@xAniMan@GRAPHICGDI@NMBASE@@QAEXXZ 100ccf90 f   xAniMan.obj
 0002:00067fe0       ?SetCell@xAniMan@GRAPHICGDI@NMBASE@@QAEHH@Z 100ccfe0 f   xAniMan.obj
 0002:00068080       ?SetCharacter@xAniMan@GRAPHICGDI@NMBASE@@QAEHHH@Z 100cd080 f   xAniMan.obj
 0002:00068140       ?SetCharacter@xAniMan@GRAPHICGDI@NMBASE@@QAEHPADH@Z 100cd140 f   xAniMan.obj
 0002:00068200       ?SetForward@xAniMan@GRAPHICGDI@NMBASE@@QAEXXZ 100cd200 f   xAniMan.obj
 0002:00068250       ?SetFrame@xAniMan@GRAPHICGDI@NMBASE@@QAEHHH@Z 100cd250 f   xAniMan.obj
 0002:00068320       ?SetGroup@xAniMan@GRAPHICGDI@NMBASE@@QAEHHH@Z 100cd320 f   xAniMan.obj
 0002:000683e0       ?SetGroup@xAniMan@GRAPHICGDI@NMBASE@@QAEHPADH@Z 100cd3e0 f   xAniMan.obj
 0002:000684a0       ?SetLoop@xAniMan@GRAPHICGDI@NMBASE@@QAEXH@Z 100cd4a0 f   xAniMan.obj
 0002:000684f0       ??0xHan@GRAPHICGDI@NMBASE@@QAE@XZ 100cd4f0 f   xHan.obj
 0002:000685d0       ??1xHan@GRAPHICGDI@NMBASE@@QAE@XZ 100cd5d0 f   xHan.obj
 0002:00068660       ?ClearEffect@xHan@GRAPHICGDI@NMBASE@@QAEXXZ 100cd660 f   xHan.obj
 0002:000686b0       ?Destroy@xHan@GRAPHICGDI@NMBASE@@QAEXXZ 100cd6b0 f   xHan.obj
 0002:00068890       ?GetKsIndex@xHan@GRAPHICGDI@NMBASE@@QAEHEE@Z 100cd890 f   xHan.obj
 0002:000688f0       ?Init@xHan@GRAPHICGDI@NMBASE@@QAEHPAGHHK@Z 100cd8f0 f   xHan.obj
 0002:00068b80       ?LoadEngFont@xHan@GRAPHICGDI@NMBASE@@QAEHHPADHH@Z 100cdb80 f   xHan.obj
 0002:00068dc0       ?LoadKorFont@xHan@GRAPHICGDI@NMBASE@@QAEHHPADHH@Z 100cddc0 f   xHan.obj
 0002:00068ff0       ?Pop@xHan@GRAPHICGDI@NMBASE@@QAEXXZ 100cdff0 f   xHan.obj
 0002:00069150       ?Print@xHan@GRAPHICGDI@NMBASE@@QAAXHHPADZZ 100ce150 f   xHan.obj
 0002:00069230       ?Push@xHan@GRAPHICGDI@NMBASE@@QAEXXZ 100ce230 f   xHan.obj
 0002:00069390       ?SetBkColor@xHan@GRAPHICGDI@NMBASE@@QAEXG@Z 100ce390 f   xHan.obj
 0002:000693e0       ?SetEffect@xHan@GRAPHICGDI@NMBASE@@QAEXHH@Z 100ce3e0 f   xHan.obj
 0002:00069510       ?SetFont@xHan@GRAPHICGDI@NMBASE@@QAEXHH@Z 100ce510 f   xHan.obj
 0002:000695b0       ?SetGap@xHan@GRAPHICGDI@NMBASE@@QAEXH@Z 100ce5b0 f   xHan.obj
 0002:00069600       ?SetScreenMode@xHan@GRAPHICGDI@NMBASE@@QAEXPAGHHK@Z 100ce600 f   xHan.obj
 0002:00069670       ?SetTextColor@xHan@GRAPHICGDI@NMBASE@@QAEXG@Z 100ce670 f   xHan.obj
 0002:000696c0       ?SetTrans@xHan@GRAPHICGDI@NMBASE@@QAEXH@Z 100ce6c0 f   xHan.obj
 0002:00069710       ?gap_fill@xHan@GRAPHICGDI@NMBASE@@QAEXHHHHPAGG@Z 100ce710 f   xHan.obj
 0002:000697e0       ?gputs@xHan@GRAPHICGDI@NMBASE@@QAEXHHPAGPAD@Z 100ce7e0 f   xHan.obj
 0002:000698e0       ?htextxy@xHan@GRAPHICGDI@NMBASE@@QAEXHPAG@Z 100ce8e0 f   xHan.obj
 0002:00069c00       ?put_font@xHan@GRAPHICGDI@NMBASE@@QAEXHHHHPADPAGHGHG@Z 100cec00 f   xHan.obj
 0002:0006a090       ?textxy@xHan@GRAPHICGDI@NMBASE@@QAEXDPAG@Z 100cf090 f   xHan.obj
 0002:0006a3b0       _vsprintf                  100cf3b0 f i xHan.obj
 0002:0006a410       ??0CLayerObj@GRAPHICGDI@NMBASE@@QAE@XZ 100cf410 f   xLayer.obj
 0002:0006a460       ??0CLayerPlane@GRAPHICGDI@NMBASE@@QAE@XZ 100cf460 f   xLayer.obj
 0002:0006a4c0       ??0CLayerSprObj@GRAPHICGDI@NMBASE@@QAE@XZ 100cf4c0 f   xLayer.obj
 0002:0006a540       ??0xLayer@GRAPHICGDI@NMBASE@@QAE@XZ 100cf540 f   xLayer.obj
 0002:0006a5a0       ??1xLayer@GRAPHICGDI@NMBASE@@QAE@XZ 100cf5a0 f   xLayer.obj
 0002:0006a630       ?Clear@xLayer@GRAPHICGDI@NMBASE@@QAEXXZ 100cf630 f   xLayer.obj
 0002:0006a710       ?Destroy@xLayer@GRAPHICGDI@NMBASE@@QAEXXZ 100cf710 f   xLayer.obj
 0002:0006a850       ?Draw@CLayerSprObj@GRAPHICGDI@NMBASE@@UAEXPAVCPage@23@@Z 100cf850 f   xLayer.obj
 0002:0006a8e0       ?Draw@xLayer@GRAPHICGDI@NMBASE@@QAEXH@Z 100cf8e0 f   xLayer.obj
 0002:0006a9d0       ?Init@xLayer@GRAPHICGDI@NMBASE@@QAEHPAVCPage@23@HH@Z 100cf9d0 f   xLayer.obj
 0002:0006ab30       ?Set@xLayer@GRAPHICGDI@NMBASE@@QAEXHHHHPAUSPRITE30@23@KHG@Z 100cfb30 f   xLayer.obj
 0002:0006ac00       ?Set@xLayer@GRAPHICGDI@NMBASE@@QAEXHHHHPAVxSprite@23@HKHG@Z 100cfc00 f   xLayer.obj
 0002:0006ad00       ?Set@xLayer@GRAPHICGDI@NMBASE@@QAEXHHHPAUSPRITE30@23@KHG@Z 100cfd00 f   xLayer.obj
 0002:0006adb0       ?Set@xLayer@GRAPHICGDI@NMBASE@@QAEXHHPAUSPRITE30@23@KHG@Z 100cfdb0 f   xLayer.obj
 0002:0006ae90       ?Set@xLayer@GRAPHICGDI@NMBASE@@QAEXHHPAVxSprite@23@HKHG@Z 100cfe90 f   xLayer.obj
 0002:0006afb0       ?SetObject@CLayerPlane@GRAPHICGDI@NMBASE@@QAEXHHPAUSPRITE30@23@KHG@Z 100cffb0 f   xLayer.obj
 0002:0006b140       ??0MSceneData@GRAPHICGDI@NMBASE@@QAE@XZ 100d0140 f   xMultiScene.obj
 0002:0006b1e0       ??0TrackData@GRAPHICGDI@NMBASE@@QAE@XZ 100d01e0 f   xMultiScene.obj
 0002:0006b240       ??0xMultiScene@GRAPHICGDI@NMBASE@@QAE@XZ 100d0240 f   xMultiScene.obj
 0002:0006b2d0       ??1MSceneData@GRAPHICGDI@NMBASE@@QAE@XZ 100d02d0 f   xMultiScene.obj
 0002:0006b360       ??1TrackData@GRAPHICGDI@NMBASE@@QAE@XZ 100d0360 f   xMultiScene.obj
 0002:0006b3f0       ??1xMultiScene@GRAPHICGDI@NMBASE@@QAE@XZ 100d03f0 f   xMultiScene.obj
 0002:0006b480       ??_GMSceneData@GRAPHICGDI@NMBASE@@QAEPAXI@Z 100d0480 f i xMultiScene.obj
 0002:0006b4f0       ??_GTrackData@GRAPHICGDI@NMBASE@@QAEPAXI@Z 100d04f0 f i xMultiScene.obj
 0002:0006b560       ?AddCpi_Clipbox@TrackData@GRAPHICGDI@NMBASE@@QAEHPAUCPI_CLIPBOX@23@@Z 100d0560 f   xMultiScene.obj
 0002:0006b840       ?AddCpi_Scene@TrackData@GRAPHICGDI@NMBASE@@QAEHPAUCPI_SCENE@23@@Z 100d0840 f   xMultiScene.obj
 0002:0006bb20       ?AddEmptyTrack@MSceneData@GRAPHICGDI@NMBASE@@QAEHXZ 100d0b20 f   xMultiScene.obj
 0002:0006bd10       ?AddMScene@xMultiScene@GRAPHICGDI@NMBASE@@QAEHPAD@Z 100d0d10 f   xMultiScene.obj
 0002:0006bf00       ?AddTrack@MSceneData@GRAPHICGDI@NMBASE@@QAEHPAVTrackData@23@@Z 100d0f00 f   xMultiScene.obj
 0002:0006c100       ?ClearMember@TrackData@GRAPHICGDI@NMBASE@@QAEXXZ 100d1100 f   xMultiScene.obj
 0002:0006c1d0       ?CopyFrom@TrackData@GRAPHICGDI@NMBASE@@QAEXPAV123@@Z 100d11d0 f   xMultiScene.obj
 0002:0006c2e0       ?CopyTracks@MSceneData@GRAPHICGDI@NMBASE@@QAEHHPAHH@Z 100d12e0 f   xMultiScene.obj
 0002:0006c5c0       ?DelCpi_Clipbox@TrackData@GRAPHICGDI@NMBASE@@QAEHKK@Z 100d15c0 f   xMultiScene.obj
[...]
 0003:0000d642       $N00035                    10142642     nmgraphicgdi_d.exp
 0003:0000d665       $N00036                    10142665     nmgraphicgdi_d.exp
 0003:0000d69e       $N00037                    1014269e     nmgraphicgdi_d.exp
 0003:0000d6da       $N00038                    101426da     nmgraphicgdi_d.exp
 0003:0000d720       $N00039                    10142720     nmgraphicgdi_d.exp
 0003:0000d762       $N00040                    10142762     nmgraphicgdi_d.exp
 0003:0000d796       $N00041                    10142796     nmgraphicgdi_d.exp
 0003:0000d7c5       $N00042                    101427c5     nmgraphicgdi_d.exp
 0003:0000d803       $N00043                    10142803     nmgraphicgdi_d.exp
 0003:0000d837       $N00044                    10142837     nmgraphicgdi_d.exp
 0003:0000d865       $N00045                    10142865     nmgraphicgdi_d.exp
 0003:0000d8a4       $N00046                    101428a4     nmgraphicgdi_d.exp
 0003:0000d8d2       $N00047                    101428d2     nmgraphicgdi_d.exp
 0003:0000d906       $N00048                    10142906     nmgraphicgdi_d.exp
 0003:0000d941       $N00049                    10142941     nmgraphicgdi_d.exp
 0003:0000d97c       $N00050                    1014297c     nmgraphicgdi_d.exp
 0003:0000d9b2       $N00051                    101429b2     nmgraphicgdi_d.exp
 0003:0000d9de       $N00052                    101429de     nmgraphicgdi_d.exp
 0003:0000da0e       $N00053                    10142a0e     nmgraphicgdi_d.exp
 0003:0000da3f       $N00054                    10142a3f     nmgraphicgdi_d.exp
 0003:0000da73       $N00055                    10142a73     nmgraphicgdi_d.exp
 0003:0000daa0       $N00056                    10142aa0     nmgraphicgdi_d.exp
 0003:0000dad4       $N00057                    10142ad4     nmgraphicgdi_d.exp
 0003:0000db09       $N00058                    10142b09     nmgraphicgdi_d.exp
 0003:0000db3d       $N00059                    10142b3d     nmgraphicgdi_d.exp
 0003:0000db72       $N00060                    10142b72     nmgraphicgdi_d.exp
 0003:0000dba7       $N00061                    10142ba7     nmgraphicgdi_d.exp
 0003:0000dbdd       $N00062                    10142bdd     nmgraphicgdi_d.exp
 0003:0000dc0c       $N00063                    10142c0c     nmgraphicgdi_d.exp
 0003:0000dc3a       $N00064                    10142c3a     nmgraphicgdi_d.exp
 0003:0000dc70       $N00065                    10142c70     nmgraphicgdi_d.exp
 0003:0000dca4       $N00066                    10142ca4     nmgraphicgdi_d.exp
 0003:0000dcd3       $N00067                    10142cd3     nmgraphicgdi_d.exp
 0003:0000dd05       $N00068                    10142d05     nmgraphicgdi_d.exp
 0003:0000dd31       $N00069                    10142d31     nmgraphicgdi_d.exp
 0003:0000dd61       $N00070                    10142d61     nmgraphicgdi_d.exp
 0003:0000dd94       $N00071                    10142d94     nmgraphicgdi_d.exp
 0003:0000ddbd       $N00072                    10142dbd     nmgraphicgdi_d.exp
 0003:0000dde9       $N00073                    10142de9     nmgraphicgdi_d.exp
 0003:0000de16       $N00074                    10142e16     nmgraphicgdi_d.exp
 0003:0000de44       $N00075                    10142e44     nmgraphicgdi_d.exp
 0003:0000de71       $N00076                    10142e71     nmgraphicgdi_d.exp
 0003:0000de9e       $N00077                    10142e9e     nmgraphicgdi_d.exp
 0003:0000dec6       $N00078                    10142ec6     nmgraphicgdi_d.exp
 0003:0000def5       $N00079                    10142ef5     nmgraphicgdi_d.exp
 0003:0000df1f       $N00080                    10142f1f     nmgraphicgdi_d.exp
 0003:0000df47       $N00081                    10142f47     nmgraphicgdi_d.exp
 0003:0000df7b       $N00082                    10142f7b     nmgraphicgdi_d.exp
 0003:0000dfad       $N00083                    10142fad     nmgraphicgdi_d.exp
 0003:0000dfe2       $N00084                    10142fe2     nmgraphicgdi_d.exp
 0003:0000e02a       $N00085                    1014302a     nmgraphicgdi_d.exp
 0003:0000e059       $N00086                    10143059     nmgraphicgdi_d.exp
 0003:0000e08b       $N00087                    1014308b     nmgraphicgdi_d.exp
 0003:0000e0bc       $N00088                    101430bc     nmgraphicgdi_d.exp
 0003:0000e102       $N00089                    10143102     nmgraphicgdi_d.exp
 0003:0000e138       $N00090                    10143138     nmgraphicgdi_d.exp
 0003:0000e179       $N00091                    10143179     nmgraphicgdi_d.exp
 0003:0000e1ae       $N00092                    101431ae     nmgraphicgdi_d.exp
 0003:0000e1df       $N00093                    101431df     nmgraphicgdi_d.exp
 0003:0000e215       $N00094                    10143215     nmgraphicgdi_d.exp
 0003:0000e245       $N00095                    10143245     nmgraphicgdi_d.exp
 0003:0000e276       $N00096                    10143276     nmgraphicgdi_d.exp
 0003:0000e2ae       $N00097                    101432ae     nmgraphicgdi_d.exp
 0003:0000e2e7       $N00098                    101432e7     nmgraphicgdi_d.exp
 0003:0000e324       $N00099                    10143324     nmgraphicgdi_d.exp
 0003:0000e362       $N00100                    10143362     nmgraphicgdi_d.exp
 0003:0000e3a5       $N00101                    101433a5     nmgraphicgdi_d.exp
 0003:0000e3e8       $N00102                    101433e8     nmgraphicgdi_d.exp
 0003:0000e446       $N00103                    10143446     nmgraphicgdi_d.exp
 0003:0000e4b4       $N00104                    101434b4     nmgraphicgdi_d.exp
 0003:0000e4ea       $N00105                    101434ea     nmgraphicgdi_d.exp
 0003:0000e528       $N00106                    10143528     nmgraphicgdi_d.exp
 0003:0000e567       $N00107                    10143567     nmgraphicgdi_d.exp
 0003:0000e59e       $N00108                    1014359e     nmgraphicgdi_d.exp
 0003:0000e5d4       $N00109                    101435d4     nmgraphicgdi_d.exp
 0003:0000e620       $N00110                    10143620     nmgraphicgdi_d.exp
 0003:0000e669       $N00111                    10143669     nmgraphicgdi_d.exp
 0003:0000e6b1       $N00112                    101436b1     nmgraphicgdi_d.exp
 0003:0000e6de       $N00113                    101436de     nmgraphicgdi_d.exp
 0003:0000e743       $N00114                    10143743     nmgraphicgdi_d.exp
 0003:0000e779       $N00115                    10143779     nmgraphicgdi_d.exp
 0003:0000e7bd       $N00116                    101437bd     nmgraphicgdi_d.exp
 0003:0000e806       $N00117                    10143806     nmgraphicgdi_d.exp
 0003:0000e838       $N00118                    10143838     nmgraphicgdi_d.exp
 0003:0000e877       $N00119                    10143877     nmgraphicgdi_d.exp
 0003:0000e8b8       $N00120                    101438b8     nmgraphicgdi_d.exp
 0003:0000e8fa       $N00121                    101438fa     nmgraphicgdi_d.exp
 0003:0000e921       $N00122                    10143921     nmgraphicgdi_d.exp
 0003:0000e950       $N00123                    10143950     nmgraphicgdi_d.exp
 0003:0000e985       $N00124                    10143985     nmgraphicgdi_d.exp
 0003:0000e9c2       $N00125                    101439c2     nmgraphicgdi_d.exp
 0003:0000ea04       $N00126                    10143a04     nmgraphicgdi_d.exp
 0003:0000ea42       $N00127                    10143a42     nmgraphicgdi_d.exp
 0003:0000ea72       $N00128                    10143a72     nmgraphicgdi_d.exp
 0003:0000eaa1       $N00129                    10143aa1     nmgraphicgdi_d.exp
 0003:0000eae4       $N00130                    10143ae4     nmgraphicgdi_d.exp
 0003:0000eb10       $N00131                    10143b10     nmgraphicgdi_d.exp
 0003:0000eb4b       $N00132                    10143b4b     nmgraphicgdi_d.exp
 0003:0000eb76       $N00133                    10143b76     nmgraphicgdi_d.exp
 0003:0000ebb7       $N00134                    10143bb7     nmgraphicgdi_d.exp
 0003:0000ebe9       $N00135                    10143be9     nmgraphicgdi_d.exp
 0003:0000ec21       $N00136                    10143c21     nmgraphicgdi_d.exp
 0003:0000ec54       $N00137                    10143c54     nmgraphicgdi_d.exp
 0003:0000ec8a       $N00138                    10143c8a     nmgraphicgdi_d.exp
 0003:0000ecbf       $N00139                    10143cbf     nmgraphicgdi_d.exp
 0003:0000ecee       $N00140                    10143cee     nmgraphicgdi_d.exp
 0003:0000ed25       $N00141                    10143d25     nmgraphicgdi_d.exp
 0003:0000ed57       $N00142                    10143d57     nmgraphicgdi_d.exp
 0003:0000ed82       $N00143                    10143d82     nmgraphicgdi_d.exp
 0003:0000edae       $N00144                    10143dae     nmgraphicgdi_d.exp
 0003:0000ede0       $N00145                    10143de0     nmgraphicgdi_d.exp
 0003:0000ee12       $N00146                    10143e12     nmgraphicgdi_d.exp
 0003:0000ee47       $N00147                    10143e47     nmgraphicgdi_d.exp
 0003:0000ee8d       $N00148                    10143e8d     nmgraphicgdi_d.exp
 0003:0000eecb       $N00149                    10143ecb     nmgraphicgdi_d.exp
 0003:0000eefa       $N00150                    10143efa     nmgraphicgdi_d.exp
 0003:0000ef2d       $N00151                    10143f2d     nmgraphicgdi_d.exp
 0003:0000ef5d       $N00152                    10143f5d     nmgraphicgdi_d.exp
 0003:0000ef91       $N00153                    10143f91     nmgraphicgdi_d.exp
 0003:0000efc4       $N00154                    10143fc4     nmgraphicgdi_d.exp
 0003:0000eff1       $N00155                    10143ff1     nmgraphicgdi_d.exp
 0003:0000f022       $N00156                    10144022     nmgraphicgdi_d.exp
 0003:0000f057       $N00157                    10144057     nmgraphicgdi_d.exp
 0003:0000f08a       $N00158                    1014408a     nmgraphicgdi_d.exp
 0003:0000f0c0       $N00159                    101440c0     nmgraphicgdi_d.exp
 0003:0000f0ef       $N00160                    101440ef     nmgraphicgdi_d.exp
 0003:0000f124       $N00161                    10144124     nmgraphicgdi_d.exp
 0003:0000f152       $N00162                    10144152     nmgraphicgdi_d.exp
 0003:0000f17e       $N00163                    1014417e     nmgraphicgdi_d.exp
 0003:0000f1b0       $N00164                    101441b0     nmgraphicgdi_d.exp
 0003:0000f1d4       $N00165                    101441d4     nmgraphicgdi_d.exp
 0003:0000f1ff       $N00166                    101441ff     nmgraphicgdi_d.exp
 0003:0000f224       $N00167                    10144224     nmgraphicgdi_d.exp
 0003:0000f254       $N00168                    10144254     nmgraphicgdi_d.exp
 0003:0000f28b       $N00169                    1014428b     nmgraphicgdi_d.exp
 0003:0000f2cf       $N00170                    101442cf     nmgraphicgdi_d.exp
 0003:0000f311       $N00171                    10144311     nmgraphicgdi_d.exp
 0003:0000f353       $N00172                    10144353     nmgraphicgdi_d.exp
 0003:0000f393       $N00173                    10144393     nmgraphicgdi_d.exp
 0003:0000f3d2       $N00174                    101443d2     nmgraphicgdi_d.exp
 0003:0000f40a       $N00175                    1014440a     nmgraphicgdi_d.exp
 0003:0000f44b       $N00176                    1014444b     nmgraphicgdi_d.exp
 0003:0000f48b       $N00177                    1014448b     nmgraphicgdi_d.exp
 0003:0000f4d6       $N00178                    101444d6     nmgraphicgdi_d.exp
 0003:0000f51f       $N00179                    1014451f     nmgraphicgdi_d.exp
 0003:0000f571       $N00180                    10144571     nmgraphicgdi_d.exp
 0003:0000f5c1       $N00181                    101445c1     nmgraphicgdi_d.exp
 0003:0000f5ed       $N00182                    101445ed     nmgraphicgdi_d.exp
 0003:0000f619       $N00183                    10144619     nmgraphicgdi_d.exp
 0003:0000f64d       $N00184                    1014464d     nmgraphicgdi_d.exp
 0003:0000f682       $N00185                    10144682     nmgraphicgdi_d.exp
 0003:0000f6b3       $N00186                    101446b3     nmgraphicgdi_d.exp
 0003:0000f6f4       $N00187                    101446f4     nmgraphicgdi_d.exp
 0003:0000f71e       $N00188                    1014471e     nmgraphicgdi_d.exp
 0003:0000f768       $N00189                    10144768     nmgraphicgdi_d.exp
 0003:0000f7aa       $N00190                    101447aa     nmgraphicgdi_d.exp
 0003:0000f7f4       $N00191                    101447f4     nmgraphicgdi_d.exp
 0003:0000f82b       $N00192                    1014482b     nmgraphicgdi_d.exp
 0003:0000f85d       $N00193                    1014485d     nmgraphicgdi_d.exp
 0003:0000f88e       $N00194                    1014488e     nmgraphicgdi_d.exp
 0003:0000f8be       $N00195                    101448be     nmgraphicgdi_d.exp
 0003:0000f8f4       $N00196                    101448f4     nmgraphicgdi_d.exp
 0003:0000f927       $N00197                    10144927     nmgraphicgdi_d.exp
 0003:0000f95b       $N00198                    1014495b     nmgraphicgdi_d.exp
 0003:0000f985       $N00199                    10144985     nmgraphicgdi_d.exp
 0003:0000f9b2       $N00200                    101449b2     nmgraphicgdi_d.exp
 0003:0000f9de       $N00201                    101449de     nmgraphicgdi_d.exp
 0003:0000fa1f       $N00202                    10144a1f     nmgraphicgdi_d.exp
 0003:0000fa4b       $N00203                    10144a4b     nmgraphicgdi_d.exp
 0003:0000fa81       $N00204                    10144a81     nmgraphicgdi_d.exp
 0003:0000fab9       $N00205                    10144ab9     nmgraphicgdi_d.exp
 0003:0000fae5       $N00206                    10144ae5     nmgraphicgdi_d.exp
 0003:0000fb14       $N00207                    10144b14     nmgraphicgdi_d.exp
 0003:0000fb3e       $N00208                    10144b3e     nmgraphicgdi_d.exp
 0003:0000fb66       $N00209                    10144b66     nmgraphicgdi_d.exp
 0003:0000fba3       $N00210                    10144ba3     nmgraphicgdi_d.exp
 0003:0000fbd0       $N00211                    10144bd0     nmgraphicgdi_d.exp
 0003:0000fc07       $N00212                    10144c07     nmgraphicgdi_d.exp
 0003:0000fc44       $N00213                    10144c44     nmgraphicgdi_d.exp
 0003:0000fc88       $N00214                    10144c88     nmgraphicgdi_d.exp
 0003:0000fcbc       $N00215                    10144cbc     nmgraphicgdi_d.exp
 0003:0000fced       $N00216                    10144ced     nmgraphicgdi_d.exp
 0003:0000fd1b       $N00217                    10144d1b     nmgraphicgdi_d.exp
 0003:0000fd45       $N00218                    10144d45     nmgraphicgdi_d.exp
 0003:0000fd8a       $N00219                    10144d8a     nmgraphicgdi_d.exp
 0003:0000fdbb       $N00220                    10144dbb     nmgraphicgdi_d.exp
 0003:0000fdef       $N00221                    10144def     nmgraphicgdi_d.exp
 0003:0000fe29       $N00222                    10144e29     nmgraphicgdi_d.exp
 0003:0000fe5b       $N00223                    10144e5b     nmgraphicgdi_d.exp
 0003:0000fe9a       $N00224                    10144e9a     nmgraphicgdi_d.exp
 0003:0000fed5       $N00225                    10144ed5     nmgraphicgdi_d.exp
 0003:0000ff0e       $N00226                    10144f0e     nmgraphicgdi_d.exp
 0003:0000ff3a       $N00227                    10144f3a     nmgraphicgdi_d.exp
 0003:0000ff70       $N00228                    10144f70     nmgraphicgdi_d.exp
 0003:0000ffb3       $N00229                    10144fb3     nmgraphicgdi_d.exp
 0003:0000fff5       $N00230                    10144ff5     nmgraphicgdi_d.exp
 0003:00010030       $N00231                    10145030     nmgraphicgdi_d.exp
 0003:00010074       $N00232                    10145074     nmgraphicgdi_d.exp
 0003:000100b7       $N00233                    101450b7     nmgraphicgdi_d.exp
 0003:000100e7       $N00234                    101450e7     nmgraphicgdi_d.exp
 0003:00010118       $N00235                    10145118     nmgraphicgdi_d.exp
 0003:00010146       $N00236                    10145146     nmgraphicgdi_d.exp
 0003:00010172       $N00237                    10145172     nmgraphicgdi_d.exp
 0003:000101a9       $N00238                    101451a9     nmgraphicgdi_d.exp
 0004:000004e4       ?NMGraphicGDIDLL@@3UAFX_EXTENSION_MODULE@@A 101464e4     dllmain.obj
 0004:00002d18       ?TargetPixelFormat@GRAPHICGDI@NMBASE@@3U_PixelFormat@12@A 10148d18     Dither.obj
 0004:0000e438       ?g_bInitedAlphaTable@GRAPHICGDI@NMBASE@@3HA 10154438     GraphMod.obj
 0004:000108d8       ?pAlpha@GRAPHICGDI@NMBASE@@3PAEA 101568d8     GraphMod8.obj
 0004:000108f0       ?dwLastCapture@?1??ScreenCapture@GRAPHICGDI@NMBASE@@YAHPAUHWND__@@PBD@Z@4KA 101568f0     ScreenCapture.obj
 0004:000108f4       ?$TSS0@?1??ScreenCapture@GRAPHICGDI@NMBASE@@YAHPAUHWND__@@PBD@Z@4HA 101568f4     ScreenCapture.obj
 0004:000111b8       ?k@?N@??Make16bitFromJpeg@xSprite@GRAPHICGDI@NMBASE@@SAPAGPAU_iobuf@@PAH1H@Z@4DA 101571b8     xSprite.obj
 0004:000111fc       ?is_initialized_as_dll@@3_NA 101571fc     msvcrtd:utility.obj
 0004:000111fd       ?module_local_atexit_table_initialized@@3_NA 101571fd     msvcrtd:utility.obj
 0004:00011200       ?module_local_atexit_table@@3U_onexit_table_t@@A 10157200     msvcrtd:utility.obj
 0004:0001120c       ?module_local_at_quick_exit_table@@3U_onexit_table_t@@A 1015720c     msvcrtd:utility.obj
 0004:00011220       ?_Tss_mutex@@3U_RTL_CRITICAL_SECTION@@A 10157220     msvcrtd:thread_safe_statics.obj
 0004:00011238       ?_Tss_cv@@3U_RTL_CONDITION_VARIABLE@@A 10157238     msvcrtd:thread_safe_statics.obj
 0004:0001123c       ?_Tss_event@@3PAXA         1015723c     msvcrtd:thread_safe_statics.obj
 0004:00011240       ?encoded_sleep_condition_variable_cs@@3P6GHPAU_RTL_CONDITION_VARIABLE@@PAU_RTL_CRITICAL_SECTION@@K@ZA 10157240     msvcrtd:thread_safe_statics.obj
 0004:00011244       ?encoded_wake_all_condition_variable@@3P6GXPAU_RTL_CONDITION_VARIABLE@@@ZA 10157244     msvcrtd:thread_safe_statics.obj
 0004:00011250       ?init@?1??_RTC_InitBase@@9@4_NA 10157250     msvcrtd:init.obj
 0004:00011258       ?__proc_attached@@3HA      10157258     msvcrtd:dll_dllmain.obj
 0004:00011260       _GS_ExceptionRecord        10157260     msvcrtd:gs_report.obj
 0004:000112b0       _GS_ContextRecord          101572b0     msvcrtd:gs_report.obj
 0004:0001162c       ?_RTC_ErrorReportFunc@@3P6AHHPBDH00ZZA 1015762c     msvcrtd:userapi.obj
 0004:00011630       ?_RTC_ErrorReportFuncW@@3P6AHHPB_WH00ZZA 10157630     msvcrtd:userapi.obj
 0004:00011638       ?mspdb@@3PAUHINSTANCE__@@A 10157638     msvcrtd:pdblkup.obj
 0004:0001163c       ?alreadyTried@?1??GetPdbDll@@YAPAUHINSTANCE__@@XZ@4_NA 1015763c     msvcrtd:pdblkup.obj
 0004:0001163d       ?PDBOK@?1??_RTC_GetSrcLine@@YAHPAEPA_WKPAH1K@Z@4_NA 1015763d     msvcrtd:pdblkup.obj
 0005:00000a76       .idata$6                   10158a76     winmm:WINMM.dll
 0005:00000a94       .idata$6                   10158a94     ddraw:DDRAW.dll
 0005:00000a9e       .idata$6                   10158a9e     mfc140d:mfc140d.dll
 0005:00000dd8       .idata$6                   10158dd8     kernel32:KERNEL32.dll
 0005:00000e4e       .idata$6                   10158e4e     user32:USER32.dll
 0005:00000f08       .idata$6                   10158f08     gdi32:GDI32.dll
 0005:00000f2c       .idata$6                   10158f2c     shell32:SHELL32.dll
 0005:00000f38       .idata$6                   10158f38     oleaut32:OLEAUT32.dll
 0005:00000f9a       .idata$6                   10158f9a     msvcprtd:MSVCP140D.dll
 0005:00001086       .idata$6                   10159086     vcruntimed:VCRUNTIME140D.dll
 0005:000013fe       .idata$6                   101593fe     ucrtd:ucrtbased.dll
 0008:000001c0       $R000000                   1015c1c0     NMGraphicGDI.res
 0008:000004c8       $R000308                   1015c4c8     NMGraphicGDI.res
